Archive member included to satisfy reference by file (symbol)

/usr/lib/gcc/arm-none-eabi/14.1.0/../../../../arm-none-eabi/lib/libc.a(libc_a-atexit.o)
                              /usr/lib/gcc/arm-none-eabi/14.1.0/../../../../arm-none-eabi/lib/crt0.o (atexit)
/usr/lib/gcc/arm-none-eabi/14.1.0/../../../../arm-none-eabi/lib/libc.a(libc_a-exit.o)
                              /usr/lib/gcc/arm-none-eabi/14.1.0/../../../../arm-none-eabi/lib/crt0.o (exit)
/usr/lib/gcc/arm-none-eabi/14.1.0/../../../../arm-none-eabi/lib/libc.a(libc_a-findfp.o)
                              /usr/lib/gcc/arm-none-eabi/14.1.0/../../../../arm-none-eabi/lib/libc.a(libc_a-exit.o) (__stdio_exit_handler)
/usr/lib/gcc/arm-none-eabi/14.1.0/../../../../arm-none-eabi/lib/libc.a(libc_a-fwalk.o)
                              /usr/lib/gcc/arm-none-eabi/14.1.0/../../../../arm-none-eabi/lib/libc.a(libc_a-findfp.o) (_fwalk_sglue)
/usr/lib/gcc/arm-none-eabi/14.1.0/../../../../arm-none-eabi/lib/libc.a(libc_a-stdio.o)
                              /usr/lib/gcc/arm-none-eabi/14.1.0/../../../../arm-none-eabi/lib/libc.a(libc_a-findfp.o) (__sread)
/usr/lib/gcc/arm-none-eabi/14.1.0/../../../../arm-none-eabi/lib/libc.a(libc_a-memset.o)
                              /usr/lib/gcc/arm-none-eabi/14.1.0/../../../../arm-none-eabi/lib/crt0.o (memset)
/usr/lib/gcc/arm-none-eabi/14.1.0/../../../../arm-none-eabi/lib/libc.a(libc_a-closer.o)
                              /usr/lib/gcc/arm-none-eabi/14.1.0/../../../../arm-none-eabi/lib/libc.a(libc_a-stdio.o) (_close_r)
/usr/lib/gcc/arm-none-eabi/14.1.0/../../../../arm-none-eabi/lib/libc.a(libc_a-reent.o)
                              /usr/lib/gcc/arm-none-eabi/14.1.0/../../../../arm-none-eabi/lib/libc.a(libc_a-closer.o) (errno)
/usr/lib/gcc/arm-none-eabi/14.1.0/../../../../arm-none-eabi/lib/libc.a(libc_a-impure.o)
                              /usr/lib/gcc/arm-none-eabi/14.1.0/../../../../arm-none-eabi/lib/libc.a(libc_a-reent.o) (_impure_ptr)
/usr/lib/gcc/arm-none-eabi/14.1.0/../../../../arm-none-eabi/lib/libc.a(libc_a-lseekr.o)
                              /usr/lib/gcc/arm-none-eabi/14.1.0/../../../../arm-none-eabi/lib/libc.a(libc_a-stdio.o) (_lseek_r)
/usr/lib/gcc/arm-none-eabi/14.1.0/../../../../arm-none-eabi/lib/libc.a(libc_a-readr.o)
                              /usr/lib/gcc/arm-none-eabi/14.1.0/../../../../arm-none-eabi/lib/libc.a(libc_a-stdio.o) (_read_r)
/usr/lib/gcc/arm-none-eabi/14.1.0/../../../../arm-none-eabi/lib/libc.a(libc_a-writer.o)
                              /usr/lib/gcc/arm-none-eabi/14.1.0/../../../../arm-none-eabi/lib/libc.a(libc_a-stdio.o) (_write_r)
/usr/lib/gcc/arm-none-eabi/14.1.0/../../../../arm-none-eabi/lib/libc.a(libc_a-init.o)
                              /usr/lib/gcc/arm-none-eabi/14.1.0/../../../../arm-none-eabi/lib/crt0.o (__libc_init_array)
/usr/lib/gcc/arm-none-eabi/14.1.0/../../../../arm-none-eabi/lib/libc.a(libc_a-fini.o)
                              /usr/lib/gcc/arm-none-eabi/14.1.0/../../../../arm-none-eabi/lib/crt0.o (__libc_fini_array)
/usr/lib/gcc/arm-none-eabi/14.1.0/../../../../arm-none-eabi/lib/libc.a(libc_a-lock.o)
                              /usr/lib/gcc/arm-none-eabi/14.1.0/../../../../arm-none-eabi/lib/libc.a(libc_a-findfp.o) (__retarget_lock_init_recursive)
/usr/lib/gcc/arm-none-eabi/14.1.0/../../../../arm-none-eabi/lib/libc.a(libc_a-__atexit.o)
                              /usr/lib/gcc/arm-none-eabi/14.1.0/../../../../arm-none-eabi/lib/libc.a(libc_a-atexit.o) (__register_exitproc)
/usr/lib/gcc/arm-none-eabi/14.1.0/../../../../arm-none-eabi/lib/libc.a(libc_a-__call_atexit.o)
                              /usr/lib/gcc/arm-none-eabi/14.1.0/../../../../arm-none-eabi/lib/libc.a(libc_a-exit.o) (__call_exitprocs)
/usr/lib/gcc/arm-none-eabi/14.1.0/../../../../arm-none-eabi/lib/libc.a(libc_a-freer.o)
                              /usr/lib/gcc/arm-none-eabi/14.1.0/../../../../arm-none-eabi/lib/libc.a(libc_a-reent.o) (_free_r)
/usr/lib/gcc/arm-none-eabi/14.1.0/../../../../arm-none-eabi/lib/libc.a(libc_a-mallocr.o)
                              /usr/lib/gcc/arm-none-eabi/14.1.0/../../../../arm-none-eabi/lib/libc.a(libc_a-findfp.o) (_malloc_r)
/usr/lib/gcc/arm-none-eabi/14.1.0/../../../../arm-none-eabi/lib/libc.a(libc_a-mlock.o)
                              /usr/lib/gcc/arm-none-eabi/14.1.0/../../../../arm-none-eabi/lib/libc.a(libc_a-freer.o) (__malloc_lock)
/usr/lib/gcc/arm-none-eabi/14.1.0/../../../../arm-none-eabi/lib/libc.a(libc_a-fclose.o)
                              /usr/lib/gcc/arm-none-eabi/14.1.0/../../../../arm-none-eabi/lib/libc.a(libc_a-findfp.o) (_fclose_r)
/usr/lib/gcc/arm-none-eabi/14.1.0/../../../../arm-none-eabi/lib/libc.a(libc_a-fflush.o)
                              /usr/lib/gcc/arm-none-eabi/14.1.0/../../../../arm-none-eabi/lib/libc.a(libc_a-fclose.o) (__sflush_r)
/usr/lib/gcc/arm-none-eabi/14.1.0/../../../../arm-none-eabi/lib/libc.a(libc_a-sbrkr.o)
[...]
Memory Configuration

Name             Origin             Length             Attributes
FLASH            0x08000000         0x00010000         xr
RAM              0x20000000         0x00005000         xrw
MEMORY_B1        0x60000000         0x00000000         xr
*default*        0x00000000         0xffffffff

Linker script and memory map

LOAD /usr/lib/gcc/arm-none-eabi/14.1.0/crti.o
LOAD /usr/lib/gcc/arm-none-eabi/14.1.0/crtbegin.o
LOAD /usr/lib/gcc/arm-none-eabi/14.1.0/../../../../arm-none-eabi/lib/crt0.o
LOAD build/obj/main.o
LOAD build/obj/stm32f10x_it.o
LOAD build/obj/system_stm32f10x.o
LOAD build/obj/misc.o
LOAD build/obj/stm32f10x_adc.o
LOAD build/obj/stm32f10x_bkp.o
LOAD build/obj/stm32f10x_can.o
LOAD build/obj/stm32f10x_cec.o
LOAD build/obj/stm32f10x_crc.o
LOAD build/obj/stm32f10x_dac.o
LOAD build/obj/stm32f10x_dbgmcu.o
LOAD build/obj/stm32f10x_dma.o
LOAD build/obj/stm32f10x_exti.o
LOAD build/obj/stm32f10x_flash.o
LOAD build/obj/stm32f10x_fsmc.o
LOAD build/obj/stm32f10x_gpio.o
LOAD build/obj/stm32f10x_i2c.o
LOAD build/obj/stm32f10x_iwdg.o
LOAD build/obj/stm32f10x_pwr.o
LOAD build/obj/stm32f10x_rcc.o
LOAD build/obj/stm32f10x_rtc.o
LOAD build/obj/stm32f10x_sdio.o
LOAD build/obj/stm32f10x_spi.o
LOAD build/obj/stm32f10x_tim.o
LOAD build/obj/stm32f10x_usart.o
LOAD build/obj/stm32f10x_wwdg.o
LOAD build/obj/Delay.o
LOAD build/obj/OLED.o
LOAD build/obj/Serialaa.o
LOAD build/obj/key.o
LOAD build/obj/startup_stm32f10x_md.o
LOAD /usr/lib/gcc/arm-none-eabi/14.1.0/../../../../arm-none-eabi/lib/libc.a
LOAD /usr/lib/gcc/arm-none-eabi/14.1.0/../../../../arm-none-eabi/lib/libm.a
LOAD /usr/lib/gcc/arm-none-eabi/14.1.0/libgcc.a
START GROUP
LOAD /usr/lib/gcc/arm-none-eabi/14.1.0/libgcc.a
LOAD /usr/lib/gcc/arm-none-eabi/14.1.0/../../../../arm-none-eabi/lib/libc.a
END GROUP
LOAD /usr/lib/gcc/arm-none-eabi/14.1.0/crtend.o
LOAD /usr/lib/gcc/arm-none-eabi/14.1.0/crtn.o
                0x20002000                        _estack = 0x20002000
                0x00000000                        _Min_Heap_Size = 0x0
                0x00000100                        _Min_Stack_Size = 0x100

.isr_vector     0x08000000      0x10c
                0x08000000                        . = ALIGN (0x4)
 *(.isr_vector)
 .isr_vector    0x08000000      0x10c build/obj/startup_stm32f10x_md.o
                0x08000000                g_pfnVectors
                0x0800010c                        . = ALIGN (0x4)

.text           0x0800010c     0x1f30
                0x0800010c                        . = ALIGN (0x4)
 *(.text)
 *(.text*)
 .text.__do_global_dtors_aux
                0x0800010c       0x40 /usr/lib/gcc/arm-none-eabi/14.1.0/crtbegin.o
 .text.frame_dummy
                0x0800014c       0x30 /usr/lib/gcc/arm-none-eabi/14.1.0/crtbegin.o
 .text.hasChanged
                0x0800017c       0x40 build/obj/main.o
                0x0800017c                hasChanged
 .text.hextochar
                0x080001bc       0xc8 build/obj/main.o
                0x080001bc                hextochar
 .text.GPIO_IN_FLOATING_Config
                0x08000284       0x30 build/obj/main.o
                0x08000284                GPIO_IN_FLOATING_Config
 .text.ButtonPressedHandler
                0x080002b4       0x6c build/obj/main.o
                0x080002b4                ButtonPressedHandler
 .text.main     0x08000320      0x218 build/obj/main.o
                0x08000320                main
 .text.NMI_Handler
                0x08000538        0xc build/obj/stm32f10x_it.o
                0x08000538                NMI_Handler
 .text.HardFault_Handler
                0x08000544        0x8 build/obj/stm32f10x_it.o
                0x08000544                HardFault_Handler
 .text.MemManage_Handler
                0x0800054c        0x8 build/obj/stm32f10x_it.o
                0x0800054c                MemManage_Handler
 .text.BusFault_Handler
                0x08000554        0x8 build/obj/stm32f10x_it.o
                0x08000554                BusFault_Handler
 .text.UsageFault_Handler
                0x0800055c        0x8 build/obj/stm32f10x_it.o
                0x0800055c                UsageFault_Handler
 .text.SVC_Handler
                0x08000564        0xc build/obj/stm32f10x_it.o
                0x08000564                SVC_Handler
 .text.DebugMon_Handler
                0x08000570        0xc build/obj/stm32f10x_it.o
                0x08000570                DebugMon_Handler
 .text.PendSV_Handler
                0x0800057c        0xc build/obj/stm32f10x_it.o
                0x0800057c                PendSV_Handler
 .text.SysTick_Handler
                0x08000588        0xc build/obj/stm32f10x_it.o
                0x08000588                SysTick_Handler
 .text.SystemInit
                0x08000594       0x68 build/obj/system_stm32f10x.o
                0x08000594                SystemInit
 .text.SetSysClock
                0x080005fc        0xc build/obj/system_stm32f10x.o
 .text.SetSysClockTo72
                0x08000608      0x100 build/obj/system_stm32f10x.o
 .text.NVIC_Init
                0x08000708       0xc4 build/obj/misc.o
                0x08000708                NVIC_Init
 .text.GPIO_Init
                0x080007cc      0x178 build/obj/stm32f10x_gpio.o
                0x080007cc                GPIO_Init
 .text.GPIO_ReadInputDataBit
                0x08000944       0x32 build/obj/stm32f10x_gpio.o
                0x08000944                GPIO_ReadInputDataBit
 .text.GPIO_WriteBit
                0x08000976       0x2e build/obj/stm32f10x_gpio.o
                0x08000976                GPIO_WriteBit
 .text.RCC_GetClocksFreq
                0x080009a4      0x16c build/obj/stm32f10x_rcc.o
                0x080009a4                RCC_GetClocksFreq
 .text.RCC_APB2PeriphClockCmd
                0x08000b10       0x3c build/obj/stm32f10x_rcc.o
                0x08000b10                RCC_APB2PeriphClockCmd
 .text.RCC_APB1PeriphClockCmd
                0x08000b4c       0x3c build/obj/stm32f10x_rcc.o
                0x08000b4c                RCC_APB1PeriphClockCmd
 .text.TIM_TimeBaseInit
                0x08000b88       0xf8 build/obj/stm32f10x_tim.o
                0x08000b88                TIM_TimeBaseInit
 .text.TIM_Cmd  0x08000c80       0x3e build/obj/stm32f10x_tim.o
                0x08000c80                TIM_Cmd
 .text.TIM_ITConfig
                0x08000cbe       0x46 build/obj/stm32f10x_tim.o
                0x08000cbe                TIM_ITConfig
 .text.TIM_ClearFlag
                0x08000d04       0x20 build/obj/stm32f10x_tim.o
                0x08000d04                TIM_ClearFlag
 .text.TIM_GetITStatus
                0x08000d24       0x52 build/obj/stm32f10x_tim.o
                0x08000d24                TIM_GetITStatus
 .text.TIM_ClearITPendingBit
                0x08000d76       0x20 build/obj/stm32f10x_tim.o
                0x08000d76                TIM_ClearITPendingBit
 *fill*         0x08000d96        0x2 
 .text.USART_Init
                0x08000d98      0x174 build/obj/stm32f10x_usart.o
                0x08000d98                USART_Init
 .text.USART_Cmd
                0x08000f0c       0x3e build/obj/stm32f10x_usart.o
                0x08000f0c                USART_Cmd
 .text.USART_ITConfig
                0x08000f4a       0x8e build/obj/stm32f10x_usart.o
                0x08000f4a                USART_ITConfig
 .text.USART_ReceiveData
                0x08000fd8       0x1e build/obj/stm32f10x_usart.o
                0x08000fd8                USART_ReceiveData
 .text.USART_GetITStatus
                0x08000ff6       0xb4 build/obj/stm32f10x_usart.o
                0x08000ff6                USART_GetITStatus
 *fill*         0x080010aa        0x2 
 .text.Delay_us
                0x080010ac       0x44 build/obj/Delay.o
                0x080010ac                Delay_us
 .text.Delay_ms
                0x080010f0       0x26 build/obj/Delay.o
                0x080010f0                Delay_ms
 *fill*         0x08001116        0x2 
 .text.OLED_I2C_Init
                0x08001118       0x5c build/obj/OLED.o
                0x08001118                OLED_I2C_Init
 .text.OLED_I2C_Start
                0x08001174       0x3c build/obj/OLED.o
                0x08001174                OLED_I2C_Start
 .text.OLED_I2C_Stop
                0x080011b0       0x30 build/obj/OLED.o
                0x080011b0                OLED_I2C_Stop
 .text.OLED_I2C_SendByte
                0x080011e0       0x78 build/obj/OLED.o
                0x080011e0                OLED_I2C_SendByte
 .text.OLED_WriteCommand
                0x08001258       0x2e build/obj/OLED.o
                0x08001258                OLED_WriteCommand
 .text.OLED_WriteData
                0x08001286       0x2e build/obj/OLED.o
                0x08001286                OLED_WriteData
 .text.OLED_SetCursor
                0x080012b4       0x46 build/obj/OLED.o
                0x080012b4                OLED_SetCursor
 .text.OLED_Clear
                0x080012fa       0x46 build/obj/OLED.o
                0x080012fa                OLED_Clear
 .text.OLED_ShowChar
                0x08001340       0xb0 build/obj/OLED.o
                0x08001340                OLED_ShowChar
 .text.OLED_ShowString
                0x080013f0       0x4a build/obj/OLED.o
                0x080013f0                OLED_ShowString
 .text.OLED_Init
                0x0800143a       0xc8 build/obj/OLED.o
                0x0800143a                OLED_Init
 *fill*         0x08001502        0x2 
 .text.USART1_IRQHandler
                0x08001504       0x50 build/obj/Serialaa.o
                0x08001504                USART1_IRQHandler
 .text.USART1_Init
                0x08001554       0xa4 build/obj/Serialaa.o
                0x08001554                USART1_Init
 .text.GPIO_Init_Buttons
                0x080015f8       0x64 build/obj/key.o
                0x080015f8                GPIO_Init_Buttons
 .text.TIM2_Init
                0x0800165c       0x6c build/obj/key.o
                0x0800165c                TIM2_Init
 .text.TIM2_IRQHandler
                0x080016c8      0x144 build/obj/key.o
                0x080016c8                TIM2_IRQHandler
 .text.Reset_Handler
                0x0800180c       0x44 build/obj/startup_stm32f10x_md.o
                0x0800180c                Reset_Handler
 .text.Default_Handler
                0x08001850        0x2 build/obj/startup_stm32f10x_md.o
                0x08001850                EXTI2_IRQHandler
                0x08001850                TIM1_CC_IRQHandler
                0x08001850                PVD_IRQHandler
                0x08001850                EXTI3_IRQHandler
                0x08001850                EXTI0_IRQHandler
                0x08001850                I2C2_EV_IRQHandler
                0x08001850                ADC1_2_IRQHandler
                0x08001850                SPI1_IRQHandler
                0x08001850                TAMPER_IRQHandler
                0x08001850                DMA1_Channel4_IRQHandler
                0x08001850                USART3_IRQHandler
                0x08001850                RTC_IRQHandler
                0x08001850                DMA1_Channel7_IRQHandler
                0x08001850                CAN1_RX1_IRQHandler
                0x08001850                TIM4_IRQHandler
                0x08001850                I2C1_EV_IRQHandler
                0x08001850                DMA1_Channel6_IRQHandler
                0x08001850                TIM3_IRQHandler
                0x08001850                RCC_IRQHandler
                0x08001850                TIM1_TRG_COM_IRQHandler
                0x08001850                DMA1_Channel1_IRQHandler
                0x08001850                Default_Handler
                0x08001850                EXTI15_10_IRQHandler
                0x08001850                EXTI9_5_IRQHandler
                0x08001850                SPI2_IRQHandler
                0x08001850                DMA1_Channel5_IRQHandler
                0x08001850                EXTI4_IRQHandler
                0x08001850                USB_LP_CAN1_RX0_IRQHandler
                0x08001850                USB_HP_CAN1_TX_IRQHandler
                0x08001850                DMA1_Channel3_IRQHandler
                0x08001850                TIM1_UP_IRQHandler
                0x08001850                WWDG_IRQHandler
                0x08001850                TIM1_BRK_IRQHandler
                0x08001850                EXTI1_IRQHandler
                0x08001850                RTCAlarm_IRQHandler
                0x08001850                USART2_IRQHandler
                0x08001850                I2C2_ER_IRQHandler
                0x08001850                DMA1_Channel2_IRQHandler
                0x08001850                CAN1_SCE_IRQHandler
                0x08001850                FLASH_IRQHandler
                0x08001850                I2C1_ER_IRQHandler
                0x08001850                USBWakeUp_IRQHandler
 *fill*         0x08001852        0x2 
 .text.atexit   0x08001854       0x20 /usr/lib/gcc/arm-none-eabi/14.1.0/../../../../arm-none-eabi/lib/libc.a(libc_a-atexit.o)
                0x08001854                atexit
 .text.__libc_fini_array
                0x08001874       0x44 /usr/lib/gcc/arm-none-eabi/14.1.0/../../../../arm-none-eabi/lib/libc.a(libc_a-fini.o)
                0x08001874                __libc_fini_array
 .text.__retarget_lock_acquire_recursive
                0x080018b8        0x4 /usr/lib/gcc/arm-none-eabi/14.1.0/../../../../arm-none-eabi/lib/libc.a(libc_a-lock.o)
                0x080018b8                __retarget_lock_acquire_recursive
 .text.__retarget_lock_release_recursive
                0x080018bc        0x4 /usr/lib/gcc/arm-none-eabi/14.1.0/../../../../arm-none-eabi/lib/libc.a(libc_a-lock.o)
                0x080018bc                __retarget_lock_release_recursive
 .text.__register_exitproc
                0x080018c0       0xb8 /usr/lib/gcc/arm-none-eabi/14.1.0/../../../../arm-none-eabi/lib/libc.a(libc_a-__atexit.o)
                0x080018c0                __register_exitproc
 .text.startup.register_fini
                0x08001978       0x28 /usr/lib/gcc/arm-none-eabi/14.1.0/../../../../arm-none-eabi/lib/libc.a(libc_a-__call_atexit.o)
 *(.rodata)
 .rodata        0x080019a0       0x65 build/obj/main.o
 *(.rodata*)
 *fill*         0x08001a05        0x3 
 .rodata.APBAHBPrescTable
                0x08001a08       0x10 build/obj/stm32f10x_rcc.o
 .rodata.ADCPrescTable
                0x08001a18        0x4 build/obj/stm32f10x_rcc.o
 .rodata.OLED_F8x16
                0x08001a1c      0x5f0 build/obj/OLED.o
                0x08001a1c                OLED_F8x16
 *(.glue_7)
 .glue_7        0x0800200c        0x0 linker stubs
 *(.glue_7t)
 .glue_7t       0x0800200c        0x0 linker stubs
 *(.eh_frame)
 .eh_frame      0x0800200c        0x0 /usr/lib/gcc/arm-none-eabi/14.1.0/crtbegin.o
 *(.init)
 .init          0x0800200c        0xc /usr/lib/gcc/arm-none-eabi/14.1.0/crti.o
                0x0800200c                _init
 .init          0x08002018        0xc /usr/lib/gcc/arm-none-eabi/14.1.0/crtn.o
 *(.fini)
 .fini          0x08002024        0xc /usr/lib/gcc/arm-none-eabi/14.1.0/crti.o
                0x08002024                _fini
 .fini          0x08002030        0xc /usr/lib/gcc/arm-none-eabi/14.1.0/crtn.o
                0x0800203c                        . = ALIGN (0x4)
                0x0800203c                        _etext = .

.vfp11_veneer   0x0800203c        0x0
 .vfp11_veneer  0x0800203c        0x0 linker stubs

.v4_bx          0x0800203c        0x0
 .v4_bx         0x0800203c        0x0 linker stubs

.iplt           0x0800203c        0x0
 .iplt          0x0800203c        0x0 /usr/lib/gcc/arm-none-eabi/14.1.0/crtbegin.o

.rel.dyn        0x0800203c        0x0
 .rel.iplt      0x0800203c        0x0 /usr/lib/gcc/arm-none-eabi/14.1.0/crtbegin.o

.ARM.extab
 *(.ARM.extab* .gnu.linkonce.armextab.*)

.ARM            0x0800203c        0x0
                0x0800203c                        __exidx_start = .
 *(.ARM.exidx*)
                0x0800203c                        __exidx_end = .

.preinit_array  0x0800203c        0x0
                0x0800203c                        PROVIDE (__preinit_array_start = .)
 *(.preinit_array*)
                0x0800203c                        PROVIDE (__preinit_array_end = .)

.init_array     0x0800203c        0x8
                0x0800203c                        PROVIDE (__init_array_start = .)
 *(SORT_BY_NAME(.init_array.*))
 .init_array.00000
                0x0800203c        0x4 /usr/lib/gcc/arm-none-eabi/14.1.0/../../../../arm-none-eabi/lib/libc.a(libc_a-__call_atexit.o)
 *(.init_array*)
 .init_array    0x08002040        0x4 /usr/lib/gcc/arm-none-eabi/14.1.0/crtbegin.o
                0x08002044                        PROVIDE (__init_array_end = .)

.fini_array     0x08002044        0x4
                0x08002044                        PROVIDE (__fini_array_start = .)
 *(.fini_array*)
 .fini_array    0x08002044        0x4 /usr/lib/gcc/arm-none-eabi/14.1.0/crtbegin.o
 *(SORT_BY_NAME(.fini_array.*))
                0x08002048                        PROVIDE (__fini_array_end = .)
                0x08002048                        _sidata = .

.data           0x20000000       0x50 load address 0x08002048
                0x20000000                        . = ALIGN (0x4)
                0x20000000                        _sdata = .
 *(.data)
 *(.data*)
 .data.ButtonPressedHandlerPOINTER
                0x20000000        0x4 build/obj/main.o
                0x20000000                ButtonPressedHandlerPOINTER
 .data.buttons  0x20000004       0x48 build/obj/key.o
                0x20000004                buttons
 .data.__atexit_recursive_mutex
                0x2000004c        0x4 /usr/lib/gcc/arm-none-eabi/14.1.0/../../../../arm-none-eabi/lib/libc.a(libc_a-__call_atexit.o)
                0x2000004c                __atexit_recursive_mutex
                0x20000050                        . = ALIGN (0x4)
                0x20000050                        _edata = .

.igot.plt       0x20000050        0x0 load address 0x08002098
 .igot.plt      0x20000050        0x0 /usr/lib/gcc/arm-none-eabi/14.1.0/crtbegin.o
                0x20000050                        . = ALIGN (0x4)

.bss            0x20000050      0x1f4 load address 0x08002098
                0x20000050                        _sbss = .
                0x20000050                        __bss_start__ = _sbss
 *(.bss)
 *(.bss*)
 .bss.completed.1
                0x20000050        0x1 /usr/lib/gcc/arm-none-eabi/14.1.0/crtbegin.o
 *fill*         0x20000051        0x3 
 .bss.object.0  0x20000054       0x18 /usr/lib/gcc/arm-none-eabi/14.1.0/crtbegin.o
 .bss.RxBuffer  0x2000006c       0x20 build/obj/main.o
                0x2000006c                RxBuffer
 .bss.AVolt     0x2000008c        0x6 build/obj/main.o
                0x2000008c                AVolt
 *fill*         0x20000092        0x2 
 .bss.prevAVolt
                0x20000094        0x6 build/obj/main.o
                0x20000094                prevAVolt
 *fill*         0x2000009a        0x2 
 .bss.AAmps     0x2000009c        0x6 build/obj/main.o
                0x2000009c                AAmps
 *fill*         0x200000a2        0x2 
 .bss.prevAAmps
                0x200000a4        0x6 build/obj/main.o
                0x200000a4                prevAAmps
 .bss.status    0x200000aa        0x1 build/obj/main.o
                0x200000aa                status
 .bss.RxCounter
                0x200000ab        0x1 build/obj/Serialaa.o
                0x200000ab                RxCounter
 .bss.__lock___atexit_recursive_mutex
                0x200000ac        0x1 /usr/lib/gcc/arm-none-eabi/14.1.0/../../../../arm-none-eabi/lib/libc.a(libc_a-lock.o)
                0x200000ac                __lock___atexit_recursive_mutex
 *fill*         0x200000ad        0x3 
 .bss.__atexit0
                0x200000b0      0x190 /usr/lib/gcc/arm-none-eabi/14.1.0/../../../../arm-none-eabi/lib/libc.a(libc_a-__atexit.o)
                0x200000b0                __atexit0
 .bss.__atexit  0x20000240        0x4 /usr/lib/gcc/arm-none-eabi/14.1.0/../../../../arm-none-eabi/lib/libc.a(libc_a-__call_atexit.o)
                0x20000240                __atexit
 *(COMMON)
                0x20000244                        . = ALIGN (0x4)
                0x20000244                        _ebss = .
                0x20000244                        __bss_end__ = _ebss
                [!provide]                        PROVIDE (end = _ebss)
                [!provide]                        PROVIDE (_end = _ebss)

._user_heap_stack
                0x20000244      0x100 load address 0x0800228c
                0x20000244                        . = ALIGN (0x4)
                0x20000244                        . = (. + _Min_Heap_Size)
                0x20000344                        . = (. + _Min_Stack_Size)
 *fill*         0x20000244      0x100 
                0x20000344                        . = ALIGN (0x4)

.memory_b1_text
 *(.mb1text)
 *(.mb1text*)
 *(.mb1rodata)
 *(.mb1rodata*)

/DISCARD/
 libc.a(*)
 libm.a(*)
 libgcc.a(*)

.ARM.attributes
                0x00000000       0x2b
 *(.ARM.attributes)
 .ARM.attributes
                0x00000000       0x1c /usr/lib/gcc/arm-none-eabi/14.1.0/crti.o
 .ARM.attributes
                0x0000001c       0x2a /usr/lib/gcc/arm-none-eabi/14.1.0/crtbegin.o
 .ARM.attributes
                0x00000046       0x2d build/obj/main.o
 .ARM.attributes
                0x00000073       0x2d build/obj/stm32f10x_it.o
 .ARM.attributes
                0x000000a0       0x2d build/obj/system_stm32f10x.o
 .ARM.attributes
                0x000000cd       0x2d build/obj/misc.o
 .ARM.attributes
                0x000000fa       0x2d build/obj/stm32f10x_gpio.o
 .ARM.attributes
                0x00000127       0x2d build/obj/stm32f10x_rcc.o
 .ARM.attributes
                0x00000154       0x2d build/obj/stm32f10x_tim.o
 .ARM.attributes
                0x00000181       0x2d build/obj/stm32f10x_usart.o
 .ARM.attributes
                0x000001ae       0x2d build/obj/Delay.o
 .ARM.attributes
                0x000001db       0x2d build/obj/OLED.o
 .ARM.attributes
                0x00000208       0x2d build/obj/Serialaa.o
 .ARM.attributes
                0x00000235       0x2d build/obj/key.o
 .ARM.attributes
                0x00000262       0x21 build/obj/startup_stm32f10x_md.o
 .ARM.attributes
                0x00000283       0x2a /usr/lib/gcc/arm-none-eabi/14.1.0/../../../../arm-none-eabi/lib/libc.a(libc_a-atexit.o)
 .ARM.attributes
                0x000002ad       0x2a /usr/lib/gcc/arm-none-eabi/14.1.0/../../../../arm-none-eabi/lib/libc.a(libc_a-fini.o)
 .ARM.attributes
                0x000002d7       0x2a /usr/lib/gcc/arm-none-eabi/14.1.0/../../../../arm-none-eabi/lib/libc.a(libc_a-lock.o)
 .ARM.attributes
                0x00000301       0x2a /usr/lib/gcc/arm-none-eabi/14.1.0/../../../../arm-none-eabi/lib/libc.a(libc_a-__atexit.o)
 .ARM.attributes
                0x0000032b       0x2a /usr/lib/gcc/arm-none-eabi/14.1.0/../../../../arm-none-eabi/lib/libc.a(libc_a-__call_atexit.o)
 .ARM.attributes
                0x00000355       0x1c /usr/lib/gcc/arm-none-eabi/14.1.0/crtn.o
OUTPUT(build/main.elf elf32-littlearm)
LOAD linker stubs
LOAD /usr/lib/gcc/arm-none-eabi/14.1.0/../../../../arm-none-eabi/lib/libc.a
LOAD /usr/lib/gcc/arm-none-eabi/14.1.0/../../../../arm-none-eabi/lib/libm.a
LOAD /usr/lib/gcc/arm-none-eabi/14.1.0/libgcc.a

.debug_info     0x00000000     0x7129
 .debug_info    0x00000000      0x572 build/obj/main.o
 .debug_info    0x00000572      0x13f build/obj/stm32f10x_it.o
 .debug_info    0x000006b1      0x4da build/obj/system_stm32f10x.o
 .debug_info    0x00000b8b      0x57b build/obj/misc.o
 .debug_info    0x00001106      0x7c5 build/obj/stm32f10x_gpio.o
 .debug_info    0x000018cb      0x9b5 build/obj/stm32f10x_rcc.o
 .debug_info    0x00002280     0x2067 build/obj/stm32f10x_tim.o
 .debug_info    0x000042e7      0xb7c build/obj/stm32f10x_usart.o
 .debug_info    0x00004e63      0x166 build/obj/Delay.o
 .debug_info    0x00004fc9      0x73f build/obj/OLED.o
 .debug_info    0x00005708      0x6f0 build/obj/Serialaa.o
 .debug_info    0x00005df8      0x99c build/obj/key.o
 .debug_info    0x00006794       0x30 build/obj/startup_stm32f10x_md.o
 .debug_info    0x000067c4      0x11e /usr/lib/gcc/arm-none-eabi/14.1.0/../../../../arm-none-eabi/lib/libc.a(libc_a-atexit.o)
 .debug_info    0x000068e2       0xf7 /usr/lib/gcc/arm-none-eabi/14.1.0/../../../../arm-none-eabi/lib/libc.a(libc_a-fini.o)
 .debug_info    0x000069d9      0x218 /usr/lib/gcc/arm-none-eabi/14.1.0/../../../../arm-none-eabi/lib/libc.a(libc_a-lock.o)
 .debug_info    0x00006bf1      0x25f /usr/lib/gcc/arm-none-eabi/14.1.0/../../../../arm-none-eabi/lib/libc.a(libc_a-__atexit.o)
 .debug_info    0x00006e50      0x2d9 /usr/lib/gcc/arm-none-eabi/14.1.0/../../../../arm-none-eabi/lib/libc.a(libc_a-__call_atexit.o)

.debug_abbrev   0x00000000     0x1a04
 .debug_abbrev  0x00000000      0x24c build/obj/main.o
 .debug_abbrev  0x0000024c       0x46 build/obj/stm32f10x_it.o
 .debug_abbrev  0x00000292      0x1b0 build/obj/system_stm32f10x.o
 .debug_abbrev  0x00000442      0x161 build/obj/misc.o
 .debug_abbrev  0x000005a3      0x207 build/obj/stm32f10x_gpio.o
 .debug_abbrev  0x000007aa      0x1d5 build/obj/stm32f10x_rcc.o
 .debug_abbrev  0x0000097f      0x1e7 build/obj/stm32f10x_tim.o
 .debug_abbrev  0x00000b66      0x1af build/obj/stm32f10x_usart.o
 .debug_abbrev  0x00000d15       0xd0 build/obj/Delay.o
 .debug_abbrev  0x00000de5      0x212 build/obj/OLED.o
 .debug_abbrev  0x00000ff7      0x1d1 build/obj/Serialaa.o
 .debug_abbrev  0x000011c8      0x1fc build/obj/key.o
 .debug_abbrev  0x000013c4       0x1d build/obj/startup_stm32f10x_md.o
 .debug_abbrev  0x000013e1       0xbe /usr/lib/gcc/arm-none-eabi/14.1.0/../../../../arm-none-eabi/lib/libc.a(libc_a-atexit.o)
 .debug_abbrev  0x0000149f       0xc9 /usr/lib/gcc/arm-none-eabi/14.1.0/../../../../arm-none-eabi/lib/libc.a(libc_a-fini.o)
 .debug_abbrev  0x00001568      0x115 /usr/lib/gcc/arm-none-eabi/14.1.0/../../../../arm-none-eabi/lib/libc.a(libc_a-lock.o)
 .debug_abbrev  0x0000167d      0x189 /usr/lib/gcc/arm-none-eabi/14.1.0/../../../../arm-none-eabi/lib/libc.a(libc_a-__atexit.o)
 .debug_abbrev  0x00001806      0x1fe /usr/lib/gcc/arm-none-eabi/14.1.0/../../../../arm-none-eabi/lib/libc.a(libc_a-__call_atexit.o)

.debug_loc      0x00000000     0x49c4
 .debug_loc     0x00000000      0x19c build/obj/main.o
 .debug_loc     0x0000019c      0x204 build/obj/stm32f10x_it.o
 .debug_loc     0x000003a0      0x110 build/obj/system_stm32f10x.o
 .debug_loc     0x000004b0      0x1cc build/obj/misc.o
 .debug_loc     0x0000067c      0x63c build/obj/stm32f10x_gpio.o
 .debug_loc     0x00000cb8      0xb2c build/obj/stm32f10x_rcc.o
 .debug_loc     0x000017e4     0x2060 build/obj/stm32f10x_tim.o
 .debug_loc     0x00003844      0xa54 build/obj/stm32f10x_usart.o
 .debug_loc     0x00004298       0xfc build/obj/Delay.o
 .debug_loc     0x00004394      0x4c4 build/obj/OLED.o
 .debug_loc     0x00004858       0x7c build/obj/Serialaa.o
 .debug_loc     0x000048d4       0xf0 build/obj/key.o

.debug_aranges  0x00000000      0x900
 .debug_aranges
                0x00000000       0x40 build/obj/main.o
 .debug_aranges
                0x00000040       0x60 build/obj/stm32f10x_it.o
 .debug_aranges
                0x000000a0       0x38 build/obj/system_stm32f10x.o
 .debug_aranges
                0x000000d8       0x40 build/obj/misc.o
 .debug_aranges
                0x00000118       0xa8 build/obj/stm32f10x_gpio.o
 .debug_aranges
                0x000001c0      0x118 build/obj/stm32f10x_rcc.o
 .debug_aranges
                0x000002d8      0x2f0 build/obj/stm32f10x_tim.o
 .debug_aranges
                0x000005c8      0x100 build/obj/stm32f10x_usart.o
 .debug_aranges
                0x000006c8       0x30 build/obj/Delay.o
 .debug_aranges
                0x000006f8       0x98 build/obj/OLED.o
 .debug_aranges
                0x00000790       0x28 build/obj/Serialaa.o
 .debug_aranges
                0x000007b8       0x30 build/obj/key.o
 .debug_aranges
                0x000007e8       0x28 build/obj/startup_stm32f10x_md.o
 .debug_aranges
                0x00000810       0x20 /usr/lib/gcc/arm-none-eabi/14.1.0/../../../../arm-none-eabi/lib/libc.a(libc_a-atexit.o)
 .debug_aranges
                0x00000830       0x20 /usr/lib/gcc/arm-none-eabi/14.1.0/../../../../arm-none-eabi/lib/libc.a(libc_a-fini.o)
 .debug_aranges
                0x00000850       0x68 /usr/lib/gcc/arm-none-eabi/14.1.0/../../../../arm-none-eabi/lib/libc.a(libc_a-lock.o)
 .debug_aranges
                0x000008b8       0x20 /usr/lib/gcc/arm-none-eabi/14.1.0/../../../../arm-none-eabi/lib/libc.a(libc_a-__atexit.o)
 .debug_aranges
                0x000008d8       0x28 /usr/lib/gcc/arm-none-eabi/14.1.0/../../../../arm-none-eabi/lib/libc.a(libc_a-__call_atexit.o)

.debug_ranges   0x00000000      0x748
 .debug_ranges  0x00000000       0x30 build/obj/main.o
 .debug_ranges  0x00000030       0x50 build/obj/stm32f10x_it.o
 .debug_ranges  0x00000080       0x28 build/obj/system_stm32f10x.o
 .debug_ranges  0x000000a8       0x30 build/obj/misc.o
 .debug_ranges  0x000000d8       0x98 build/obj/stm32f10x_gpio.o
 .debug_ranges  0x00000170      0x108 build/obj/stm32f10x_rcc.o
 .debug_ranges  0x00000278      0x2e0 build/obj/stm32f10x_tim.o
 .debug_ranges  0x00000558       0xf0 build/obj/stm32f10x_usart.o
 .debug_ranges  0x00000648       0x20 build/obj/Delay.o
 .debug_ranges  0x00000668       0x88 build/obj/OLED.o
 .debug_ranges  0x000006f0       0x18 build/obj/Serialaa.o
 .debug_ranges  0x00000708       0x20 build/obj/key.o
 .debug_ranges  0x00000728       0x20 build/obj/startup_stm32f10x_md.o

.debug_line     0x00000000     0x3c5c
 .debug_line    0x00000000      0x29e build/obj/main.o
 .debug_line    0x0000029e       0xe0 build/obj/stm32f10x_it.o
 .debug_line    0x0000037e      0x296 build/obj/system_stm32f10x.o
 .debug_line    0x00000614      0x1f6 build/obj/misc.o
 .debug_line    0x0000080a      0x4e0 build/obj/stm32f10x_gpio.o
 .debug_line    0x00000cea      0x698 build/obj/stm32f10x_rcc.o
 .debug_line    0x00001382     0x1190 build/obj/stm32f10x_tim.o
 .debug_line    0x00002512      0x66e build/obj/stm32f10x_usart.o
 .debug_line    0x00002b80      0x12e build/obj/Delay.o
 .debug_line    0x00002cae      0x45b build/obj/OLED.o
 .debug_line    0x00003109      0x18f build/obj/Serialaa.o
 .debug_line    0x00003298      0x1df build/obj/key.o
 .debug_line    0x00003477       0x75 build/obj/startup_stm32f10x_md.o
 .debug_line    0x000034ec       0xe0 /usr/lib/gcc/arm-none-eabi/14.1.0/../../../../arm-none-eabi/lib/libc.a(libc_a-atexit.o)
 .debug_line    0x000035cc       0xdd /usr/lib/gcc/arm-none-eabi/14.1.0/../../../../arm-none-eabi/lib/libc.a(libc_a-fini.o)
 .debug_line    0x000036a9      0x174 /usr/lib/gcc/arm-none-eabi/14.1.0/../../../../arm-none-eabi/lib/libc.a(libc_a-lock.o)
 .debug_line    0x0000381d      0x189 /usr/lib/gcc/arm-none-eabi/14.1.0/../../../../arm-none-eabi/lib/libc.a(libc_a-__atexit.o)
 .debug_line    0x000039a6      0x2b6 /usr/lib/gcc/arm-none-eabi/14.1.0/../../../../arm-none-eabi/lib/libc.a(libc_a-__call_atexit.o)

.debug_str      0x00000000     0x26c6
 .debug_str     0x00000000     0x26c6 build/obj/main.o
                                0x3f9 (size before relaxing)
 .debug_str     0x000026c6      0x1b7 build/obj/stm32f10x_it.o
 .debug_str     0x000026c6      0x2a7 build/obj/system_stm32f10x.o
 .debug_str     0x000026c6      0x38b build/obj/misc.o
 .debug_str     0x000026c6      0x503 build/obj/stm32f10x_gpio.o
 .debug_str     0x000026c6      0x5ed build/obj/stm32f10x_rcc.o
 .debug_str     0x000026c6      0xdde build/obj/stm32f10x_tim.o
 .debug_str     0x000026c6      0x6a3 build/obj/stm32f10x_usart.o
 .debug_str     0x000026c6      0x16b build/obj/Delay.o
 .debug_str     0x000026c6      0x452 build/obj/OLED.o
 .debug_str     0x000026c6      0x79a build/obj/Serialaa.o
 .debug_str     0x000026c6      0x8de build/obj/key.o
 .debug_str     0x000026c6       0x4f build/obj/startup_stm32f10x_md.o
 .debug_str     0x000026c6      0x1d8 /usr/lib/gcc/arm-none-eabi/14.1.0/../../../../arm-none-eabi/lib/libc.a(libc_a-atexit.o)
 .debug_str     0x000026c6      0x1d2 /usr/lib/gcc/arm-none-eabi/14.1.0/../../../../arm-none-eabi/lib/libc.a(libc_a-fini.o)
 .debug_str     0x000026c6      0x332 /usr/lib/gcc/arm-none-eabi/14.1.0/../../../../arm-none-eabi/lib/libc.a(libc_a-lock.o)
 .debug_str     0x000026c6      0x2af /usr/lib/gcc/arm-none-eabi/14.1.0/../../../../arm-none-eabi/lib/libc.a(libc_a-__atexit.o)
 .debug_str     0x000026c6      0x2d8 /usr/lib/gcc/arm-none-eabi/14.1.0/../../../../arm-none-eabi/lib/libc.a(libc_a-__call_atexit.o)

.comment        0x00000000       0x3c
 .comment       0x00000000       0x3c build/obj/main.o
                                 0x1f (size before relaxing)
 .comment       0x0000003c       0x1f build/obj/stm32f10x_it.o
 .comment       0x0000003c       0x1f build/obj/system_stm32f10x.o
 .comment       0x0000003c       0x1f build/obj/misc.o
 .comment       0x0000003c       0x1f build/obj/stm32f10x_gpio.o
 .comment       0x0000003c       0x1f build/obj/stm32f10x_rcc.o
 .comment       0x0000003c       0x1f build/obj/stm32f10x_tim.o
 .comment       0x0000003c       0x1f build/obj/stm32f10x_usart.o
 .comment       0x0000003c       0x1f build/obj/Delay.o
 .comment       0x0000003c       0x1f build/obj/OLED.o
 .comment       0x0000003c       0x1f build/obj/Serialaa.o
 .comment       0x0000003c       0x1f build/obj/key.o
 .comment       0x0000003c       0x1f /usr/lib/gcc/arm-none-eabi/14.1.0/../../../../arm-none-eabi/lib/libc.a(libc_a-atexit.o)
 .comment       0x0000003c       0x1f /usr/lib/gcc/arm-none-eabi/14.1.0/../../../../arm-none-eabi/lib/libc.a(libc_a-fini.o)
 .comment       0x0000003c       0x1f /usr/lib/gcc/arm-none-eabi/14.1.0/../../../../arm-none-eabi/lib/libc.a(libc_a-lock.o)
 .comment       0x0000003c       0x1f /usr/lib/gcc/arm-none-eabi/14.1.0/../../../../arm-none-eabi/lib/libc.a(libc_a-__atexit.o)
 .comment       0x0000003c       0x1f /usr/lib/gcc/arm-none-eabi/14.1.0/../../../../arm-none-eabi/lib/libc.a(libc_a-__call_atexit.o)

.debug_frame    0x00000000     0x231c
 .debug_frame   0x00000000       0xcc build/obj/main.o
 .debug_frame   0x000000cc      0x110 build/obj/stm32f10x_it.o
 .debug_frame   0x000001dc       0x98 build/obj/system_stm32f10x.o
 .debug_frame   0x00000274       0xd8 build/obj/misc.o
 .debug_frame   0x0000034c      0x2d0 build/obj/stm32f10x_gpio.o
 .debug_frame   0x0000061c      0x4f4 build/obj/stm32f10x_rcc.o
 .debug_frame   0x00000b10      0xe2c build/obj/stm32f10x_tim.o
 .debug_frame   0x0000193c      0x490 build/obj/stm32f10x_usart.o
 .debug_frame   0x00001dcc       0x80 build/obj/Delay.o
 .debug_frame   0x00001e4c      0x250 build/obj/OLED.o
 .debug_frame   0x0000209c       0x50 build/obj/Serialaa.o
 .debug_frame   0x000020ec       0x7c build/obj/key.o
 .debug_frame   0x00002168       0x2c /usr/lib/gcc/arm-none-eabi/14.1.0/../../../../arm-none-eabi/lib/libc.a(libc_a-atexit.o)
 .debug_frame   0x00002194       0x34 /usr/lib/gcc/arm-none-eabi/14.1.0/../../../../arm-none-eabi/lib/libc.a(libc_a-fini.o)
 .debug_frame   0x000021c8       0xb0 /usr/lib/gcc/arm-none-eabi/14.1.0/../../../../arm-none-eabi/lib/libc.a(libc_a-lock.o)
 .debug_frame   0x00002278       0x3c /usr/lib/gcc/arm-none-eabi/14.1.0/../../../../arm-none-eabi/lib/libc.a(libc_a-__atexit.o)
 .debug_frame   0x000022b4       0x68 /usr/lib/gcc/arm-none-eabi/14.1.0/../../../../arm-none-eabi/lib/libc.a(libc_a-__call_atexit.o)

.debug_loclists
                0x00000000      0x2b6
 .debug_loclists
                0x00000000       0x30 /usr/lib/gcc/arm-none-eabi/14.1.0/../../../../arm-none-eabi/lib/libc.a(libc_a-atexit.o)
 .debug_loclists
                0x00000030       0x4c /usr/lib/gcc/arm-none-eabi/14.1.0/../../../../arm-none-eabi/lib/libc.a(libc_a-fini.o)
 .debug_loclists
                0x0000007c       0x29 /usr/lib/gcc/arm-none-eabi/14.1.0/../../../../arm-none-eabi/lib/libc.a(libc_a-lock.o)
 .debug_loclists
                0x000000a5       0xf1 /usr/lib/gcc/arm-none-eabi/14.1.0/../../../../arm-none-eabi/lib/libc.a(libc_a-__atexit.o)
 .debug_loclists
                0x00000196      0x120 /usr/lib/gcc/arm-none-eabi/14.1.0/../../../../arm-none-eabi/lib/libc.a(libc_a-__call_atexit.o)

.debug_rnglists
                0x00000000       0xcb
 .debug_rnglists
                0x00000000       0x13 /usr/lib/gcc/arm-none-eabi/14.1.0/../../../../arm-none-eabi/lib/libc.a(libc_a-atexit.o)
 .debug_rnglists
                0x00000013       0x13 /usr/lib/gcc/arm-none-eabi/14.1.0/../../../../arm-none-eabi/lib/libc.a(libc_a-fini.o)
 .debug_rnglists
                0x00000026       0x49 /usr/lib/gcc/arm-none-eabi/14.1.0/../../../../arm-none-eabi/lib/libc.a(libc_a-lock.o)
 .debug_rnglists
                0x0000006f       0x14 /usr/lib/gcc/arm-none-eabi/14.1.0/../../../../arm-none-eabi/lib/libc.a(libc_a-__atexit.o)
 .debug_rnglists
                0x00000083       0x48 /usr/lib/gcc/arm-none-eabi/14.1.0/../../../../arm-none-eabi/lib/libc.a(libc_a-__call_atexit.o)

Cross Reference Table

Symbol                                            File
AAmps                                             build/obj/main.o
ADC1_2_IRQHandler                                 build/obj/startup_stm32f10x_md.o
ADC_AnalogWatchdogCmd                             build/obj/stm32f10x_adc.o
ADC_AnalogWatchdogSingleChannelConfig             build/obj/stm32f10x_adc.o
ADC_AnalogWatchdogThresholdsConfig                build/obj/stm32f10x_adc.o
ADC_AutoInjectedConvCmd                           build/obj/stm32f10x_adc.o
ADC_ClearFlag                                     build/obj/stm32f10x_adc.o
ADC_ClearITPendingBit                             build/obj/stm32f10x_adc.o
ADC_Cmd                                           build/obj/stm32f10x_adc.o
ADC_DMACmd                                        build/obj/stm32f10x_adc.o
ADC_DeInit                                        build/obj/stm32f10x_adc.o
ADC_DiscModeChannelCountConfig                    build/obj/stm32f10x_adc.o
ADC_DiscModeCmd                                   build/obj/stm32f10x_adc.o
ADC_ExternalTrigConvCmd                           build/obj/stm32f10x_adc.o
ADC_ExternalTrigInjectedConvCmd                   build/obj/stm32f10x_adc.o
ADC_ExternalTrigInjectedConvConfig                build/obj/stm32f10x_adc.o
ADC_GetCalibrationStatus                          build/obj/stm32f10x_adc.o
ADC_GetConversionValue                            build/obj/stm32f10x_adc.o
ADC_GetDualModeConversionValue                    build/obj/stm32f10x_adc.o
ADC_GetFlagStatus                                 build/obj/stm32f10x_adc.o
ADC_GetITStatus                                   build/obj/stm32f10x_adc.o
ADC_GetInjectedConversionValue                    build/obj/stm32f10x_adc.o
ADC_GetResetCalibrationStatus                     build/obj/stm32f10x_adc.o
ADC_GetSoftwareStartConvStatus                    build/obj/stm32f10x_adc.o
ADC_GetSoftwareStartInjectedConvCmdStatus         build/obj/stm32f10x_adc.o
ADC_ITConfig                                      build/obj/stm32f10x_adc.o
ADC_Init                                          build/obj/stm32f10x_adc.o
ADC_InjectedChannelConfig                         build/obj/stm32f10x_adc.o
ADC_InjectedDiscModeCmd                           build/obj/stm32f10x_adc.o
ADC_InjectedSequencerLengthConfig                 build/obj/stm32f10x_adc.o
ADC_RegularChannelConfig                          build/obj/stm32f10x_adc.o
ADC_ResetCalibration                              build/obj/stm32f10x_adc.o
ADC_SetInjectedOffset                             build/obj/stm32f10x_adc.o
ADC_SoftwareStartConvCmd                          build/obj/stm32f10x_adc.o
ADC_SoftwareStartInjectedConvCmd                  build/obj/stm32f10x_adc.o
ADC_StartCalibration                              build/obj/stm32f10x_adc.o
ADC_StructInit                                    build/obj/stm32f10x_adc.o
ADC_TempSensorVrefintCmd                          build/obj/stm32f10x_adc.o
AHBPrescTable                                     build/obj/system_stm32f10x.o
AVolt                                             build/obj/main.o
BKP_ClearFlag                                     build/obj/stm32f10x_bkp.o
BKP_ClearITPendingBit                             build/obj/stm32f10x_bkp.o
BKP_DeInit                                        build/obj/stm32f10x_bkp.o
BKP_GetFlagStatus                                 build/obj/stm32f10x_bkp.o
BKP_GetITStatus                                   build/obj/stm32f10x_bkp.o
BKP_ITConfig                                      build/obj/stm32f10x_bkp.o
BKP_RTCOutputConfig                               build/obj/stm32f10x_bkp.o
BKP_ReadBackupRegister                            build/obj/stm32f10x_bkp.o
BKP_SetRTCCalibrationValue                        build/obj/stm32f10x_bkp.o
BKP_TamperPinCmd                                  build/obj/stm32f10x_bkp.o
BKP_TamperPinLevelConfig                          build/obj/stm32f10x_bkp.o
BKP_WriteBackupRegister                           build/obj/stm32f10x_bkp.o
BusFault_Handler                                  build/obj/stm32f10x_it.o
ButtonPressedHandler                              build/obj/main.o
ButtonPressedHandlerPOINTER                       build/obj/main.o
                                                  build/obj/key.o
CAN1_RX1_IRQHandler                               build/obj/startup_stm32f10x_md.o
CAN1_SCE_IRQHandler                               build/obj/startup_stm32f10x_md.o
CAN_CancelTransmit                                build/obj/stm32f10x_can.o
CAN_ClearFlag                                     build/obj/stm32f10x_can.o
CAN_ClearITPendingBit                             build/obj/stm32f10x_can.o
CAN_DBGFreeze                                     build/obj/stm32f10x_can.o
CAN_DeInit                                        build/obj/stm32f10x_can.o
CAN_FIFORelease                                   build/obj/stm32f10x_can.o
CAN_FilterInit                                    build/obj/stm32f10x_can.o
CAN_GetFlagStatus                                 build/obj/stm32f10x_can.o
CAN_GetITStatus                                   build/obj/stm32f10x_can.o
CAN_GetLSBTransmitErrorCounter                    build/obj/stm32f10x_can.o
CAN_GetLastErrorCode                              build/obj/stm32f10x_can.o
CAN_GetReceiveErrorCounter                        build/obj/stm32f10x_can.o
CAN_ITConfig                                      build/obj/stm32f10x_can.o
CAN_Init                                          build/obj/stm32f10x_can.o
CAN_MessagePending                                build/obj/stm32f10x_can.o
CAN_OperatingModeRequest                          build/obj/stm32f10x_can.o
CAN_Receive                                       build/obj/stm32f10x_can.o
CAN_SlaveStartBank                                build/obj/stm32f10x_can.o
CAN_Sleep                                         build/obj/stm32f10x_can.o
CAN_StructInit                                    build/obj/stm32f10x_can.o
CAN_TTComModeCmd                                  build/obj/stm32f10x_can.o
CAN_Transmit                                      build/obj/stm32f10x_can.o
CAN_TransmitStatus                                build/obj/stm32f10x_can.o
CAN_WakeUp                                        build/obj/stm32f10x_can.o
CEC_ClearFlag                                     build/obj/stm32f10x_cec.o
CEC_ClearITPendingBit                             build/obj/stm32f10x_cec.o
CEC_Cmd                                           build/obj/stm32f10x_cec.o
CEC_DeInit                                        build/obj/stm32f10x_cec.o
CEC_EndOfMessageCmd                               build/obj/stm32f10x_cec.o
CEC_GetFlagStatus                                 build/obj/stm32f10x_cec.o
CEC_GetITStatus                                   build/obj/stm32f10x_cec.o
CEC_ITConfig                                      build/obj/stm32f10x_cec.o
CEC_Init                                          build/obj/stm32f10x_cec.o
CEC_OwnAddressConfig                              build/obj/stm32f10x_cec.o
CEC_ReceiveDataByte                               build/obj/stm32f10x_cec.o
CEC_SendDataByte                                  build/obj/stm32f10x_cec.o
CEC_SetPrescaler                                  build/obj/stm32f10x_cec.o
CEC_StartOfMessage                                build/obj/stm32f10x_cec.o
CRC_CalcBlockCRC                                  build/obj/stm32f10x_crc.o
CRC_CalcCRC                                       build/obj/stm32f10x_crc.o
CRC_GetCRC                                        build/obj/stm32f10x_crc.o
CRC_GetIDRegister                                 build/obj/stm32f10x_crc.o
CRC_ResetDR                                       build/obj/stm32f10x_crc.o
CRC_SetIDRegister                                 build/obj/stm32f10x_crc.o
DAC_Cmd                                           build/obj/stm32f10x_dac.o
DAC_DMACmd                                        build/obj/stm32f10x_dac.o
DAC_DeInit                                        build/obj/stm32f10x_dac.o
DAC_DualSoftwareTriggerCmd                        build/obj/stm32f10x_dac.o
DAC_GetDataOutputValue                            build/obj/stm32f10x_dac.o
DAC_Init                                          build/obj/stm32f10x_dac.o
DAC_SetChannel1Data                               build/obj/stm32f10x_dac.o
DAC_SetChannel2Data                               build/obj/stm32f10x_dac.o
DAC_SetDualChannelData                            build/obj/stm32f10x_dac.o
DAC_SoftwareTriggerCmd                            build/obj/stm32f10x_dac.o
DAC_StructInit                                    build/obj/stm32f10x_dac.o
DAC_WaveGenerationCmd                             build/obj/stm32f10x_dac.o
DBGMCU_Config                                     build/obj/stm32f10x_dbgmcu.o
DBGMCU_GetDEVID                                   build/obj/stm32f10x_dbgmcu.o
DBGMCU_GetREVID                                   build/obj/stm32f10x_dbgmcu.o
DMA1_Channel1_IRQHandler                          build/obj/startup_stm32f10x_md.o
DMA1_Channel2_IRQHandler                          build/obj/startup_stm32f10x_md.o
DMA1_Channel3_IRQHandler                          build/obj/startup_stm32f10x_md.o
DMA1_Channel4_IRQHandler                          build/obj/startup_stm32f10x_md.o
DMA1_Channel5_IRQHandler                          build/obj/startup_stm32f10x_md.o
DMA1_Channel6_IRQHandler                          build/obj/startup_stm32f10x_md.o
DMA1_Channel7_IRQHandler                          build/obj/startup_stm32f10x_md.o
DMA_ClearFlag                                     build/obj/stm32f10x_dma.o
DMA_ClearITPendingBit                             build/obj/stm32f10x_dma.o
DMA_Cmd                                           build/obj/stm32f10x_dma.o
DMA_DeInit                                        build/obj/stm32f10x_dma.o
DMA_GetCurrDataCounter                            build/obj/stm32f10x_dma.o
DMA_GetFlagStatus                                 build/obj/stm32f10x_dma.o
DMA_GetITStatus                                   build/obj/stm32f10x_dma.o
DMA_ITConfig                                      build/obj/stm32f10x_dma.o
DMA_Init                                          build/obj/stm32f10x_dma.o
DMA_SetCurrDataCounter                            build/obj/stm32f10x_dma.o
DMA_StructInit                                    build/obj/stm32f10x_dma.o
DebugMon_Handler                                  build/obj/stm32f10x_it.o
Default_Handler                                   build/obj/startup_stm32f10x_md.o
Delay_ms                                          build/obj/Delay.o
                                                  build/obj/main.o
Delay_s                                           build/obj/Delay.o
Delay_us                                          build/obj/Delay.o
EXTI0_IRQHandler                                  build/obj/startup_stm32f10x_md.o
EXTI15_10_IRQHandler                              build/obj/startup_stm32f10x_md.o
EXTI1_IRQHandler                                  build/obj/startup_stm32f10x_md.o
EXTI2_IRQHandler                                  build/obj/startup_stm32f10x_md.o
EXTI3_IRQHandler                                  build/obj/startup_stm32f10x_md.o
EXTI4_IRQHandler                                  build/obj/startup_stm32f10x_md.o
EXTI9_5_IRQHandler                                build/obj/startup_stm32f10x_md.o
EXTI_ClearFlag                                    build/obj/stm32f10x_exti.o
EXTI_ClearITPendingBit                            build/obj/stm32f10x_exti.o
EXTI_DeInit                                       build/obj/stm32f10x_exti.o
EXTI_GenerateSWInterrupt                          build/obj/stm32f10x_exti.o
EXTI_GetFlagStatus                                build/obj/stm32f10x_exti.o
EXTI_GetITStatus                                  build/obj/stm32f10x_exti.o
EXTI_Init                                         build/obj/stm32f10x_exti.o
EXTI_StructInit                                   build/obj/stm32f10x_exti.o
FLASH_ClearFlag                                   build/obj/stm32f10x_flash.o
FLASH_EnableWriteProtection                       build/obj/stm32f10x_flash.o
FLASH_EraseAllBank1Pages                          build/obj/stm32f10x_flash.o
FLASH_EraseAllPages                               build/obj/stm32f10x_flash.o
FLASH_EraseOptionBytes                            build/obj/stm32f10x_flash.o
FLASH_ErasePage                                   build/obj/stm32f10x_flash.o
FLASH_GetBank1Status                              build/obj/stm32f10x_flash.o
FLASH_GetFlagStatus                               build/obj/stm32f10x_flash.o
FLASH_GetPrefetchBufferStatus                     build/obj/stm32f10x_flash.o
FLASH_GetReadOutProtectionStatus                  build/obj/stm32f10x_flash.o
FLASH_GetStatus                                   build/obj/stm32f10x_flash.o
FLASH_GetUserOptionByte                           build/obj/stm32f10x_flash.o
FLASH_GetWriteProtectionOptionByte                build/obj/stm32f10x_flash.o
FLASH_HalfCycleAccessCmd                          build/obj/stm32f10x_flash.o
FLASH_IRQHandler                                  build/obj/startup_stm32f10x_md.o
FLASH_ITConfig                                    build/obj/stm32f10x_flash.o
FLASH_Lock                                        build/obj/stm32f10x_flash.o
FLASH_LockBank1                                   build/obj/stm32f10x_flash.o
FLASH_PrefetchBufferCmd                           build/obj/stm32f10x_flash.o
FLASH_ProgramHalfWord                             build/obj/stm32f10x_flash.o
FLASH_ProgramOptionByteData                       build/obj/stm32f10x_flash.o
FLASH_ProgramWord                                 build/obj/stm32f10x_flash.o
FLASH_ReadOutProtection                           build/obj/stm32f10x_flash.o
FLASH_SetLatency                                  build/obj/stm32f10x_flash.o
FLASH_Unlock                                      build/obj/stm32f10x_flash.o
FLASH_UnlockBank1                                 build/obj/stm32f10x_flash.o
FLASH_UserOptionByteConfig                        build/obj/stm32f10x_flash.o
FLASH_WaitForLastBank1Operation                   build/obj/stm32f10x_flash.o
FLASH_WaitForLastOperation                        build/obj/stm32f10x_flash.o
FSMC_ClearFlag                                    build/obj/stm32f10x_fsmc.o
FSMC_ClearITPendingBit                            build/obj/stm32f10x_fsmc.o
FSMC_GetECC                                       build/obj/stm32f10x_fsmc.o
FSMC_GetFlagStatus                                build/obj/stm32f10x_fsmc.o
FSMC_GetITStatus                                  build/obj/stm32f10x_fsmc.o
FSMC_ITConfig                                     build/obj/stm32f10x_fsmc.o
FSMC_NANDCmd                                      build/obj/stm32f10x_fsmc.o
FSMC_NANDDeInit                                   build/obj/stm32f10x_fsmc.o
FSMC_NANDECCCmd                                   build/obj/stm32f10x_fsmc.o
FSMC_NANDInit                                     build/obj/stm32f10x_fsmc.o
FSMC_NANDStructInit                               build/obj/stm32f10x_fsmc.o
FSMC_NORSRAMCmd                                   build/obj/stm32f10x_fsmc.o
FSMC_NORSRAMDeInit                                build/obj/stm32f10x_fsmc.o
FSMC_NORSRAMInit                                  build/obj/stm32f10x_fsmc.o
FSMC_NORSRAMStructInit                            build/obj/stm32f10x_fsmc.o
FSMC_PCCARDCmd                                    build/obj/stm32f10x_fsmc.o
FSMC_PCCARDDeInit                                 build/obj/stm32f10x_fsmc.o
FSMC_PCCARDInit                                   build/obj/stm32f10x_fsmc.o
FSMC_PCCARDStructInit                             build/obj/stm32f10x_fsmc.o
GPIO_AFIODeInit                                   build/obj/stm32f10x_gpio.o
GPIO_DeInit                                       build/obj/stm32f10x_gpio.o
GPIO_ETH_MediaInterfaceConfig                     build/obj/stm32f10x_gpio.o
GPIO_EXTILineConfig                               build/obj/stm32f10x_gpio.o
GPIO_EventOutputCmd                               build/obj/stm32f10x_gpio.o
GPIO_EventOutputConfig                            build/obj/stm32f10x_gpio.o
GPIO_IN_FLOATING_Config                           build/obj/main.o
GPIO_Init                                         build/obj/stm32f10x_gpio.o
                                                  build/obj/key.o
                                                  build/obj/Serialaa.o
                                                  build/obj/OLED.o
                                                  build/obj/main.o
GPIO_Init_Buttons                                 build/obj/key.o
                                                  build/obj/main.o
GPIO_PinLockConfig                                build/obj/stm32f10x_gpio.o
GPIO_PinRemapConfig                               build/obj/stm32f10x_gpio.o
GPIO_ReadInputData                                build/obj/stm32f10x_gpio.o
GPIO_ReadInputDataBit                             build/obj/stm32f10x_gpio.o
                                                  build/obj/key.o
GPIO_ReadOutputData                               build/obj/stm32f10x_gpio.o
GPIO_ReadOutputDataBit                            build/obj/stm32f10x_gpio.o
GPIO_ResetBits                                    build/obj/stm32f10x_gpio.o
GPIO_SetBits                                      build/obj/stm32f10x_gpio.o
GPIO_StructInit                                   build/obj/stm32f10x_gpio.o
GPIO_Write                                        build/obj/stm32f10x_gpio.o
GPIO_WriteBit                                     build/obj/stm32f10x_gpio.o
                                                  build/obj/OLED.o
HardFault_Handler                                 build/obj/stm32f10x_it.o
I2C1_ER_IRQHandler                                build/obj/startup_stm32f10x_md.o
I2C1_EV_IRQHandler                                build/obj/startup_stm32f10x_md.o
I2C2_ER_IRQHandler                                build/obj/startup_stm32f10x_md.o
I2C2_EV_IRQHandler                                build/obj/startup_stm32f10x_md.o
I2C_ARPCmd                                        build/obj/stm32f10x_i2c.o
I2C_AcknowledgeConfig                             build/obj/stm32f10x_i2c.o
I2C_CalculatePEC                                  build/obj/stm32f10x_i2c.o
I2C_CheckEvent                                    build/obj/stm32f10x_i2c.o
I2C_ClearFlag                                     build/obj/stm32f10x_i2c.o
I2C_ClearITPendingBit                             build/obj/stm32f10x_i2c.o
I2C_Cmd                                           build/obj/stm32f10x_i2c.o
I2C_DMACmd                                        build/obj/stm32f10x_i2c.o
I2C_DMALastTransferCmd                            build/obj/stm32f10x_i2c.o
I2C_DeInit                                        build/obj/stm32f10x_i2c.o
I2C_DualAddressCmd                                build/obj/stm32f10x_i2c.o
I2C_FastModeDutyCycleConfig                       build/obj/stm32f10x_i2c.o
I2C_GeneralCallCmd                                build/obj/stm32f10x_i2c.o
I2C_GenerateSTART                                 build/obj/stm32f10x_i2c.o
I2C_GenerateSTOP                                  build/obj/stm32f10x_i2c.o
I2C_GetFlagStatus                                 build/obj/stm32f10x_i2c.o
I2C_GetITStatus                                   build/obj/stm32f10x_i2c.o
I2C_GetLastEvent                                  build/obj/stm32f10x_i2c.o
I2C_GetPEC                                        build/obj/stm32f10x_i2c.o
I2C_ITConfig                                      build/obj/stm32f10x_i2c.o
I2C_Init                                          build/obj/stm32f10x_i2c.o
I2C_NACKPositionConfig                            build/obj/stm32f10x_i2c.o
I2C_OwnAddress2Config                             build/obj/stm32f10x_i2c.o
I2C_PECPositionConfig                             build/obj/stm32f10x_i2c.o
I2C_ReadRegister                                  build/obj/stm32f10x_i2c.o
I2C_ReceiveData                                   build/obj/stm32f10x_i2c.o
I2C_SMBusAlertConfig                              build/obj/stm32f10x_i2c.o
I2C_Send7bitAddress                               build/obj/stm32f10x_i2c.o
I2C_SendData                                      build/obj/stm32f10x_i2c.o
I2C_SoftwareResetCmd                              build/obj/stm32f10x_i2c.o
I2C_StretchClockCmd                               build/obj/stm32f10x_i2c.o
I2C_StructInit                                    build/obj/stm32f10x_i2c.o
I2C_TransmitPEC                                   build/obj/stm32f10x_i2c.o
I2S_Cmd                                           build/obj/stm32f10x_spi.o
I2S_Init                                          build/obj/stm32f10x_spi.o
I2S_StructInit                                    build/obj/stm32f10x_spi.o
IWDG_Enable                                       build/obj/stm32f10x_iwdg.o
IWDG_GetFlagStatus                                build/obj/stm32f10x_iwdg.o
IWDG_ReloadCounter                                build/obj/stm32f10x_iwdg.o
IWDG_SetPrescaler                                 build/obj/stm32f10x_iwdg.o
IWDG_SetReload                                    build/obj/stm32f10x_iwdg.o
IWDG_WriteAccessCmd                               build/obj/stm32f10x_iwdg.o
MemManage_Handler                                 build/obj/stm32f10x_it.o
NMI_Handler                                       build/obj/stm32f10x_it.o
NVIC_Init                                         build/obj/misc.o
                                                  build/obj/key.o
                                                  build/obj/Serialaa.o
NVIC_PriorityGroupConfig                          build/obj/misc.o
NVIC_SetVectorTable                               build/obj/misc.o
NVIC_SystemLPConfig                               build/obj/misc.o
OLED_Clear                                        build/obj/OLED.o
                                                  build/obj/main.o
OLED_F8x16                                        build/obj/OLED.o
OLED_I2C_Init                                     build/obj/OLED.o
OLED_I2C_SendByte                                 build/obj/OLED.o
OLED_I2C_Start                                    build/obj/OLED.o
OLED_I2C_Stop                                     build/obj/OLED.o
OLED_Init                                         build/obj/OLED.o
                                                  build/obj/main.o
OLED_Pow                                          build/obj/OLED.o
OLED_SetCursor                                    build/obj/OLED.o
OLED_ShowBinNum                                   build/obj/OLED.o
OLED_ShowChar                                     build/obj/OLED.o
                                                  build/obj/main.o
OLED_ShowHexNum                                   build/obj/OLED.o
OLED_ShowNum                                      build/obj/OLED.o
OLED_ShowSignedNum                                build/obj/OLED.o
OLED_ShowString                                   build/obj/OLED.o
                                                  build/obj/main.o
OLED_WriteCommand                                 build/obj/OLED.o
OLED_WriteData                                    build/obj/OLED.o
PVD_IRQHandler                                    build/obj/startup_stm32f10x_md.o
PWR_BackupAccessCmd                               build/obj/stm32f10x_pwr.o
PWR_ClearFlag                                     build/obj/stm32f10x_pwr.o
PWR_DeInit                                        build/obj/stm32f10x_pwr.o
PWR_EnterSTANDBYMode                              build/obj/stm32f10x_pwr.o
PWR_EnterSTOPMode                                 build/obj/stm32f10x_pwr.o
PWR_GetFlagStatus                                 build/obj/stm32f10x_pwr.o
PWR_PVDCmd                                        build/obj/stm32f10x_pwr.o
PWR_PVDLevelConfig                                build/obj/stm32f10x_pwr.o
PWR_WakeUpPinCmd                                  build/obj/stm32f10x_pwr.o
PendSV_Handler                                    build/obj/stm32f10x_it.o
RCC_ADCCLKConfig                                  build/obj/stm32f10x_rcc.o
RCC_AHBPeriphClockCmd                             build/obj/stm32f10x_rcc.o
RCC_APB1PeriphClockCmd                            build/obj/stm32f10x_rcc.o
                                                  build/obj/key.o
RCC_APB1PeriphResetCmd                            build/obj/stm32f10x_rcc.o
                                                  build/obj/stm32f10x_wwdg.o
                                                  build/obj/stm32f10x_usart.o
                                                  build/obj/stm32f10x_tim.o
                                                  build/obj/stm32f10x_spi.o
                                                  build/obj/stm32f10x_pwr.o
                                                  build/obj/stm32f10x_i2c.o
                                                  build/obj/stm32f10x_dac.o
                                                  build/obj/stm32f10x_cec.o
                                                  build/obj/stm32f10x_can.o
RCC_APB2PeriphClockCmd                            build/obj/stm32f10x_rcc.o
                                                  build/obj/key.o
                                                  build/obj/Serialaa.o
                                                  build/obj/OLED.o
                                                  build/obj/main.o
RCC_APB2PeriphResetCmd                            build/obj/stm32f10x_rcc.o
                                                  build/obj/stm32f10x_usart.o
                                                  build/obj/stm32f10x_tim.o
                                                  build/obj/stm32f10x_spi.o
                                                  build/obj/stm32f10x_gpio.o
                                                  build/obj/stm32f10x_adc.o
RCC_AdjustHSICalibrationValue                     build/obj/stm32f10x_rcc.o
RCC_BackupResetCmd                                build/obj/stm32f10x_rcc.o
                                                  build/obj/stm32f10x_bkp.o
RCC_ClearFlag                                     build/obj/stm32f10x_rcc.o
RCC_ClearITPendingBit                             build/obj/stm32f10x_rcc.o
RCC_ClockSecuritySystemCmd                        build/obj/stm32f10x_rcc.o
RCC_DeInit                                        build/obj/stm32f10x_rcc.o
RCC_GetClocksFreq                                 build/obj/stm32f10x_rcc.o
                                                  build/obj/stm32f10x_usart.o
                                                  build/obj/stm32f10x_spi.o
                                                  build/obj/stm32f10x_i2c.o
RCC_GetFlagStatus                                 build/obj/stm32f10x_rcc.o
RCC_GetITStatus                                   build/obj/stm32f10x_rcc.o
RCC_GetSYSCLKSource                               build/obj/stm32f10x_rcc.o
RCC_HCLKConfig                                    build/obj/stm32f10x_rcc.o
RCC_HSEConfig                                     build/obj/stm32f10x_rcc.o
RCC_HSICmd                                        build/obj/stm32f10x_rcc.o
RCC_IRQHandler                                    build/obj/startup_stm32f10x_md.o
RCC_ITConfig                                      build/obj/stm32f10x_rcc.o
RCC_LSEConfig                                     build/obj/stm32f10x_rcc.o
RCC_LSICmd                                        build/obj/stm32f10x_rcc.o
RCC_MCOConfig                                     build/obj/stm32f10x_rcc.o
RCC_PCLK1Config                                   build/obj/stm32f10x_rcc.o
RCC_PCLK2Config                                   build/obj/stm32f10x_rcc.o
RCC_PLLCmd                                        build/obj/stm32f10x_rcc.o
RCC_PLLConfig                                     build/obj/stm32f10x_rcc.o
RCC_RTCCLKCmd                                     build/obj/stm32f10x_rcc.o
RCC_RTCCLKConfig                                  build/obj/stm32f10x_rcc.o
RCC_SYSCLKConfig                                  build/obj/stm32f10x_rcc.o
RCC_USBCLKConfig                                  build/obj/stm32f10x_rcc.o
RCC_WaitForHSEStartUp                             build/obj/stm32f10x_rcc.o
RTCAlarm_IRQHandler                               build/obj/startup_stm32f10x_md.o
RTC_ClearFlag                                     build/obj/stm32f10x_rtc.o
RTC_ClearITPendingBit                             build/obj/stm32f10x_rtc.o
RTC_EnterConfigMode                               build/obj/stm32f10x_rtc.o
RTC_ExitConfigMode                                build/obj/stm32f10x_rtc.o
RTC_GetCounter                                    build/obj/stm32f10x_rtc.o
RTC_GetDivider                                    build/obj/stm32f10x_rtc.o
RTC_GetFlagStatus                                 build/obj/stm32f10x_rtc.o
RTC_GetITStatus                                   build/obj/stm32f10x_rtc.o
RTC_IRQHandler                                    build/obj/startup_stm32f10x_md.o
RTC_ITConfig                                      build/obj/stm32f10x_rtc.o
RTC_SetAlarm                                      build/obj/stm32f10x_rtc.o
RTC_SetCounter                                    build/obj/stm32f10x_rtc.o
RTC_SetPrescaler                                  build/obj/stm32f10x_rtc.o
RTC_WaitForLastTask                               build/obj/stm32f10x_rtc.o
RTC_WaitForSynchro                                build/obj/stm32f10x_rtc.o
Reset_Handler                                     build/obj/startup_stm32f10x_md.o
RxBuffer                                          build/obj/main.o
                                                  build/obj/Serialaa.o
RxCounter                                         build/obj/Serialaa.o
SDIO_CEATAITCmd                                   build/obj/stm32f10x_sdio.o
SDIO_ClearFlag                                    build/obj/stm32f10x_sdio.o
SDIO_ClearITPendingBit                            build/obj/stm32f10x_sdio.o
SDIO_ClockCmd                                     build/obj/stm32f10x_sdio.o
SDIO_CmdStructInit                                build/obj/stm32f10x_sdio.o
SDIO_CommandCompletionCmd                         build/obj/stm32f10x_sdio.o
SDIO_DMACmd                                       build/obj/stm32f10x_sdio.o
SDIO_DataConfig                                   build/obj/stm32f10x_sdio.o
SDIO_DataStructInit                               build/obj/stm32f10x_sdio.o
SDIO_DeInit                                       build/obj/stm32f10x_sdio.o
SDIO_GetCommandResponse                           build/obj/stm32f10x_sdio.o
SDIO_GetDataCounter                               build/obj/stm32f10x_sdio.o
SDIO_GetFIFOCount                                 build/obj/stm32f10x_sdio.o
SDIO_GetFlagStatus                                build/obj/stm32f10x_sdio.o
SDIO_GetITStatus                                  build/obj/stm32f10x_sdio.o
SDIO_GetPowerState                                build/obj/stm32f10x_sdio.o
SDIO_GetResponse                                  build/obj/stm32f10x_sdio.o
SDIO_ITConfig                                     build/obj/stm32f10x_sdio.o
SDIO_Init                                         build/obj/stm32f10x_sdio.o
SDIO_ReadData                                     build/obj/stm32f10x_sdio.o
SDIO_SendCEATACmd                                 build/obj/stm32f10x_sdio.o
SDIO_SendCommand                                  build/obj/stm32f10x_sdio.o
SDIO_SendSDIOSuspendCmd                           build/obj/stm32f10x_sdio.o
SDIO_SetPowerState                                build/obj/stm32f10x_sdio.o
SDIO_SetSDIOOperation                             build/obj/stm32f10x_sdio.o
SDIO_SetSDIOReadWaitMode                          build/obj/stm32f10x_sdio.o
SDIO_StartSDIOReadWait                            build/obj/stm32f10x_sdio.o
SDIO_StopSDIOReadWait                             build/obj/stm32f10x_sdio.o
SDIO_StructInit                                   build/obj/stm32f10x_sdio.o
SDIO_WriteData                                    build/obj/stm32f10x_sdio.o
SPI1_IRQHandler                                   build/obj/startup_stm32f10x_md.o
SPI2_IRQHandler                                   build/obj/startup_stm32f10x_md.o
SPI_BiDirectionalLineConfig                       build/obj/stm32f10x_spi.o
SPI_CalculateCRC                                  build/obj/stm32f10x_spi.o
SPI_Cmd                                           build/obj/stm32f10x_spi.o
SPI_DataSizeConfig                                build/obj/stm32f10x_spi.o
SPI_GetCRC                                        build/obj/stm32f10x_spi.o
SPI_GetCRCPolynomial                              build/obj/stm32f10x_spi.o
SPI_I2S_ClearFlag                                 build/obj/stm32f10x_spi.o
SPI_I2S_ClearITPendingBit                         build/obj/stm32f10x_spi.o
SPI_I2S_DMACmd                                    build/obj/stm32f10x_spi.o
SPI_I2S_DeInit                                    build/obj/stm32f10x_spi.o
SPI_I2S_GetFlagStatus                             build/obj/stm32f10x_spi.o
SPI_I2S_GetITStatus                               build/obj/stm32f10x_spi.o
SPI_I2S_ITConfig                                  build/obj/stm32f10x_spi.o
SPI_I2S_ReceiveData                               build/obj/stm32f10x_spi.o
SPI_I2S_SendData                                  build/obj/stm32f10x_spi.o
SPI_Init                                          build/obj/stm32f10x_spi.o
SPI_NSSInternalSoftwareConfig                     build/obj/stm32f10x_spi.o
SPI_SSOutputCmd                                   build/obj/stm32f10x_spi.o
SPI_StructInit                                    build/obj/stm32f10x_spi.o
SPI_TransmitCRC                                   build/obj/stm32f10x_spi.o
SVC_Handler                                       build/obj/stm32f10x_it.o
SysTick_CLKSourceConfig                           build/obj/misc.o
SysTick_Handler                                   build/obj/stm32f10x_it.o
SystemCoreClock                                   build/obj/system_stm32f10x.o
SystemCoreClockUpdate                             build/obj/system_stm32f10x.o
SystemInit                                        build/obj/system_stm32f10x.o
                                                  build/obj/startup_stm32f10x_md.o
TAMPER_IRQHandler                                 build/obj/startup_stm32f10x_md.o
TIM1_BRK_IRQHandler                               build/obj/startup_stm32f10x_md.o
TIM1_CC_IRQHandler                                build/obj/startup_stm32f10x_md.o
TIM1_TRG_COM_IRQHandler                           build/obj/startup_stm32f10x_md.o
TIM1_UP_IRQHandler                                build/obj/startup_stm32f10x_md.o
TIM2_IRQHandler                                   build/obj/key.o
                                                  build/obj/main.o
TIM2_Init                                         build/obj/key.o
                                                  build/obj/main.o
TIM3_IRQHandler                                   build/obj/startup_stm32f10x_md.o
TIM4_IRQHandler                                   build/obj/startup_stm32f10x_md.o
TIM_ARRPreloadConfig                              build/obj/stm32f10x_tim.o
TIM_BDTRConfig                                    build/obj/stm32f10x_tim.o
TIM_BDTRStructInit                                build/obj/stm32f10x_tim.o
TIM_CCPreloadControl                              build/obj/stm32f10x_tim.o
TIM_CCxCmd                                        build/obj/stm32f10x_tim.o
TIM_CCxNCmd                                       build/obj/stm32f10x_tim.o
TIM_ClearFlag                                     build/obj/stm32f10x_tim.o
                                                  build/obj/key.o
TIM_ClearITPendingBit                             build/obj/stm32f10x_tim.o
                                                  build/obj/key.o
TIM_ClearOC1Ref                                   build/obj/stm32f10x_tim.o
TIM_ClearOC2Ref                                   build/obj/stm32f10x_tim.o
TIM_ClearOC3Ref                                   build/obj/stm32f10x_tim.o
TIM_ClearOC4Ref                                   build/obj/stm32f10x_tim.o
TIM_Cmd                                           build/obj/stm32f10x_tim.o
                                                  build/obj/key.o
TIM_CounterModeConfig                             build/obj/stm32f10x_tim.o
TIM_CtrlPWMOutputs                                build/obj/stm32f10x_tim.o
TIM_DMACmd                                        build/obj/stm32f10x_tim.o
TIM_DMAConfig                                     build/obj/stm32f10x_tim.o
TIM_DeInit                                        build/obj/stm32f10x_tim.o
TIM_ETRClockMode1Config                           build/obj/stm32f10x_tim.o
TIM_ETRClockMode2Config                           build/obj/stm32f10x_tim.o
TIM_ETRConfig                                     build/obj/stm32f10x_tim.o
TIM_EncoderInterfaceConfig                        build/obj/stm32f10x_tim.o
TIM_ForcedOC1Config                               build/obj/stm32f10x_tim.o
TIM_ForcedOC2Config                               build/obj/stm32f10x_tim.o
TIM_ForcedOC3Config                               build/obj/stm32f10x_tim.o
TIM_ForcedOC4Config                               build/obj/stm32f10x_tim.o
TIM_GenerateEvent                                 build/obj/stm32f10x_tim.o
TIM_GetCapture1                                   build/obj/stm32f10x_tim.o
TIM_GetCapture2                                   build/obj/stm32f10x_tim.o
TIM_GetCapture3                                   build/obj/stm32f10x_tim.o
TIM_GetCapture4                                   build/obj/stm32f10x_tim.o
TIM_GetCounter                                    build/obj/stm32f10x_tim.o
TIM_GetFlagStatus                                 build/obj/stm32f10x_tim.o
TIM_GetITStatus                                   build/obj/stm32f10x_tim.o
                                                  build/obj/key.o
TIM_GetPrescaler                                  build/obj/stm32f10x_tim.o
TIM_ICInit                                        build/obj/stm32f10x_tim.o
TIM_ICStructInit                                  build/obj/stm32f10x_tim.o
TIM_ITConfig                                      build/obj/stm32f10x_tim.o
                                                  build/obj/key.o
TIM_ITRxExternalClockConfig                       build/obj/stm32f10x_tim.o
TIM_InternalClockConfig                           build/obj/stm32f10x_tim.o
TIM_OC1FastConfig                                 build/obj/stm32f10x_tim.o
TIM_OC1Init                                       build/obj/stm32f10x_tim.o
TIM_OC1NPolarityConfig                            build/obj/stm32f10x_tim.o
TIM_OC1PolarityConfig                             build/obj/stm32f10x_tim.o
TIM_OC1PreloadConfig                              build/obj/stm32f10x_tim.o
TIM_OC2FastConfig                                 build/obj/stm32f10x_tim.o
TIM_OC2Init                                       build/obj/stm32f10x_tim.o
TIM_OC2NPolarityConfig                            build/obj/stm32f10x_tim.o
TIM_OC2PolarityConfig                             build/obj/stm32f10x_tim.o
TIM_OC2PreloadConfig                              build/obj/stm32f10x_tim.o
TIM_OC3FastConfig                                 build/obj/stm32f10x_tim.o
TIM_OC3Init                                       build/obj/stm32f10x_tim.o
TIM_OC3NPolarityConfig                            build/obj/stm32f10x_tim.o
TIM_OC3PolarityConfig                             build/obj/stm32f10x_tim.o
TIM_OC3PreloadConfig                              build/obj/stm32f10x_tim.o
TIM_OC4FastConfig                                 build/obj/stm32f10x_tim.o
TIM_OC4Init                                       build/obj/stm32f10x_tim.o
TIM_OC4PolarityConfig                             build/obj/stm32f10x_tim.o
TIM_OC4PreloadConfig                              build/obj/stm32f10x_tim.o
TIM_OCStructInit                                  build/obj/stm32f10x_tim.o
TIM_PWMIConfig                                    build/obj/stm32f10x_tim.o
TIM_PrescalerConfig                               build/obj/stm32f10x_tim.o
TIM_SelectCCDMA                                   build/obj/stm32f10x_tim.o
TIM_SelectCOM                                     build/obj/stm32f10x_tim.o
TIM_SelectHallSensor                              build/obj/stm32f10x_tim.o
TIM_SelectInputTrigger                            build/obj/stm32f10x_tim.o
TIM_SelectMasterSlaveMode                         build/obj/stm32f10x_tim.o
TIM_SelectOCxM                                    build/obj/stm32f10x_tim.o
TIM_SelectOnePulseMode                            build/obj/stm32f10x_tim.o
TIM_SelectOutputTrigger                           build/obj/stm32f10x_tim.o
TIM_SelectSlaveMode                               build/obj/stm32f10x_tim.o
TIM_SetAutoreload                                 build/obj/stm32f10x_tim.o
TIM_SetClockDivision                              build/obj/stm32f10x_tim.o
TIM_SetCompare1                                   build/obj/stm32f10x_tim.o
TIM_SetCompare2                                   build/obj/stm32f10x_tim.o
TIM_SetCompare3                                   build/obj/stm32f10x_tim.o
TIM_SetCompare4                                   build/obj/stm32f10x_tim.o
TIM_SetCounter                                    build/obj/stm32f10x_tim.o
TIM_SetIC1Prescaler                               build/obj/stm32f10x_tim.o
TIM_SetIC2Prescaler                               build/obj/stm32f10x_tim.o
TIM_SetIC3Prescaler                               build/obj/stm32f10x_tim.o
TIM_SetIC4Prescaler                               build/obj/stm32f10x_tim.o
TIM_TIxExternalClockConfig                        build/obj/stm32f10x_tim.o
TIM_TimeBaseInit                                  build/obj/stm32f10x_tim.o
                                                  build/obj/key.o
TIM_TimeBaseStructInit                            build/obj/stm32f10x_tim.o
TIM_UpdateDisableConfig                           build/obj/stm32f10x_tim.o
TIM_UpdateRequestConfig                           build/obj/stm32f10x_tim.o
USART1_IRQHandler                                 build/obj/Serialaa.o
USART1_Init                                       build/obj/Serialaa.o
                                                  build/obj/main.o
USART2_IRQHandler                                 build/obj/startup_stm32f10x_md.o
USART3_IRQHandler                                 build/obj/startup_stm32f10x_md.o
USART_ClearFlag                                   build/obj/stm32f10x_usart.o
USART_ClearITPendingBit                           build/obj/stm32f10x_usart.o
USART_ClockInit                                   build/obj/stm32f10x_usart.o
USART_ClockStructInit                             build/obj/stm32f10x_usart.o
USART_Cmd                                         build/obj/stm32f10x_usart.o
                                                  build/obj/Serialaa.o
USART_DMACmd                                      build/obj/stm32f10x_usart.o
USART_DeInit                                      build/obj/stm32f10x_usart.o
USART_GetFlagStatus                               build/obj/stm32f10x_usart.o
USART_GetITStatus                                 build/obj/stm32f10x_usart.o
                                                  build/obj/Serialaa.o
USART_HalfDuplexCmd                               build/obj/stm32f10x_usart.o
USART_ITConfig                                    build/obj/stm32f10x_usart.o
                                                  build/obj/Serialaa.o
USART_Init                                        build/obj/stm32f10x_usart.o
                                                  build/obj/Serialaa.o
USART_IrDACmd                                     build/obj/stm32f10x_usart.o
USART_IrDAConfig                                  build/obj/stm32f10x_usart.o
USART_LINBreakDetectLengthConfig                  build/obj/stm32f10x_usart.o
USART_LINCmd                                      build/obj/stm32f10x_usart.o
USART_OneBitMethodCmd                             build/obj/stm32f10x_usart.o
USART_OverSampling8Cmd                            build/obj/stm32f10x_usart.o
USART_ReceiveData                                 build/obj/stm32f10x_usart.o
                                                  build/obj/Serialaa.o
USART_ReceiverWakeUpCmd                           build/obj/stm32f10x_usart.o
USART_SendBreak                                   build/obj/stm32f10x_usart.o
USART_SendData                                    build/obj/stm32f10x_usart.o
USART_SetAddress                                  build/obj/stm32f10x_usart.o
USART_SetGuardTime                                build/obj/stm32f10x_usart.o
USART_SetPrescaler                                build/obj/stm32f10x_usart.o
USART_SmartCardCmd                                build/obj/stm32f10x_usart.o
USART_SmartCardNACKCmd                            build/obj/stm32f10x_usart.o
USART_StructInit                                  build/obj/stm32f10x_usart.o
USART_WakeUpConfig                                build/obj/stm32f10x_usart.o
USBWakeUp_IRQHandler                              build/obj/startup_stm32f10x_md.o
USB_HP_CAN1_TX_IRQHandler                         build/obj/startup_stm32f10x_md.o
USB_LP_CAN1_RX0_IRQHandler                        build/obj/startup_stm32f10x_md.o
UsageFault_Handler                                build/obj/stm32f10x_it.o
WWDG_ClearFlag                                    build/obj/stm32f10x_wwdg.o
WWDG_DeInit                                       build/obj/stm32f10x_wwdg.o
WWDG_Enable                                       build/obj/stm32f10x_wwdg.o
WWDG_EnableIT                                     build/obj/stm32f10x_wwdg.o
WWDG_GetFlagStatus                                build/obj/stm32f10x_wwdg.o
WWDG_IRQHandler                                   build/obj/startup_stm32f10x_md.o
WWDG_SetCounter                                   build/obj/stm32f10x_wwdg.o
WWDG_SetPrescaler                                 build/obj/stm32f10x_wwdg.o
WWDG_SetWindowValue                               build/obj/stm32f10x_wwdg.o
__aeabi_idiv0                                     /usr/lib/gcc/arm-none-eabi/14.1.0/libgcc.a(_dvmd_tls.o)
                                                  /usr/lib/gcc/arm-none-eabi/14.1.0/libgcc.a(_udivsi3.o)
__aeabi_ldiv0                                     /usr/lib/gcc/arm-none-eabi/14.1.0/libgcc.a(_dvmd_tls.o)
__aeabi_uidiv                                     /usr/lib/gcc/arm-none-eabi/14.1.0/libgcc.a(_udivsi3.o)
                                                  /usr/lib/gcc/arm-none-eabi/14.1.0/../../../../arm-none-eabi/lib/libc.a(libc_a-freer.o)
__aeabi_uidivmod                                  /usr/lib/gcc/arm-none-eabi/14.1.0/libgcc.a(_udivsi3.o)
__atexit                                          /usr/lib/gcc/arm-none-eabi/14.1.0/../../../../arm-none-eabi/lib/libc.a(libc_a-__call_atexit.o)
                                                  /usr/lib/gcc/arm-none-eabi/14.1.0/../../../../arm-none-eabi/lib/libc.a(libc_a-__atexit.o)
__atexit0                                         /usr/lib/gcc/arm-none-eabi/14.1.0/../../../../arm-none-eabi/lib/libc.a(libc_a-__atexit.o)
__atexit_recursive_mutex                          /usr/lib/gcc/arm-none-eabi/14.1.0/../../../../arm-none-eabi/lib/libc.a(libc_a-__call_atexit.o)
                                                  /usr/lib/gcc/arm-none-eabi/14.1.0/../../../../arm-none-eabi/lib/libc.a(libc_a-__atexit.o)
__bss_end__                                       /usr/lib/gcc/arm-none-eabi/14.1.0/../../../../arm-none-eabi/lib/crt0.o
__bss_start__                                     /usr/lib/gcc/arm-none-eabi/14.1.0/../../../../arm-none-eabi/lib/crt0.o
__call_exitprocs                                  /usr/lib/gcc/arm-none-eabi/14.1.0/../../../../arm-none-eabi/lib/libc.a(libc_a-__call_atexit.o)
                                                  /usr/lib/gcc/arm-none-eabi/14.1.0/../../../../arm-none-eabi/lib/libc.a(libc_a-exit.o)
__deregister_frame_info                           /usr/lib/gcc/arm-none-eabi/14.1.0/crtbegin.o
__dso_handle                                      /usr/lib/gcc/arm-none-eabi/14.1.0/crtbegin.o
__errno                                           /usr/lib/gcc/arm-none-eabi/14.1.0/../../../../arm-none-eabi/lib/libc.a(libc_a-errno.o)
                                                  /usr/lib/gcc/arm-none-eabi/14.1.0/../../../../arm-none-eabi/lib/libc.a(libc_a-sysconf.o)
__fini_array_end                                  /usr/lib/gcc/arm-none-eabi/14.1.0/../../../../arm-none-eabi/lib/libc.a(libc_a-fini.o)
__fini_array_start                                /usr/lib/gcc/arm-none-eabi/14.1.0/../../../../arm-none-eabi/lib/libc.a(libc_a-fini.o)
__fp_lock_all                                     /usr/lib/gcc/arm-none-eabi/14.1.0/../../../../arm-none-eabi/lib/libc.a(libc_a-findfp.o)
__fp_unlock_all                                   /usr/lib/gcc/arm-none-eabi/14.1.0/../../../../arm-none-eabi/lib/libc.a(libc_a-findfp.o)
__init_array_end                                  /usr/lib/gcc/arm-none-eabi/14.1.0/../../../../arm-none-eabi/lib/libc.a(libc_a-init.o)
__init_array_start                                /usr/lib/gcc/arm-none-eabi/14.1.0/../../../../arm-none-eabi/lib/libc.a(libc_a-init.o)
__libc_fini                                       /usr/lib/gcc/arm-none-eabi/14.1.0/../../../../arm-none-eabi/lib/libc.a(libc_a-__call_atexit.o)
__libc_fini_array                                 /usr/lib/gcc/arm-none-eabi/14.1.0/../../../../arm-none-eabi/lib/libc.a(libc_a-fini.o)
                                                  /usr/lib/gcc/arm-none-eabi/14.1.0/../../../../arm-none-eabi/lib/libc.a(libc_a-__call_atexit.o)
                                                  /usr/lib/gcc/arm-none-eabi/14.1.0/../../../../arm-none-eabi/lib/crt0.o
__libc_init_array                                 /usr/lib/gcc/arm-none-eabi/14.1.0/../../../../arm-none-eabi/lib/libc.a(libc_a-init.o)
                                                  /usr/lib/gcc/arm-none-eabi/14.1.0/../../../../arm-none-eabi/lib/crt0.o
__lock___arc4random_mutex                         /usr/lib/gcc/arm-none-eabi/14.1.0/../../../../arm-none-eabi/lib/libc.a(libc_a-lock.o)
__lock___at_quick_exit_mutex                      /usr/lib/gcc/arm-none-eabi/14.1.0/../../../../arm-none-eabi/lib/libc.a(libc_a-lock.o)
__lock___atexit_recursive_mutex                   /usr/lib/gcc/arm-none-eabi/14.1.0/../../../../arm-none-eabi/lib/libc.a(libc_a-lock.o)
                                                  /usr/lib/gcc/arm-none-eabi/14.1.0/../../../../arm-none-eabi/lib/libc.a(libc_a-__call_atexit.o)
__lock___dd_hash_mutex                            /usr/lib/gcc/arm-none-eabi/14.1.0/../../../../arm-none-eabi/lib/libc.a(libc_a-lock.o)
__lock___env_recursive_mutex                      /usr/lib/gcc/arm-none-eabi/14.1.0/../../../../arm-none-eabi/lib/libc.a(libc_a-lock.o)
__lock___malloc_recursive_mutex                   /usr/lib/gcc/arm-none-eabi/14.1.0/../../../../arm-none-eabi/lib/libc.a(libc_a-lock.o)
                                                  /usr/lib/gcc/arm-none-eabi/14.1.0/../../../../arm-none-eabi/lib/libc.a(libc_a-mlock.o)
__lock___sfp_recursive_mutex                      /usr/lib/gcc/arm-none-eabi/14.1.0/../../../../arm-none-eabi/lib/libc.a(libc_a-lock.o)
                                                  /usr/lib/gcc/arm-none-eabi/14.1.0/../../../../arm-none-eabi/lib/libc.a(libc_a-findfp.o)
__lock___tz_mutex                                 /usr/lib/gcc/arm-none-eabi/14.1.0/../../../../arm-none-eabi/lib/libc.a(libc_a-lock.o)
__malloc_av_                                      /usr/lib/gcc/arm-none-eabi/14.1.0/../../../../arm-none-eabi/lib/libc.a(libc_a-mallocr.o)
                                                  /usr/lib/gcc/arm-none-eabi/14.1.0/../../../../arm-none-eabi/lib/libc.a(libc_a-freer.o)
__malloc_current_mallinfo                         /usr/lib/gcc/arm-none-eabi/14.1.0/../../../../arm-none-eabi/lib/libc.a(libc_a-mallocr.o)
                                                  /usr/lib/gcc/arm-none-eabi/14.1.0/../../../../arm-none-eabi/lib/libc.a(libc_a-freer.o)
__malloc_lock                                     /usr/lib/gcc/arm-none-eabi/14.1.0/../../../../arm-none-eabi/lib/libc.a(libc_a-mlock.o)
                                                  /usr/lib/gcc/arm-none-eabi/14.1.0/../../../../arm-none-eabi/lib/libc.a(libc_a-mallocr.o)
                                                  /usr/lib/gcc/arm-none-eabi/14.1.0/../../../../arm-none-eabi/lib/libc.a(libc_a-freer.o)
__malloc_max_sbrked_mem                           /usr/lib/gcc/arm-none-eabi/14.1.0/../../../../arm-none-eabi/lib/libc.a(libc_a-mallocr.o)
__malloc_max_total_mem                            /usr/lib/gcc/arm-none-eabi/14.1.0/../../../../arm-none-eabi/lib/libc.a(libc_a-mallocr.o)
__malloc_sbrk_base                                /usr/lib/gcc/arm-none-eabi/14.1.0/../../../../arm-none-eabi/lib/libc.a(libc_a-mallocr.o)
                                                  /usr/lib/gcc/arm-none-eabi/14.1.0/../../../../arm-none-eabi/lib/libc.a(libc_a-freer.o)
__malloc_top_pad                                  /usr/lib/gcc/arm-none-eabi/14.1.0/../../../../arm-none-eabi/lib/libc.a(libc_a-mallocr.o)
                                                  /usr/lib/gcc/arm-none-eabi/14.1.0/../../../../arm-none-eabi/lib/libc.a(libc_a-freer.o)
__malloc_trim_threshold                           /usr/lib/gcc/arm-none-eabi/14.1.0/../../../../arm-none-eabi/lib/libc.a(libc_a-mallocr.o)
                                                  /usr/lib/gcc/arm-none-eabi/14.1.0/../../../../arm-none-eabi/lib/libc.a(libc_a-freer.o)
__malloc_unlock                                   /usr/lib/gcc/arm-none-eabi/14.1.0/../../../../arm-none-eabi/lib/libc.a(libc_a-mlock.o)
                                                  /usr/lib/gcc/arm-none-eabi/14.1.0/../../../../arm-none-eabi/lib/libc.a(libc_a-mallocr.o)
                                                  /usr/lib/gcc/arm-none-eabi/14.1.0/../../../../arm-none-eabi/lib/libc.a(libc_a-freer.o)
__preinit_array_end                               /usr/lib/gcc/arm-none-eabi/14.1.0/../../../../arm-none-eabi/lib/libc.a(libc_a-init.o)
__preinit_array_start                             /usr/lib/gcc/arm-none-eabi/14.1.0/../../../../arm-none-eabi/lib/libc.a(libc_a-init.o)
__register_exitproc                               /usr/lib/gcc/arm-none-eabi/14.1.0/../../../../arm-none-eabi/lib/libc.a(libc_a-__atexit.o)
                                                  /usr/lib/gcc/arm-none-eabi/14.1.0/../../../../arm-none-eabi/lib/libc.a(libc_a-atexit.o)
__register_frame_info                             /usr/lib/gcc/arm-none-eabi/14.1.0/crtbegin.o
__retarget_lock_acquire                           /usr/lib/gcc/arm-none-eabi/14.1.0/../../../../arm-none-eabi/lib/libc.a(libc_a-lock.o)
__retarget_lock_acquire_recursive                 /usr/lib/gcc/arm-none-eabi/14.1.0/../../../../arm-none-eabi/lib/libc.a(libc_a-lock.o)
                                                  /usr/lib/gcc/arm-none-eabi/14.1.0/../../../../arm-none-eabi/lib/libc.a(libc_a-fflush.o)
                                                  /usr/lib/gcc/arm-none-eabi/14.1.0/../../../../arm-none-eabi/lib/libc.a(libc_a-fclose.o)
                                                  /usr/lib/gcc/arm-none-eabi/14.1.0/../../../../arm-none-eabi/lib/libc.a(libc_a-mlock.o)
                                                  /usr/lib/gcc/arm-none-eabi/14.1.0/../../../../arm-none-eabi/lib/libc.a(libc_a-__call_atexit.o)
                                                  /usr/lib/gcc/arm-none-eabi/14.1.0/../../../../arm-none-eabi/lib/libc.a(libc_a-__atexit.o)
                                                  /usr/lib/gcc/arm-none-eabi/14.1.0/../../../../arm-none-eabi/lib/libc.a(libc_a-findfp.o)
__retarget_lock_close                             /usr/lib/gcc/arm-none-eabi/14.1.0/../../../../arm-none-eabi/lib/libc.a(libc_a-lock.o)
__retarget_lock_close_recursive                   /usr/lib/gcc/arm-none-eabi/14.1.0/../../../../arm-none-eabi/lib/libc.a(libc_a-lock.o)
                                                  /usr/lib/gcc/arm-none-eabi/14.1.0/../../../../arm-none-eabi/lib/libc.a(libc_a-fclose.o)
__retarget_lock_init                              /usr/lib/gcc/arm-none-eabi/14.1.0/../../../../arm-none-eabi/lib/libc.a(libc_a-lock.o)
__retarget_lock_init_recursive                    /usr/lib/gcc/arm-none-eabi/14.1.0/../../../../arm-none-eabi/lib/libc.a(libc_a-lock.o)
                                                  /usr/lib/gcc/arm-none-eabi/14.1.0/../../../../arm-none-eabi/lib/libc.a(libc_a-findfp.o)
__retarget_lock_release                           /usr/lib/gcc/arm-none-eabi/14.1.0/../../../../arm-none-eabi/lib/libc.a(libc_a-lock.o)
__retarget_lock_release_recursive                 /usr/lib/gcc/arm-none-eabi/14.1.0/../../../../arm-none-eabi/lib/libc.a(libc_a-lock.o)
                                                  /usr/lib/gcc/arm-none-eabi/14.1.0/../../../../arm-none-eabi/lib/libc.a(libc_a-fflush.o)
                                                  /usr/lib/gcc/arm-none-eabi/14.1.0/../../../../arm-none-eabi/lib/libc.a(libc_a-fclose.o)
                                                  /usr/lib/gcc/arm-none-eabi/14.1.0/../../../../arm-none-eabi/lib/libc.a(libc_a-mlock.o)
                                                  /usr/lib/gcc/arm-none-eabi/14.1.0/../../../../arm-none-eabi/lib/libc.a(libc_a-__call_atexit.o)