Archive member included to satisfy reference by file (symbol)

/usr/lib/gcc/arm-none-eabi/14.2.0/../../../../arm-none-eabi/lib/libc.a(libc_a-atexit.o)
                              /usr/lib/gcc/arm-none-eabi/14.2.0/../../../../arm-none-eabi/lib/crt0.o (atexit)
/usr/lib/gcc/arm-none-eabi/14.2.0/../../../../arm-none-eabi/lib/libc.a(libc_a-exit.o)
                              /usr/lib/gcc/arm-none-eabi/14.2.0/../../../../arm-none-eabi/lib/crt0.o (exit)
/usr/lib/gcc/arm-none-eabi/14.2.0/../../../../arm-none-eabi/lib/libc.a(libc_a-findfp.o)
                              /usr/lib/gcc/arm-none-eabi/14.2.0/../../../../arm-none-eabi/lib/libc.a(libc_a-exit.o) (__stdio_exit_handler)
/usr/lib/gcc/arm-none-eabi/14.2.0/../../../../arm-none-eabi/lib/libc.a(libc_a-fwalk.o)
                              /usr/lib/gcc/arm-none-eabi/14.2.0/../../../../arm-none-eabi/lib/libc.a(libc_a-findfp.o) (_fwalk_sglue)
/usr/lib/gcc/arm-none-eabi/14.2.0/../../../../arm-none-eabi/lib/libc.a(libc_a-stdio.o)
                              /usr/lib/gcc/arm-none-eabi/14.2.0/../../../../arm-none-eabi/lib/libc.a(libc_a-findfp.o) (__sread)
/usr/lib/gcc/arm-none-eabi/14.2.0/../../../../arm-none-eabi/lib/libc.a(libc_a-vsprintf.o)
                              build/obj/OLED.o (vsprintf)
/usr/lib/gcc/arm-none-eabi/14.2.0/../../../../arm-none-eabi/lib/libc.a(libc_a-memset.o)
                              /usr/lib/gcc/arm-none-eabi/14.2.0/../../../../arm-none-eabi/lib/crt0.o (memset)
/usr/lib/gcc/arm-none-eabi/14.2.0/../../../../arm-none-eabi/lib/libc.a(libc_a-closer.o)
                              /usr/lib/gcc/arm-none-eabi/14.2.0/../../../../arm-none-eabi/lib/libc.a(libc_a-stdio.o) (_close_r)
/usr/lib/gcc/arm-none-eabi/14.2.0/../../../../arm-none-eabi/lib/libc.a(libc_a-reent.o)
                              /usr/lib/gcc/arm-none-eabi/14.2.0/../../../../arm-none-eabi/lib/libc.a(libc_a-closer.o) (errno)
/usr/lib/gcc/arm-none-eabi/14.2.0/../../../../arm-none-eabi/lib/libc.a(libc_a-impure.o)
                              /usr/lib/gcc/arm-none-eabi/14.2.0/../../../../arm-none-eabi/lib/libc.a(libc_a-vsprintf.o) (_impure_ptr)
/usr/lib/gcc/arm-none-eabi/14.2.0/../../../../arm-none-eabi/lib/libc.a(libc_a-lseekr.o)
                              /usr/lib/gcc/arm-none-eabi/14.2.0/../../../../arm-none-eabi/lib/libc.a(libc_a-stdio.o) (_lseek_r)
/usr/lib/gcc/arm-none-eabi/14.2.0/../../../../arm-none-eabi/lib/libc.a(libc_a-readr.o)
                              /usr/lib/gcc/arm-none-eabi/14.2.0/../../../../arm-none-eabi/lib/libc.a(libc_a-stdio.o) (_read_r)
/usr/lib/gcc/arm-none-eabi/14.2.0/../../../../arm-none-eabi/lib/libc.a(libc_a-writer.o)
                              /usr/lib/gcc/arm-none-eabi/14.2.0/../../../../arm-none-eabi/lib/libc.a(libc_a-stdio.o) (_write_r)
/usr/lib/gcc/arm-none-eabi/14.2.0/../../../../arm-none-eabi/lib/libc.a(libc_a-init.o)
                              /usr/lib/gcc/arm-none-eabi/14.2.0/../../../../arm-none-eabi/lib/crt0.o (__libc_init_array)
/usr/lib/gcc/arm-none-eabi/14.2.0/../../../../arm-none-eabi/lib/libc.a(libc_a-fini.o)
                              /usr/lib/gcc/arm-none-eabi/14.2.0/../../../../arm-none-eabi/lib/crt0.o (__libc_fini_array)
/usr/lib/gcc/arm-none-eabi/14.2.0/../../../../arm-none-eabi/lib/libc.a(libc_a-lock.o)
                              /usr/lib/gcc/arm-none-eabi/14.2.0/../../../../arm-none-eabi/lib/libc.a(libc_a-findfp.o) (__retarget_lock_init_recursive)
/usr/lib/gcc/arm-none-eabi/14.2.0/../../../../arm-none-eabi/lib/libc.a(libc_a-strcmp.o)
                              build/obj/OLED.o (strcmp)
/usr/lib/gcc/arm-none-eabi/14.2.0/../../../../arm-none-eabi/lib/libc.a(libc_a-__atexit.o)
                              /usr/lib/gcc/arm-none-eabi/14.2.0/../../../../arm-none-eabi/lib/libc.a(libc_a-atexit.o) (__register_exitproc)
/usr/lib/gcc/arm-none-eabi/14.2.0/../../../../arm-none-eabi/lib/libc.a(libc_a-__call_atexit.o)
                              /usr/lib/gcc/arm-none-eabi/14.2.0/../../../../arm-none-eabi/lib/libc.a(libc_a-exit.o) (__call_exitprocs)
/usr/lib/gcc/arm-none-eabi/14.2.0/../../../../arm-none-eabi/lib/libc.a(libc_a-freer.o)
                              /usr/lib/gcc/arm-none-eabi/14.2.0/../../../../arm-none-eabi/lib/libc.a(libc_a-reent.o) (_free_r)
/usr/lib/gcc/arm-none-eabi/14.2.0/../../../../arm-none-eabi/lib/libc.a(libc_a-mallocr.o)
                              /usr/lib/gcc/arm-none-eabi/14.2.0/../../../../arm-none-eabi/lib/libc.a(libc_a-findfp.o) (_malloc_r)
/usr/lib/gcc/arm-none-eabi/14.2.0/../../../../arm-none-eabi/lib/libc.a(libc_a-mlock.o)
                              /usr/lib/gcc/arm-none-eabi/14.2.0/../../../../arm-none-eabi/lib/libc.a(libc_a-freer.o) (__malloc_lock)
/usr/lib/gcc/arm-none-eabi/14.2.0/../../../../arm-none-eabi/lib/libc.a(libc_a-svfprintf.o)
                              /usr/lib/gcc/arm-none-eabi/14.2.0/../../../../arm-none-eabi/lib/libc.a(libc_a-vsprintf.o) (_svfprintf_r)
/usr/lib/gcc/arm-none-eabi/14.2.0/../../../../arm-none-eabi/lib/libc.a(libc_a-ssprint_r.o)
[...]
Memory Configuration

Name             Origin             Length             Attributes
FLASH            0x08000000         0x00010000         xr
RAM              0x20000000         0x00005000         xrw
MEMORY_B1        0x60000000         0x00000000         xr
*default*        0x00000000         0xffffffff

Linker script and memory map

LOAD /usr/lib/gcc/arm-none-eabi/14.2.0/crti.o
LOAD /usr/lib/gcc/arm-none-eabi/14.2.0/crtbegin.o
LOAD /usr/lib/gcc/arm-none-eabi/14.2.0/../../../../arm-none-eabi/lib/crt0.o
LOAD build/obj/main.o
LOAD build/obj/stm32f10x_it.o
LOAD build/obj/system_stm32f10x.o
LOAD build/obj/misc.o
LOAD build/obj/stm32f10x_adc.o
LOAD build/obj/stm32f10x_bkp.o
LOAD build/obj/stm32f10x_can.o
LOAD build/obj/stm32f10x_cec.o
LOAD build/obj/stm32f10x_crc.o
LOAD build/obj/stm32f10x_dac.o
LOAD build/obj/stm32f10x_dbgmcu.o
LOAD build/obj/stm32f10x_dma.o
LOAD build/obj/stm32f10x_exti.o
LOAD build/obj/stm32f10x_flash.o
LOAD build/obj/stm32f10x_fsmc.o
LOAD build/obj/stm32f10x_gpio.o
LOAD build/obj/stm32f10x_i2c.o
LOAD build/obj/stm32f10x_iwdg.o
LOAD build/obj/stm32f10x_pwr.o
LOAD build/obj/stm32f10x_rcc.o
LOAD build/obj/stm32f10x_rtc.o
LOAD build/obj/stm32f10x_sdio.o
LOAD build/obj/stm32f10x_spi.o
LOAD build/obj/stm32f10x_tim.o
LOAD build/obj/stm32f10x_usart.o
LOAD build/obj/stm32f10x_wwdg.o
LOAD build/obj/delay.o
LOAD build/obj/OLED.o
LOAD build/obj/key.o
LOAD build/obj/startup_stm32f10x_md.o
LOAD /usr/lib/gcc/arm-none-eabi/14.2.0/../../../../arm-none-eabi/lib/libc.a
LOAD /usr/lib/gcc/arm-none-eabi/14.2.0/../../../../arm-none-eabi/lib/libm.a
LOAD /lib/gcc/arm-none-eabi/14.2.0/libgcc.a
START GROUP
LOAD /lib/gcc/arm-none-eabi/14.2.0/libgcc.a
LOAD /usr/lib/gcc/arm-none-eabi/14.2.0/../../../../arm-none-eabi/lib/libc.a
END GROUP
LOAD /usr/lib/gcc/arm-none-eabi/14.2.0/crtend.o
LOAD /usr/lib/gcc/arm-none-eabi/14.2.0/crtn.o
                0x20002000                        _estack = 0x20002000
                0x00000000                        _Min_Heap_Size = 0x0
                0x00000100                        _Min_Stack_Size = 0x100

.isr_vector     0x08000000      0x10c
                0x08000000                        . = ALIGN (0x4)
 *(.isr_vector)
 .isr_vector    0x08000000      0x10c build/obj/startup_stm32f10x_md.o
                0x08000000                g_pfnVectors
                0x0800010c                        . = ALIGN (0x4)

.text           0x0800010c      0x834
                0x0800010c                        . = ALIGN (0x4)
 *(.text)
 *(.text*)
 .text.__do_global_dtors_aux
                0x0800010c       0x40 /usr/lib/gcc/arm-none-eabi/14.2.0/crtbegin.o
 .text.frame_dummy
                0x0800014c       0x30 /usr/lib/gcc/arm-none-eabi/14.2.0/crtbegin.o
 .text.LED_Init
                0x0800017c       0x3c build/obj/main.o
                0x0800017c                LED_Init
 .text.main     0x080001b8       0x1c build/obj/main.o
                0x080001b8                main
 .text.NMI_Handler
                0x080001d4        0xc build/obj/stm32f10x_it.o
                0x080001d4                NMI_Handler
 .text.HardFault_Handler
                0x080001e0        0x8 build/obj/stm32f10x_it.o
                0x080001e0                HardFault_Handler
 .text.MemManage_Handler
                0x080001e8        0x8 build/obj/stm32f10x_it.o
                0x080001e8                MemManage_Handler
 .text.BusFault_Handler
                0x080001f0        0x8 build/obj/stm32f10x_it.o
                0x080001f0                BusFault_Handler
 .text.UsageFault_Handler
                0x080001f8        0x8 build/obj/stm32f10x_it.o
                0x080001f8                UsageFault_Handler
 .text.SVC_Handler
                0x08000200        0xc build/obj/stm32f10x_it.o
                0x08000200                SVC_Handler
 .text.DebugMon_Handler
                0x0800020c        0xc build/obj/stm32f10x_it.o
                0x0800020c                DebugMon_Handler
 .text.PendSV_Handler
                0x08000218        0xc build/obj/stm32f10x_it.o
                0x08000218                PendSV_Handler
 .text.SysTick_Handler
                0x08000224        0xc build/obj/stm32f10x_it.o
                0x08000224                SysTick_Handler
 .text.SystemInit
                0x08000230       0x68 build/obj/system_stm32f10x.o
                0x08000230                SystemInit
 .text.SetSysClock
                0x08000298        0xc build/obj/system_stm32f10x.o
 .text.SetSysClockTo72
                0x080002a4      0x100 build/obj/system_stm32f10x.o
 .text.GPIO_Init
                0x080003a4      0x178 build/obj/stm32f10x_gpio.o
                0x080003a4                GPIO_Init
 .text.GPIO_ReadInputDataBit
                0x0800051c       0x32 build/obj/stm32f10x_gpio.o
                0x0800051c                GPIO_ReadInputDataBit
 .text.GPIO_SetBits
                0x0800054e       0x1c build/obj/stm32f10x_gpio.o
                0x0800054e                GPIO_SetBits
 .text.GPIO_ResetBits
                0x0800056a       0x1c build/obj/stm32f10x_gpio.o
                0x0800056a                GPIO_ResetBits
 *fill*         0x08000586        0x2 
 .text.RCC_APB2PeriphClockCmd
                0x08000588       0x3c build/obj/stm32f10x_rcc.o
                0x08000588                RCC_APB2PeriphClockCmd
 .text.TIM_GetITStatus
                0x080005c4       0x52 build/obj/stm32f10x_tim.o
                0x080005c4                TIM_GetITStatus
 .text.TIM_ClearITPendingBit
                0x08000616       0x20 build/obj/stm32f10x_tim.o
                0x08000616                TIM_ClearITPendingBit
 *fill*         0x08000636        0x2 
 .text.TIM2_IRQHandler
                0x08000638      0x144 build/obj/key.o
                0x08000638                TIM2_IRQHandler
 .text.Reset_Handler
                0x0800077c       0x44 build/obj/startup_stm32f10x_md.o
                0x0800077c                Reset_Handler
 .text.Default_Handler
                0x080007c0        0x2 build/obj/startup_stm32f10x_md.o
                0x080007c0                EXTI2_IRQHandler
                0x080007c0                TIM1_CC_IRQHandler
                0x080007c0                PVD_IRQHandler
                0x080007c0                EXTI3_IRQHandler
                0x080007c0                EXTI0_IRQHandler
                0x080007c0                I2C2_EV_IRQHandler
                0x080007c0                ADC1_2_IRQHandler
                0x080007c0                SPI1_IRQHandler
                0x080007c0                TAMPER_IRQHandler
                0x080007c0                DMA1_Channel4_IRQHandler
                0x080007c0                USART3_IRQHandler
                0x080007c0                RTC_IRQHandler
                0x080007c0                DMA1_Channel7_IRQHandler
                0x080007c0                CAN1_RX1_IRQHandler
                0x080007c0                TIM4_IRQHandler
                0x080007c0                I2C1_EV_IRQHandler
                0x080007c0                DMA1_Channel6_IRQHandler
                0x080007c0                TIM3_IRQHandler
                0x080007c0                RCC_IRQHandler
                0x080007c0                TIM1_TRG_COM_IRQHandler
                0x080007c0                DMA1_Channel1_IRQHandler
                0x080007c0                Default_Handler
                0x080007c0                EXTI15_10_IRQHandler
                0x080007c0                EXTI9_5_IRQHandler
                0x080007c0                SPI2_IRQHandler
                0x080007c0                DMA1_Channel5_IRQHandler
                0x080007c0                EXTI4_IRQHandler
                0x080007c0                USB_LP_CAN1_RX0_IRQHandler
                0x080007c0                USB_HP_CAN1_TX_IRQHandler
                0x080007c0                DMA1_Channel3_IRQHandler
                0x080007c0                TIM1_UP_IRQHandler
                0x080007c0                WWDG_IRQHandler
                0x080007c0                TIM1_BRK_IRQHandler
                0x080007c0                EXTI1_IRQHandler
                0x080007c0                RTCAlarm_IRQHandler
                0x080007c0                USART2_IRQHandler
                0x080007c0                I2C2_ER_IRQHandler
                0x080007c0                DMA1_Channel2_IRQHandler
                0x080007c0                CAN1_SCE_IRQHandler
                0x080007c0                FLASH_IRQHandler
                0x080007c0                USART1_IRQHandler
                0x080007c0                I2C1_ER_IRQHandler
                0x080007c0                USBWakeUp_IRQHandler
 *fill*         0x080007c2        0x2 
 .text.atexit   0x080007c4       0x20 /usr/lib/gcc/arm-none-eabi/14.2.0/../../../../arm-none-eabi/lib/libc.a(libc_a-atexit.o)
                0x080007c4                atexit
 .text.__libc_fini_array
                0x080007e4       0x44 /usr/lib/gcc/arm-none-eabi/14.2.0/../../../../arm-none-eabi/lib/libc.a(libc_a-fini.o)
                0x080007e4                __libc_fini_array
 .text.__retarget_lock_acquire_recursive
                0x08000828        0x4 /usr/lib/gcc/arm-none-eabi/14.2.0/../../../../arm-none-eabi/lib/libc.a(libc_a-lock.o)
                0x08000828                __retarget_lock_acquire_recursive
 .text.__retarget_lock_release_recursive
                0x0800082c        0x4 /usr/lib/gcc/arm-none-eabi/14.2.0/../../../../arm-none-eabi/lib/libc.a(libc_a-lock.o)
                0x0800082c                __retarget_lock_release_recursive
 .text.__register_exitproc
                0x08000830       0xb8 /usr/lib/gcc/arm-none-eabi/14.2.0/../../../../arm-none-eabi/lib/libc.a(libc_a-__atexit.o)
                0x08000830                __register_exitproc
 .text.startup.register_fini
                0x080008e8       0x28 /usr/lib/gcc/arm-none-eabi/14.2.0/../../../../arm-none-eabi/lib/libc.a(libc_a-__call_atexit.o)
 *(.rodata)
 *(.rodata*)
 *(.glue_7)
 .glue_7        0x08000910        0x0 linker stubs
 *(.glue_7t)
 .glue_7t       0x08000910        0x0 linker stubs
 *(.eh_frame)
 .eh_frame      0x08000910        0x0 /usr/lib/gcc/arm-none-eabi/14.2.0/crtbegin.o
 *(.init)
 .init          0x08000910        0xc /usr/lib/gcc/arm-none-eabi/14.2.0/crti.o
                0x08000910                _init
 .init          0x0800091c        0xc /usr/lib/gcc/arm-none-eabi/14.2.0/crtn.o
 *(.fini)
 .fini          0x08000928        0xc /usr/lib/gcc/arm-none-eabi/14.2.0/crti.o
                0x08000928                _fini
 .fini          0x08000934        0xc /usr/lib/gcc/arm-none-eabi/14.2.0/crtn.o
                0x08000940                        . = ALIGN (0x4)
                0x08000940                        _etext = .

.vfp11_veneer   0x08000940        0x0
 .vfp11_veneer  0x08000940        0x0 linker stubs

.v4_bx          0x08000940        0x0
 .v4_bx         0x08000940        0x0 linker stubs

.iplt           0x08000940        0x0
 .iplt          0x08000940        0x0 /usr/lib/gcc/arm-none-eabi/14.2.0/crtbegin.o

.rel.dyn        0x08000940        0x0
 .rel.iplt      0x08000940        0x0 /usr/lib/gcc/arm-none-eabi/14.2.0/crtbegin.o

.ARM.extab
 *(.ARM.extab* .gnu.linkonce.armextab.*)

.ARM            0x08000940        0x0
                0x08000940                        __exidx_start = .
 *(.ARM.exidx*)
                0x08000940                        __exidx_end = .

.preinit_array  0x08000940        0x0
                0x08000940                        PROVIDE (__preinit_array_start = .)
 *(.preinit_array*)
                0x08000940                        PROVIDE (__preinit_array_end = .)

.init_array     0x08000940        0x8
                0x08000940                        PROVIDE (__init_array_start = .)
 *(SORT_BY_NAME(.init_array.*))
 .init_array.00000
                0x08000940        0x4 /usr/lib/gcc/arm-none-eabi/14.2.0/../../../../arm-none-eabi/lib/libc.a(libc_a-__call_atexit.o)
 *(.init_array*)
 .init_array    0x08000944        0x4 /usr/lib/gcc/arm-none-eabi/14.2.0/crtbegin.o
                0x08000948                        PROVIDE (__init_array_end = .)

.fini_array     0x08000948        0x4
                0x08000948                        PROVIDE (__fini_array_start = .)
 *(.fini_array*)
 .fini_array    0x08000948        0x4 /usr/lib/gcc/arm-none-eabi/14.2.0/crtbegin.o
 *(SORT_BY_NAME(.fini_array.*))
                0x0800094c                        PROVIDE (__fini_array_end = .)
                0x0800094c                        _sidata = .

.data           0x20000000       0x4c load address 0x0800094c
                0x20000000                        . = ALIGN (0x4)
                0x20000000                        _sdata = .
 *(.data)
 *(.data*)
 .data.buttons  0x20000000       0x48 build/obj/key.o
                0x20000000                buttons
 .data.__atexit_recursive_mutex
                0x20000048        0x4 /usr/lib/gcc/arm-none-eabi/14.2.0/../../../../arm-none-eabi/lib/libc.a(libc_a-__call_atexit.o)
                0x20000048                __atexit_recursive_mutex
                0x2000004c                        . = ALIGN (0x4)
                0x2000004c                        _edata = .

.igot.plt       0x2000004c        0x0 load address 0x08000998
 .igot.plt      0x2000004c        0x0 /usr/lib/gcc/arm-none-eabi/14.2.0/crtbegin.o
                0x2000004c                        . = ALIGN (0x4)

.bss            0x2000004c      0x1b4 load address 0x08000998
                0x2000004c                        _sbss = .
                0x2000004c                        __bss_start__ = _sbss
 *(.bss)
 *(.bss*)
 .bss.completed.1
                0x2000004c        0x1 /usr/lib/gcc/arm-none-eabi/14.2.0/crtbegin.o
 *fill*         0x2000004d        0x3 
 .bss.object.0  0x20000050       0x18 /usr/lib/gcc/arm-none-eabi/14.2.0/crtbegin.o
 .bss.__lock___atexit_recursive_mutex
                0x20000068        0x1 /usr/lib/gcc/arm-none-eabi/14.2.0/../../../../arm-none-eabi/lib/libc.a(libc_a-lock.o)
                0x20000068                __lock___atexit_recursive_mutex
 *fill*         0x20000069        0x3 
 .bss.__atexit0
                0x2000006c      0x190 /usr/lib/gcc/arm-none-eabi/14.2.0/../../../../arm-none-eabi/lib/libc.a(libc_a-__atexit.o)
                0x2000006c                __atexit0
 .bss.__atexit  0x200001fc        0x4 /usr/lib/gcc/arm-none-eabi/14.2.0/../../../../arm-none-eabi/lib/libc.a(libc_a-__call_atexit.o)
                0x200001fc                __atexit
 *(COMMON)
                0x20000200                        . = ALIGN (0x4)
                0x20000200                        _ebss = .
                0x20000200                        __bss_end__ = _ebss
                [!provide]                        PROVIDE (end = _ebss)
                [!provide]                        PROVIDE (_end = _ebss)

._user_heap_stack
                0x20000200      0x100 load address 0x08000b4c
                0x20000200                        . = ALIGN (0x4)
                0x20000200                        . = (. + _Min_Heap_Size)
                0x20000300                        . = (. + _Min_Stack_Size)
 *fill*         0x20000200      0x100 
                0x20000300                        . = ALIGN (0x4)

.memory_b1_text
 *(.mb1text)
 *(.mb1text*)
 *(.mb1rodata)
 *(.mb1rodata*)

/DISCARD/
 libc.a(*)
 libm.a(*)
 libgcc.a(*)

.ARM.attributes
                0x00000000       0x2b
 *(.ARM.attributes)
 .ARM.attributes
                0x00000000       0x1c /usr/lib/gcc/arm-none-eabi/14.2.0/crti.o
 .ARM.attributes
                0x0000001c       0x2a /usr/lib/gcc/arm-none-eabi/14.2.0/crtbegin.o
 .ARM.attributes
                0x00000046       0x2d build/obj/main.o
 .ARM.attributes
                0x00000073       0x2d build/obj/stm32f10x_it.o
 .ARM.attributes
                0x000000a0       0x2d build/obj/system_stm32f10x.o
 .ARM.attributes
                0x000000cd       0x2d build/obj/stm32f10x_gpio.o
 .ARM.attributes
                0x000000fa       0x2d build/obj/stm32f10x_rcc.o
 .ARM.attributes
                0x00000127       0x2d build/obj/stm32f10x_tim.o
 .ARM.attributes
                0x00000154       0x2d build/obj/key.o
 .ARM.attributes
                0x00000181       0x21 build/obj/startup_stm32f10x_md.o
 .ARM.attributes
                0x000001a2       0x2a /usr/lib/gcc/arm-none-eabi/14.2.0/../../../../arm-none-eabi/lib/libc.a(libc_a-atexit.o)
 .ARM.attributes
                0x000001cc       0x2a /usr/lib/gcc/arm-none-eabi/14.2.0/../../../../arm-none-eabi/lib/libc.a(libc_a-fini.o)
 .ARM.attributes
                0x000001f6       0x2a /usr/lib/gcc/arm-none-eabi/14.2.0/../../../../arm-none-eabi/lib/libc.a(libc_a-lock.o)
 .ARM.attributes
                0x00000220       0x2a /usr/lib/gcc/arm-none-eabi/14.2.0/../../../../arm-none-eabi/lib/libc.a(libc_a-__atexit.o)
 .ARM.attributes
                0x0000024a       0x2a /usr/lib/gcc/arm-none-eabi/14.2.0/../../../../arm-none-eabi/lib/libc.a(libc_a-__call_atexit.o)
 .ARM.attributes
                0x00000274       0x1c /usr/lib/gcc/arm-none-eabi/14.2.0/crtn.o
OUTPUT(build/main.elf elf32-littlearm)
LOAD linker stubs
LOAD /usr/lib/gcc/arm-none-eabi/14.2.0/../../../../arm-none-eabi/lib/libc.a
LOAD /usr/lib/gcc/arm-none-eabi/14.2.0/../../../../arm-none-eabi/lib/libm.a
LOAD /lib/gcc/arm-none-eabi/14.2.0/libgcc.a

.debug_info     0x00000000     0x4dfc
 .debug_info    0x00000000      0x2ca build/obj/main.o
 .debug_info    0x000002ca      0x13f build/obj/stm32f10x_it.o
 .debug_info    0x00000409      0x4da build/obj/system_stm32f10x.o
 .debug_info    0x000008e3      0x7c5 build/obj/stm32f10x_gpio.o
 .debug_info    0x000010a8      0x9b5 build/obj/stm32f10x_rcc.o
 .debug_info    0x00001a5d     0x2067 build/obj/stm32f10x_tim.o
 .debug_info    0x00003ac4      0x9a3 build/obj/key.o
 .debug_info    0x00004467       0x30 build/obj/startup_stm32f10x_md.o
 .debug_info    0x00004497      0x11e /usr/lib/gcc/arm-none-eabi/14.2.0/../../../../arm-none-eabi/lib/libc.a(libc_a-atexit.o)
 .debug_info    0x000045b5       0xf7 /usr/lib/gcc/arm-none-eabi/14.2.0/../../../../arm-none-eabi/lib/libc.a(libc_a-fini.o)
 .debug_info    0x000046ac      0x218 /usr/lib/gcc/arm-none-eabi/14.2.0/../../../../arm-none-eabi/lib/libc.a(libc_a-lock.o)
 .debug_info    0x000048c4      0x25f /usr/lib/gcc/arm-none-eabi/14.2.0/../../../../arm-none-eabi/lib/libc.a(libc_a-__atexit.o)
 .debug_info    0x00004b23      0x2d9 /usr/lib/gcc/arm-none-eabi/14.2.0/../../../../arm-none-eabi/lib/libc.a(libc_a-__call_atexit.o)

.debug_abbrev   0x00000000     0x1130
 .debug_abbrev  0x00000000      0x13b build/obj/main.o
 .debug_abbrev  0x0000013b       0x46 build/obj/stm32f10x_it.o
 .debug_abbrev  0x00000181      0x1b0 build/obj/system_stm32f10x.o
 .debug_abbrev  0x00000331      0x207 build/obj/stm32f10x_gpio.o
 .debug_abbrev  0x00000538      0x1d5 build/obj/stm32f10x_rcc.o
 .debug_abbrev  0x0000070d      0x1e7 build/obj/stm32f10x_tim.o
 .debug_abbrev  0x000008f4      0x1fc build/obj/key.o
 .debug_abbrev  0x00000af0       0x1d build/obj/startup_stm32f10x_md.o
 .debug_abbrev  0x00000b0d       0xbe /usr/lib/gcc/arm-none-eabi/14.2.0/../../../../arm-none-eabi/lib/libc.a(libc_a-atexit.o)
 .debug_abbrev  0x00000bcb       0xc9 /usr/lib/gcc/arm-none-eabi/14.2.0/../../../../arm-none-eabi/lib/libc.a(libc_a-fini.o)
 .debug_abbrev  0x00000c94      0x115 /usr/lib/gcc/arm-none-eabi/14.2.0/../../../../arm-none-eabi/lib/libc.a(libc_a-lock.o)
 .debug_abbrev  0x00000da9      0x189 /usr/lib/gcc/arm-none-eabi/14.2.0/../../../../arm-none-eabi/lib/libc.a(libc_a-__atexit.o)
 .debug_abbrev  0x00000f32      0x1fe /usr/lib/gcc/arm-none-eabi/14.2.0/../../../../arm-none-eabi/lib/libc.a(libc_a-__call_atexit.o)

.debug_loc      0x00000000     0x3648
 .debug_loc     0x00000000       0x7c build/obj/main.o
 .debug_loc     0x0000007c      0x204 build/obj/stm32f10x_it.o
 .debug_loc     0x00000280      0x110 build/obj/system_stm32f10x.o
 .debug_loc     0x00000390      0x63c build/obj/stm32f10x_gpio.o
 .debug_loc     0x000009cc      0xb2c build/obj/stm32f10x_rcc.o
 .debug_loc     0x000014f8     0x2060 build/obj/stm32f10x_tim.o
 .debug_loc     0x00003558       0xf0 build/obj/key.o

.debug_aranges  0x00000000      0x6b8
 .debug_aranges
                0x00000000       0x28 build/obj/main.o
 .debug_aranges
                0x00000028       0x60 build/obj/stm32f10x_it.o
 .debug_aranges
                0x00000088       0x38 build/obj/system_stm32f10x.o
 .debug_aranges
                0x000000c0       0xa8 build/obj/stm32f10x_gpio.o
 .debug_aranges
                0x00000168      0x118 build/obj/stm32f10x_rcc.o
 .debug_aranges
                0x00000280      0x2f0 build/obj/stm32f10x_tim.o
 .debug_aranges
                0x00000570       0x30 build/obj/key.o
 .debug_aranges
                0x000005a0       0x28 build/obj/startup_stm32f10x_md.o
 .debug_aranges
                0x000005c8       0x20 /usr/lib/gcc/arm-none-eabi/14.2.0/../../../../arm-none-eabi/lib/libc.a(libc_a-atexit.o)
 .debug_aranges
                0x000005e8       0x20 /usr/lib/gcc/arm-none-eabi/14.2.0/../../../../arm-none-eabi/lib/libc.a(libc_a-fini.o)
 .debug_aranges
                0x00000608       0x68 /usr/lib/gcc/arm-none-eabi/14.2.0/../../../../arm-none-eabi/lib/libc.a(libc_a-lock.o)
 .debug_aranges
                0x00000670       0x20 /usr/lib/gcc/arm-none-eabi/14.2.0/../../../../arm-none-eabi/lib/libc.a(libc_a-__atexit.o)
 .debug_aranges
                0x00000690       0x28 /usr/lib/gcc/arm-none-eabi/14.2.0/../../../../arm-none-eabi/lib/libc.a(libc_a-__call_atexit.o)

.debug_ranges   0x00000000      0x550
 .debug_ranges  0x00000000       0x18 build/obj/main.o
 .debug_ranges  0x00000018       0x50 build/obj/stm32f10x_it.o
 .debug_ranges  0x00000068       0x28 build/obj/system_stm32f10x.o
 .debug_ranges  0x00000090       0x98 build/obj/stm32f10x_gpio.o
 .debug_ranges  0x00000128      0x108 build/obj/stm32f10x_rcc.o
 .debug_ranges  0x00000230      0x2e0 build/obj/stm32f10x_tim.o
 .debug_ranges  0x00000510       0x20 build/obj/key.o
 .debug_ranges  0x00000530       0x20 build/obj/startup_stm32f10x_md.o

.debug_line     0x00000000     0x2b92
 .debug_line    0x00000000      0x110 build/obj/main.o
 .debug_line    0x00000110       0xea build/obj/stm32f10x_it.o
 .debug_line    0x000001fa      0x2a0 build/obj/system_stm32f10x.o
 .debug_line    0x0000049a      0x4e8 build/obj/stm32f10x_gpio.o
 .debug_line    0x00000982      0x6a0 build/obj/stm32f10x_rcc.o
 .debug_line    0x00001022     0x1198 build/obj/stm32f10x_tim.o
 .debug_line    0x000021ba      0x1e7 build/obj/key.o
 .debug_line    0x000023a1       0x7b build/obj/startup_stm32f10x_md.o
 .debug_line    0x0000241c       0xe0 /usr/lib/gcc/arm-none-eabi/14.2.0/../../../../arm-none-eabi/lib/libc.a(libc_a-atexit.o)
 .debug_line    0x000024fc       0xdd /usr/lib/gcc/arm-none-eabi/14.2.0/../../../../arm-none-eabi/lib/libc.a(libc_a-fini.o)
 .debug_line    0x000025d9      0x174 /usr/lib/gcc/arm-none-eabi/14.2.0/../../../../arm-none-eabi/lib/libc.a(libc_a-lock.o)
 .debug_line    0x0000274d      0x189 /usr/lib/gcc/arm-none-eabi/14.2.0/../../../../arm-none-eabi/lib/libc.a(libc_a-__atexit.o)
 .debug_line    0x000028d6      0x2bc /usr/lib/gcc/arm-none-eabi/14.2.0/../../../../arm-none-eabi/lib/libc.a(libc_a-__call_atexit.o)

.debug_str      0x00000000     0x1f9b
 .debug_str     0x00000000     0x1f9b build/obj/main.o
                                0x2ed (size before relaxing)
 .debug_str     0x00001f9b      0x1cd build/obj/stm32f10x_it.o
 .debug_str     0x00001f9b      0x2bd build/obj/system_stm32f10x.o
 .debug_str     0x00001f9b      0x50f build/obj/stm32f10x_gpio.o
 .debug_str     0x00001f9b      0x5f9 build/obj/stm32f10x_rcc.o
 .debug_str     0x00001f9b      0xdea build/obj/stm32f10x_tim.o
 .debug_str     0x00001f9b      0x8ef build/obj/key.o
 .debug_str     0x00001f9b       0x61 build/obj/startup_stm32f10x_md.o
 .debug_str     0x00001f9b      0x1d8 /usr/lib/gcc/arm-none-eabi/14.2.0/../../../../arm-none-eabi/lib/libc.a(libc_a-atexit.o)
 .debug_str     0x00001f9b      0x1d2 /usr/lib/gcc/arm-none-eabi/14.2.0/../../../../arm-none-eabi/lib/libc.a(libc_a-fini.o)
 .debug_str     0x00001f9b      0x332 /usr/lib/gcc/arm-none-eabi/14.2.0/../../../../arm-none-eabi/lib/libc.a(libc_a-lock.o)
 .debug_str     0x00001f9b      0x2af /usr/lib/gcc/arm-none-eabi/14.2.0/../../../../arm-none-eabi/lib/libc.a(libc_a-__atexit.o)
 .debug_str     0x00001f9b      0x2d8 /usr/lib/gcc/arm-none-eabi/14.2.0/../../../../arm-none-eabi/lib/libc.a(libc_a-__call_atexit.o)

.comment        0x00000000       0x1e
 .comment       0x00000000       0x1e build/obj/main.o
                                 0x1f (size before relaxing)
 .comment       0x0000001e       0x1f build/obj/stm32f10x_it.o
 .comment       0x0000001e       0x1f build/obj/system_stm32f10x.o
 .comment       0x0000001e       0x1f build/obj/stm32f10x_gpio.o
 .comment       0x0000001e       0x1f build/obj/stm32f10x_rcc.o
 .comment       0x0000001e       0x1f build/obj/stm32f10x_tim.o
 .comment       0x0000001e       0x1f build/obj/key.o
 .comment       0x0000001e       0x1f /usr/lib/gcc/arm-none-eabi/14.2.0/../../../../arm-none-eabi/lib/libc.a(libc_a-atexit.o)
 .comment       0x0000001e       0x1f /usr/lib/gcc/arm-none-eabi/14.2.0/../../../../arm-none-eabi/lib/libc.a(libc_a-fini.o)
 .comment       0x0000001e       0x1f /usr/lib/gcc/arm-none-eabi/14.2.0/../../../../arm-none-eabi/lib/libc.a(libc_a-lock.o)
 .comment       0x0000001e       0x1f /usr/lib/gcc/arm-none-eabi/14.2.0/../../../../arm-none-eabi/lib/libc.a(libc_a-__atexit.o)
 .comment       0x0000001e       0x1f /usr/lib/gcc/arm-none-eabi/14.2.0/../../../../arm-none-eabi/lib/libc.a(libc_a-__call_atexit.o)

.debug_frame    0x00000000     0x1a18
 .debug_frame   0x00000000       0x50 build/obj/main.o
 .debug_frame   0x00000050      0x110 build/obj/stm32f10x_it.o
 .debug_frame   0x00000160       0x98 build/obj/system_stm32f10x.o
 .debug_frame   0x000001f8      0x2d0 build/obj/stm32f10x_gpio.o
 .debug_frame   0x000004c8      0x4f4 build/obj/stm32f10x_rcc.o
 .debug_frame   0x000009bc      0xe2c build/obj/stm32f10x_tim.o
 .debug_frame   0x000017e8       0x7c build/obj/key.o
 .debug_frame   0x00001864       0x2c /usr/lib/gcc/arm-none-eabi/14.2.0/../../../../arm-none-eabi/lib/libc.a(libc_a-atexit.o)
 .debug_frame   0x00001890       0x34 /usr/lib/gcc/arm-none-eabi/14.2.0/../../../../arm-none-eabi/lib/libc.a(libc_a-fini.o)
 .debug_frame   0x000018c4       0xb0 /usr/lib/gcc/arm-none-eabi/14.2.0/../../../../arm-none-eabi/lib/libc.a(libc_a-lock.o)
 .debug_frame   0x00001974       0x3c /usr/lib/gcc/arm-none-eabi/14.2.0/../../../../arm-none-eabi/lib/libc.a(libc_a-__atexit.o)
 .debug_frame   0x000019b0       0x68 /usr/lib/gcc/arm-none-eabi/14.2.0/../../../../arm-none-eabi/lib/libc.a(libc_a-__call_atexit.o)

.debug_loclists
                0x00000000      0x2a8
 .debug_loclists
                0x00000000       0x30 /usr/lib/gcc/arm-none-eabi/14.2.0/../../../../arm-none-eabi/lib/libc.a(libc_a-atexit.o)
 .debug_loclists
                0x00000030       0x4c /usr/lib/gcc/arm-none-eabi/14.2.0/../../../../arm-none-eabi/lib/libc.a(libc_a-fini.o)
 .debug_loclists
                0x0000007c       0x29 /usr/lib/gcc/arm-none-eabi/14.2.0/../../../../arm-none-eabi/lib/libc.a(libc_a-lock.o)
 .debug_loclists
                0x000000a5       0xf1 /usr/lib/gcc/arm-none-eabi/14.2.0/../../../../arm-none-eabi/lib/libc.a(libc_a-__atexit.o)
 .debug_loclists
                0x00000196      0x112 /usr/lib/gcc/arm-none-eabi/14.2.0/../../../../arm-none-eabi/lib/libc.a(libc_a-__call_atexit.o)

.debug_rnglists
                0x00000000       0xd0
 .debug_rnglists
                0x00000000       0x13 /usr/lib/gcc/arm-none-eabi/14.2.0/../../../../arm-none-eabi/lib/libc.a(libc_a-atexit.o)
 .debug_rnglists
                0x00000013       0x13 /usr/lib/gcc/arm-none-eabi/14.2.0/../../../../arm-none-eabi/lib/libc.a(libc_a-fini.o)
 .debug_rnglists
                0x00000026       0x49 /usr/lib/gcc/arm-none-eabi/14.2.0/../../../../arm-none-eabi/lib/libc.a(libc_a-lock.o)
 .debug_rnglists
                0x0000006f       0x14 /usr/lib/gcc/arm-none-eabi/14.2.0/../../../../arm-none-eabi/lib/libc.a(libc_a-__atexit.o)
 .debug_rnglists
                0x00000083       0x4d /usr/lib/gcc/arm-none-eabi/14.2.0/../../../../arm-none-eabi/lib/libc.a(libc_a-__call_atexit.o)

Cross Reference Table

Symbol                                            File
ADC1_2_IRQHandler                                 build/obj/startup_stm32f10x_md.o
ADC_AnalogWatchdogCmd                             build/obj/stm32f10x_adc.o
ADC_AnalogWatchdogSingleChannelConfig             build/obj/stm32f10x_adc.o
ADC_AnalogWatchdogThresholdsConfig                build/obj/stm32f10x_adc.o
ADC_AutoInjectedConvCmd                           build/obj/stm32f10x_adc.o
ADC_ClearFlag                                     build/obj/stm32f10x_adc.o
ADC_ClearITPendingBit                             build/obj/stm32f10x_adc.o
ADC_Cmd                                           build/obj/stm32f10x_adc.o
ADC_DMACmd                                        build/obj/stm32f10x_adc.o
ADC_DeInit                                        build/obj/stm32f10x_adc.o
ADC_DiscModeChannelCountConfig                    build/obj/stm32f10x_adc.o
ADC_DiscModeCmd                                   build/obj/stm32f10x_adc.o
ADC_ExternalTrigConvCmd                           build/obj/stm32f10x_adc.o
ADC_ExternalTrigInjectedConvCmd                   build/obj/stm32f10x_adc.o
ADC_ExternalTrigInjectedConvConfig                build/obj/stm32f10x_adc.o
ADC_GetCalibrationStatus                          build/obj/stm32f10x_adc.o
ADC_GetConversionValue                            build/obj/stm32f10x_adc.o
ADC_GetDualModeConversionValue                    build/obj/stm32f10x_adc.o
ADC_GetFlagStatus                                 build/obj/stm32f10x_adc.o
ADC_GetITStatus                                   build/obj/stm32f10x_adc.o
ADC_GetInjectedConversionValue                    build/obj/stm32f10x_adc.o
ADC_GetResetCalibrationStatus                     build/obj/stm32f10x_adc.o
ADC_GetSoftwareStartConvStatus                    build/obj/stm32f10x_adc.o
ADC_GetSoftwareStartInjectedConvCmdStatus         build/obj/stm32f10x_adc.o
ADC_ITConfig                                      build/obj/stm32f10x_adc.o
ADC_Init                                          build/obj/stm32f10x_adc.o
ADC_InjectedChannelConfig                         build/obj/stm32f10x_adc.o
ADC_InjectedDiscModeCmd                           build/obj/stm32f10x_adc.o
ADC_InjectedSequencerLengthConfig                 build/obj/stm32f10x_adc.o
ADC_RegularChannelConfig                          build/obj/stm32f10x_adc.o
ADC_ResetCalibration                              build/obj/stm32f10x_adc.o
ADC_SetInjectedOffset                             build/obj/stm32f10x_adc.o
ADC_SoftwareStartConvCmd                          build/obj/stm32f10x_adc.o
ADC_SoftwareStartInjectedConvCmd                  build/obj/stm32f10x_adc.o
ADC_StartCalibration                              build/obj/stm32f10x_adc.o
ADC_StructInit                                    build/obj/stm32f10x_adc.o
ADC_TempSensorVrefintCmd                          build/obj/stm32f10x_adc.o
AHBPrescTable                                     build/obj/system_stm32f10x.o
BKP_ClearFlag                                     build/obj/stm32f10x_bkp.o
BKP_ClearITPendingBit                             build/obj/stm32f10x_bkp.o
BKP_DeInit                                        build/obj/stm32f10x_bkp.o
BKP_GetFlagStatus                                 build/obj/stm32f10x_bkp.o
BKP_GetITStatus                                   build/obj/stm32f10x_bkp.o
BKP_ITConfig                                      build/obj/stm32f10x_bkp.o
BKP_RTCOutputConfig                               build/obj/stm32f10x_bkp.o
BKP_ReadBackupRegister                            build/obj/stm32f10x_bkp.o
BKP_SetRTCCalibrationValue                        build/obj/stm32f10x_bkp.o
BKP_TamperPinCmd                                  build/obj/stm32f10x_bkp.o
BKP_TamperPinLevelConfig                          build/obj/stm32f10x_bkp.o
BKP_WriteBackupRegister                           build/obj/stm32f10x_bkp.o
BusFault_Handler                                  build/obj/stm32f10x_it.o
ButtonPressedHandlerPOINTER                       build/obj/key.o
CAN1_RX1_IRQHandler                               build/obj/startup_stm32f10x_md.o
CAN1_SCE_IRQHandler                               build/obj/startup_stm32f10x_md.o
CAN_CancelTransmit                                build/obj/stm32f10x_can.o
CAN_ClearFlag                                     build/obj/stm32f10x_can.o
CAN_ClearITPendingBit                             build/obj/stm32f10x_can.o
CAN_DBGFreeze                                     build/obj/stm32f10x_can.o
CAN_DeInit                                        build/obj/stm32f10x_can.o
CAN_FIFORelease                                   build/obj/stm32f10x_can.o
CAN_FilterInit                                    build/obj/stm32f10x_can.o
CAN_GetFlagStatus                                 build/obj/stm32f10x_can.o
CAN_GetITStatus                                   build/obj/stm32f10x_can.o
CAN_GetLSBTransmitErrorCounter                    build/obj/stm32f10x_can.o
CAN_GetLastErrorCode                              build/obj/stm32f10x_can.o
CAN_GetReceiveErrorCounter                        build/obj/stm32f10x_can.o
CAN_ITConfig                                      build/obj/stm32f10x_can.o
CAN_Init                                          build/obj/stm32f10x_can.o
CAN_MessagePending                                build/obj/stm32f10x_can.o
CAN_OperatingModeRequest                          build/obj/stm32f10x_can.o
CAN_Receive                                       build/obj/stm32f10x_can.o
CAN_SlaveStartBank                                build/obj/stm32f10x_can.o
CAN_Sleep                                         build/obj/stm32f10x_can.o
CAN_StructInit                                    build/obj/stm32f10x_can.o
CAN_TTComModeCmd                                  build/obj/stm32f10x_can.o
CAN_Transmit                                      build/obj/stm32f10x_can.o
CAN_TransmitStatus                                build/obj/stm32f10x_can.o
CAN_WakeUp                                        build/obj/stm32f10x_can.o
CEC_ClearFlag                                     build/obj/stm32f10x_cec.o
CEC_ClearITPendingBit                             build/obj/stm32f10x_cec.o
CEC_Cmd                                           build/obj/stm32f10x_cec.o
CEC_DeInit                                        build/obj/stm32f10x_cec.o
CEC_EndOfMessageCmd                               build/obj/stm32f10x_cec.o
CEC_GetFlagStatus                                 build/obj/stm32f10x_cec.o
CEC_GetITStatus                                   build/obj/stm32f10x_cec.o
CEC_ITConfig                                      build/obj/stm32f10x_cec.o
CEC_Init                                          build/obj/stm32f10x_cec.o
CEC_OwnAddressConfig                              build/obj/stm32f10x_cec.o
CEC_ReceiveDataByte                               build/obj/stm32f10x_cec.o
CEC_SendDataByte                                  build/obj/stm32f10x_cec.o
CEC_SetPrescaler                                  build/obj/stm32f10x_cec.o
CEC_StartOfMessage                                build/obj/stm32f10x_cec.o
CRC_CalcBlockCRC                                  build/obj/stm32f10x_crc.o
CRC_CalcCRC                                       build/obj/stm32f10x_crc.o
CRC_GetCRC                                        build/obj/stm32f10x_crc.o
CRC_GetIDRegister                                 build/obj/stm32f10x_crc.o
CRC_ResetDR                                       build/obj/stm32f10x_crc.o
CRC_SetIDRegister                                 build/obj/stm32f10x_crc.o
DAC_Cmd                                           build/obj/stm32f10x_dac.o
DAC_DMACmd                                        build/obj/stm32f10x_dac.o
DAC_DeInit                                        build/obj/stm32f10x_dac.o
DAC_DualSoftwareTriggerCmd                        build/obj/stm32f10x_dac.o
DAC_GetDataOutputValue                            build/obj/stm32f10x_dac.o
DAC_Init                                          build/obj/stm32f10x_dac.o
DAC_SetChannel1Data                               build/obj/stm32f10x_dac.o
DAC_SetChannel2Data                               build/obj/stm32f10x_dac.o
DAC_SetDualChannelData                            build/obj/stm32f10x_dac.o
DAC_SoftwareTriggerCmd                            build/obj/stm32f10x_dac.o
DAC_StructInit                                    build/obj/stm32f10x_dac.o
DAC_WaveGenerationCmd                             build/obj/stm32f10x_dac.o
DBGMCU_Config                                     build/obj/stm32f10x_dbgmcu.o
DBGMCU_GetDEVID                                   build/obj/stm32f10x_dbgmcu.o
DBGMCU_GetREVID                                   build/obj/stm32f10x_dbgmcu.o
DMA1_Channel1_IRQHandler                          build/obj/startup_stm32f10x_md.o
DMA1_Channel2_IRQHandler                          build/obj/startup_stm32f10x_md.o
DMA1_Channel3_IRQHandler                          build/obj/startup_stm32f10x_md.o
DMA1_Channel4_IRQHandler                          build/obj/startup_stm32f10x_md.o
DMA1_Channel5_IRQHandler                          build/obj/startup_stm32f10x_md.o
DMA1_Channel6_IRQHandler                          build/obj/startup_stm32f10x_md.o
DMA1_Channel7_IRQHandler                          build/obj/startup_stm32f10x_md.o
DMA_ClearFlag                                     build/obj/stm32f10x_dma.o
DMA_ClearITPendingBit                             build/obj/stm32f10x_dma.o
DMA_Cmd                                           build/obj/stm32f10x_dma.o
DMA_DeInit                                        build/obj/stm32f10x_dma.o
DMA_GetCurrDataCounter                            build/obj/stm32f10x_dma.o
DMA_GetFlagStatus                                 build/obj/stm32f10x_dma.o
DMA_GetITStatus                                   build/obj/stm32f10x_dma.o
DMA_ITConfig                                      build/obj/stm32f10x_dma.o
DMA_Init                                          build/obj/stm32f10x_dma.o
DMA_SetCurrDataCounter                            build/obj/stm32f10x_dma.o
DMA_StructInit                                    build/obj/stm32f10x_dma.o
DebugMon_Handler                                  build/obj/stm32f10x_it.o
Default_Handler                                   build/obj/startup_stm32f10x_md.o
Delay_ms                                          build/obj/delay.o
Delay_s                                           build/obj/delay.o
Delay_us                                          build/obj/delay.o
EXTI0_IRQHandler                                  build/obj/startup_stm32f10x_md.o
EXTI15_10_IRQHandler                              build/obj/startup_stm32f10x_md.o
EXTI1_IRQHandler                                  build/obj/startup_stm32f10x_md.o
EXTI2_IRQHandler                                  build/obj/startup_stm32f10x_md.o
EXTI3_IRQHandler                                  build/obj/startup_stm32f10x_md.o
EXTI4_IRQHandler                                  build/obj/startup_stm32f10x_md.o
EXTI9_5_IRQHandler                                build/obj/startup_stm32f10x_md.o
EXTI_ClearFlag                                    build/obj/stm32f10x_exti.o
EXTI_ClearITPendingBit                            build/obj/stm32f10x_exti.o
EXTI_DeInit                                       build/obj/stm32f10x_exti.o
EXTI_GenerateSWInterrupt                          build/obj/stm32f10x_exti.o
EXTI_GetFlagStatus                                build/obj/stm32f10x_exti.o
EXTI_GetITStatus                                  build/obj/stm32f10x_exti.o
EXTI_Init                                         build/obj/stm32f10x_exti.o
EXTI_StructInit                                   build/obj/stm32f10x_exti.o
FLASH_ClearFlag                                   build/obj/stm32f10x_flash.o
FLASH_EnableWriteProtection                       build/obj/stm32f10x_flash.o
FLASH_EraseAllBank1Pages                          build/obj/stm32f10x_flash.o
FLASH_EraseAllPages                               build/obj/stm32f10x_flash.o
FLASH_EraseOptionBytes                            build/obj/stm32f10x_flash.o
FLASH_ErasePage                                   build/obj/stm32f10x_flash.o
FLASH_GetBank1Status                              build/obj/stm32f10x_flash.o
FLASH_GetFlagStatus                               build/obj/stm32f10x_flash.o
FLASH_GetPrefetchBufferStatus                     build/obj/stm32f10x_flash.o
FLASH_GetReadOutProtectionStatus                  build/obj/stm32f10x_flash.o
FLASH_GetStatus                                   build/obj/stm32f10x_flash.o
FLASH_GetUserOptionByte                           build/obj/stm32f10x_flash.o
FLASH_GetWriteProtectionOptionByte                build/obj/stm32f10x_flash.o
FLASH_HalfCycleAccessCmd                          build/obj/stm32f10x_flash.o
FLASH_IRQHandler                                  build/obj/startup_stm32f10x_md.o
FLASH_ITConfig                                    build/obj/stm32f10x_flash.o
FLASH_Lock                                        build/obj/stm32f10x_flash.o
FLASH_LockBank1                                   build/obj/stm32f10x_flash.o
FLASH_PrefetchBufferCmd                           build/obj/stm32f10x_flash.o
FLASH_ProgramHalfWord                             build/obj/stm32f10x_flash.o
FLASH_ProgramOptionByteData                       build/obj/stm32f10x_flash.o
FLASH_ProgramWord                                 build/obj/stm32f10x_flash.o
FLASH_ReadOutProtection                           build/obj/stm32f10x_flash.o
FLASH_SetLatency                                  build/obj/stm32f10x_flash.o
FLASH_Unlock                                      build/obj/stm32f10x_flash.o
FLASH_UnlockBank1                                 build/obj/stm32f10x_flash.o
FLASH_UserOptionByteConfig                        build/obj/stm32f10x_flash.o
FLASH_WaitForLastBank1Operation                   build/obj/stm32f10x_flash.o
FLASH_WaitForLastOperation                        build/obj/stm32f10x_flash.o
FSMC_ClearFlag                                    build/obj/stm32f10x_fsmc.o
FSMC_ClearITPendingBit                            build/obj/stm32f10x_fsmc.o
FSMC_GetECC                                       build/obj/stm32f10x_fsmc.o
FSMC_GetFlagStatus                                build/obj/stm32f10x_fsmc.o
FSMC_GetITStatus                                  build/obj/stm32f10x_fsmc.o
FSMC_ITConfig                                     build/obj/stm32f10x_fsmc.o
FSMC_NANDCmd                                      build/obj/stm32f10x_fsmc.o
FSMC_NANDDeInit                                   build/obj/stm32f10x_fsmc.o
FSMC_NANDECCCmd                                   build/obj/stm32f10x_fsmc.o
FSMC_NANDInit                                     build/obj/stm32f10x_fsmc.o
FSMC_NANDStructInit                               build/obj/stm32f10x_fsmc.o
FSMC_NORSRAMCmd                                   build/obj/stm32f10x_fsmc.o
FSMC_NORSRAMDeInit                                build/obj/stm32f10x_fsmc.o
FSMC_NORSRAMInit                                  build/obj/stm32f10x_fsmc.o
FSMC_NORSRAMStructInit                            build/obj/stm32f10x_fsmc.o
FSMC_PCCARDCmd                                    build/obj/stm32f10x_fsmc.o
FSMC_PCCARDDeInit                                 build/obj/stm32f10x_fsmc.o
FSMC_PCCARDInit                                   build/obj/stm32f10x_fsmc.o
FSMC_PCCARDStructInit                             build/obj/stm32f10x_fsmc.o
GPIO_AFIODeInit                                   build/obj/stm32f10x_gpio.o
GPIO_DeInit                                       build/obj/stm32f10x_gpio.o
GPIO_ETH_MediaInterfaceConfig                     build/obj/stm32f10x_gpio.o
GPIO_EXTILineConfig                               build/obj/stm32f10x_gpio.o
GPIO_EventOutputCmd                               build/obj/stm32f10x_gpio.o
GPIO_EventOutputConfig                            build/obj/stm32f10x_gpio.o
GPIO_Init                                         build/obj/stm32f10x_gpio.o
                                                  build/obj/key.o
                                                  build/obj/OLED.o
                                                  build/obj/main.o
GPIO_Init_Buttons                                 build/obj/key.o
GPIO_PinLockConfig                                build/obj/stm32f10x_gpio.o
GPIO_PinRemapConfig                               build/obj/stm32f10x_gpio.o
GPIO_ReadInputData                                build/obj/stm32f10x_gpio.o
GPIO_ReadInputDataBit                             build/obj/stm32f10x_gpio.o
                                                  build/obj/key.o
GPIO_ReadOutputData                               build/obj/stm32f10x_gpio.o
GPIO_ReadOutputDataBit                            build/obj/stm32f10x_gpio.o
GPIO_ResetBits                                    build/obj/stm32f10x_gpio.o
                                                  build/obj/main.o
GPIO_SetBits                                      build/obj/stm32f10x_gpio.o
                                                  build/obj/main.o
GPIO_StructInit                                   build/obj/stm32f10x_gpio.o
GPIO_Write                                        build/obj/stm32f10x_gpio.o
GPIO_WriteBit                                     build/obj/stm32f10x_gpio.o
                                                  build/obj/OLED.o
HardFault_Handler                                 build/obj/stm32f10x_it.o
I2C1_ER_IRQHandler                                build/obj/startup_stm32f10x_md.o
I2C1_EV_IRQHandler                                build/obj/startup_stm32f10x_md.o
I2C2_ER_IRQHandler                                build/obj/startup_stm32f10x_md.o
I2C2_EV_IRQHandler                                build/obj/startup_stm32f10x_md.o
I2C_ARPCmd                                        build/obj/stm32f10x_i2c.o
I2C_AcknowledgeConfig                             build/obj/stm32f10x_i2c.o
I2C_CalculatePEC                                  build/obj/stm32f10x_i2c.o
I2C_CheckEvent                                    build/obj/stm32f10x_i2c.o
I2C_ClearFlag                                     build/obj/stm32f10x_i2c.o
I2C_ClearITPendingBit                             build/obj/stm32f10x_i2c.o
I2C_Cmd                                           build/obj/stm32f10x_i2c.o
I2C_DMACmd                                        build/obj/stm32f10x_i2c.o
I2C_DMALastTransferCmd                            build/obj/stm32f10x_i2c.o
I2C_DeInit                                        build/obj/stm32f10x_i2c.o
I2C_DualAddressCmd                                build/obj/stm32f10x_i2c.o
I2C_FastModeDutyCycleConfig                       build/obj/stm32f10x_i2c.o
I2C_GeneralCallCmd                                build/obj/stm32f10x_i2c.o
I2C_GenerateSTART                                 build/obj/stm32f10x_i2c.o
I2C_GenerateSTOP                                  build/obj/stm32f10x_i2c.o
I2C_GetFlagStatus                                 build/obj/stm32f10x_i2c.o
I2C_GetITStatus                                   build/obj/stm32f10x_i2c.o
I2C_GetLastEvent                                  build/obj/stm32f10x_i2c.o
I2C_GetPEC                                        build/obj/stm32f10x_i2c.o
I2C_ITConfig                                      build/obj/stm32f10x_i2c.o
I2C_Init                                          build/obj/stm32f10x_i2c.o
I2C_NACKPositionConfig                            build/obj/stm32f10x_i2c.o
I2C_OwnAddress2Config                             build/obj/stm32f10x_i2c.o
I2C_PECPositionConfig                             build/obj/stm32f10x_i2c.o
I2C_ReadRegister                                  build/obj/stm32f10x_i2c.o
I2C_ReceiveData                                   build/obj/stm32f10x_i2c.o
I2C_SMBusAlertConfig                              build/obj/stm32f10x_i2c.o
I2C_Send7bitAddress                               build/obj/stm32f10x_i2c.o
I2C_SendData                                      build/obj/stm32f10x_i2c.o
I2C_SoftwareResetCmd                              build/obj/stm32f10x_i2c.o
I2C_StretchClockCmd                               build/obj/stm32f10x_i2c.o
I2C_StructInit                                    build/obj/stm32f10x_i2c.o
I2C_TransmitPEC                                   build/obj/stm32f10x_i2c.o
I2S_Cmd                                           build/obj/stm32f10x_spi.o
I2S_Init                                          build/obj/stm32f10x_spi.o
I2S_StructInit                                    build/obj/stm32f10x_spi.o
IWDG_Enable                                       build/obj/stm32f10x_iwdg.o
IWDG_GetFlagStatus                                build/obj/stm32f10x_iwdg.o
IWDG_ReloadCounter                                build/obj/stm32f10x_iwdg.o
IWDG_SetPrescaler                                 build/obj/stm32f10x_iwdg.o
IWDG_SetReload                                    build/obj/stm32f10x_iwdg.o
IWDG_WriteAccessCmd                               build/obj/stm32f10x_iwdg.o
LED_Init                                          build/obj/main.o
MemManage_Handler                                 build/obj/stm32f10x_it.o
NMI_Handler                                       build/obj/stm32f10x_it.o
NVIC_Init                                         build/obj/misc.o
                                                  build/obj/key.o
NVIC_PriorityGroupConfig                          build/obj/misc.o
NVIC_SetVectorTable                               build/obj/misc.o
NVIC_SystemLPConfig                               build/obj/misc.o
OLED_CF16x16                                      build/obj/OLED.o
OLED_Clear                                        build/obj/OLED.o
OLED_ClearArea                                    build/obj/OLED.o
OLED_DisplayBuf                                   build/obj/OLED.o
OLED_DrawArc                                      build/obj/OLED.o
OLED_DrawCircle                                   build/obj/OLED.o
OLED_DrawEllipse                                  build/obj/OLED.o
OLED_DrawLine                                     build/obj/OLED.o
OLED_DrawPoint                                    build/obj/OLED.o
OLED_DrawRectangle                                build/obj/OLED.o
OLED_DrawTriangle                                 build/obj/OLED.o
OLED_F6x8                                         build/obj/OLED.o
OLED_F8x16                                        build/obj/OLED.o
OLED_GPIO_Init                                    build/obj/OLED.o
OLED_GetPoint                                     build/obj/OLED.o
OLED_I2C_SendByte                                 build/obj/OLED.o
OLED_I2C_Start                                    build/obj/OLED.o
OLED_I2C_Stop                                     build/obj/OLED.o
OLED_Init                                         build/obj/OLED.o
OLED_IsInAngle                                    build/obj/OLED.o
OLED_Pow                                          build/obj/OLED.o
OLED_Printf                                       build/obj/OLED.o
OLED_Reverse                                      build/obj/OLED.o
OLED_ReverseArea                                  build/obj/OLED.o
OLED_SetCursor                                    build/obj/OLED.o
OLED_ShowBinNum                                   build/obj/OLED.o
OLED_ShowChar                                     build/obj/OLED.o
OLED_ShowChinese                                  build/obj/OLED.o
OLED_ShowFloatNum                                 build/obj/OLED.o
OLED_ShowHexNum                                   build/obj/OLED.o
OLED_ShowImage                                    build/obj/OLED.o
OLED_ShowNum                                      build/obj/OLED.o
OLED_ShowSignedNum                                build/obj/OLED.o
OLED_ShowString                                   build/obj/OLED.o
OLED_Update                                       build/obj/OLED.o
OLED_UpdateArea                                   build/obj/OLED.o
OLED_W_SCL                                        build/obj/OLED.o
OLED_W_SDA                                        build/obj/OLED.o
OLED_WriteCommand                                 build/obj/OLED.o
OLED_WriteData                                    build/obj/OLED.o
OLED_pnpoly                                       build/obj/OLED.o
PVD_IRQHandler                                    build/obj/startup_stm32f10x_md.o
PWR_BackupAccessCmd                               build/obj/stm32f10x_pwr.o
PWR_ClearFlag                                     build/obj/stm32f10x_pwr.o
PWR_DeInit                                        build/obj/stm32f10x_pwr.o
PWR_EnterSTANDBYMode                              build/obj/stm32f10x_pwr.o
PWR_EnterSTOPMode                                 build/obj/stm32f10x_pwr.o
PWR_GetFlagStatus                                 build/obj/stm32f10x_pwr.o
PWR_PVDCmd                                        build/obj/stm32f10x_pwr.o
PWR_PVDLevelConfig                                build/obj/stm32f10x_pwr.o
PWR_WakeUpPinCmd                                  build/obj/stm32f10x_pwr.o
PendSV_Handler                                    build/obj/stm32f10x_it.o
RCC_ADCCLKConfig                                  build/obj/stm32f10x_rcc.o
RCC_AHBPeriphClockCmd                             build/obj/stm32f10x_rcc.o
RCC_APB1PeriphClockCmd                            build/obj/stm32f10x_rcc.o
                                                  build/obj/key.o
RCC_APB1PeriphResetCmd                            build/obj/stm32f10x_rcc.o
                                                  build/obj/stm32f10x_wwdg.o
                                                  build/obj/stm32f10x_usart.o
                                                  build/obj/stm32f10x_tim.o
                                                  build/obj/stm32f10x_spi.o
                                                  build/obj/stm32f10x_pwr.o
                                                  build/obj/stm32f10x_i2c.o
                                                  build/obj/stm32f10x_dac.o
                                                  build/obj/stm32f10x_cec.o
                                                  build/obj/stm32f10x_can.o
RCC_APB2PeriphClockCmd                            build/obj/stm32f10x_rcc.o
                                                  build/obj/key.o
                                                  build/obj/OLED.o
                                                  build/obj/main.o
RCC_APB2PeriphResetCmd                            build/obj/stm32f10x_rcc.o
                                                  build/obj/stm32f10x_usart.o
                                                  build/obj/stm32f10x_tim.o
                                                  build/obj/stm32f10x_spi.o
                                                  build/obj/stm32f10x_gpio.o
                                                  build/obj/stm32f10x_adc.o
RCC_AdjustHSICalibrationValue                     build/obj/stm32f10x_rcc.o
RCC_BackupResetCmd                                build/obj/stm32f10x_rcc.o
                                                  build/obj/stm32f10x_bkp.o
RCC_ClearFlag                                     build/obj/stm32f10x_rcc.o
RCC_ClearITPendingBit                             build/obj/stm32f10x_rcc.o
RCC_ClockSecuritySystemCmd                        build/obj/stm32f10x_rcc.o
RCC_DeInit                                        build/obj/stm32f10x_rcc.o
RCC_GetClocksFreq                                 build/obj/stm32f10x_rcc.o
                                                  build/obj/stm32f10x_usart.o
                                                  build/obj/stm32f10x_spi.o
                                                  build/obj/stm32f10x_i2c.o
RCC_GetFlagStatus                                 build/obj/stm32f10x_rcc.o
RCC_GetITStatus                                   build/obj/stm32f10x_rcc.o
RCC_GetSYSCLKSource                               build/obj/stm32f10x_rcc.o
RCC_HCLKConfig                                    build/obj/stm32f10x_rcc.o
RCC_HSEConfig                                     build/obj/stm32f10x_rcc.o
RCC_HSICmd                                        build/obj/stm32f10x_rcc.o
RCC_IRQHandler                                    build/obj/startup_stm32f10x_md.o
RCC_ITConfig                                      build/obj/stm32f10x_rcc.o
RCC_LSEConfig                                     build/obj/stm32f10x_rcc.o
RCC_LSICmd                                        build/obj/stm32f10x_rcc.o
RCC_MCOConfig                                     build/obj/stm32f10x_rcc.o
RCC_PCLK1Config                                   build/obj/stm32f10x_rcc.o
RCC_PCLK2Config                                   build/obj/stm32f10x_rcc.o
RCC_PLLCmd                                        build/obj/stm32f10x_rcc.o
RCC_PLLConfig                                     build/obj/stm32f10x_rcc.o
RCC_RTCCLKCmd                                     build/obj/stm32f10x_rcc.o
RCC_RTCCLKConfig                                  build/obj/stm32f10x_rcc.o
RCC_SYSCLKConfig                                  build/obj/stm32f10x_rcc.o
RCC_USBCLKConfig                                  build/obj/stm32f10x_rcc.o
RCC_WaitForHSEStartUp                             build/obj/stm32f10x_rcc.o
RTCAlarm_IRQHandler                               build/obj/startup_stm32f10x_md.o
RTC_ClearFlag                                     build/obj/stm32f10x_rtc.o
RTC_ClearITPendingBit                             build/obj/stm32f10x_rtc.o
RTC_EnterConfigMode                               build/obj/stm32f10x_rtc.o
RTC_ExitConfigMode                                build/obj/stm32f10x_rtc.o
RTC_GetCounter                                    build/obj/stm32f10x_rtc.o
RTC_GetDivider                                    build/obj/stm32f10x_rtc.o
RTC_GetFlagStatus                                 build/obj/stm32f10x_rtc.o
RTC_GetITStatus                                   build/obj/stm32f10x_rtc.o
RTC_IRQHandler                                    build/obj/startup_stm32f10x_md.o
RTC_ITConfig                                      build/obj/stm32f10x_rtc.o
RTC_SetAlarm                                      build/obj/stm32f10x_rtc.o
RTC_SetCounter                                    build/obj/stm32f10x_rtc.o
RTC_SetPrescaler                                  build/obj/stm32f10x_rtc.o
RTC_WaitForLastTask                               build/obj/stm32f10x_rtc.o
RTC_WaitForSynchro                                build/obj/stm32f10x_rtc.o
Reset_Handler                                     build/obj/startup_stm32f10x_md.o
SDIO_CEATAITCmd                                   build/obj/stm32f10x_sdio.o
SDIO_ClearFlag                                    build/obj/stm32f10x_sdio.o
SDIO_ClearITPendingBit                            build/obj/stm32f10x_sdio.o
SDIO_ClockCmd                                     build/obj/stm32f10x_sdio.o
SDIO_CmdStructInit                                build/obj/stm32f10x_sdio.o
SDIO_CommandCompletionCmd                         build/obj/stm32f10x_sdio.o
SDIO_DMACmd                                       build/obj/stm32f10x_sdio.o
SDIO_DataConfig                                   build/obj/stm32f10x_sdio.o
SDIO_DataStructInit                               build/obj/stm32f10x_sdio.o
SDIO_DeInit                                       build/obj/stm32f10x_sdio.o
SDIO_GetCommandResponse                           build/obj/stm32f10x_sdio.o
SDIO_GetDataCounter                               build/obj/stm32f10x_sdio.o
SDIO_GetFIFOCount                                 build/obj/stm32f10x_sdio.o
SDIO_GetFlagStatus                                build/obj/stm32f10x_sdio.o
SDIO_GetITStatus                                  build/obj/stm32f10x_sdio.o
SDIO_GetPowerState                                build/obj/stm32f10x_sdio.o
SDIO_GetResponse                                  build/obj/stm32f10x_sdio.o
SDIO_ITConfig                                     build/obj/stm32f10x_sdio.o
SDIO_Init                                         build/obj/stm32f10x_sdio.o
SDIO_ReadData                                     build/obj/stm32f10x_sdio.o
SDIO_SendCEATACmd                                 build/obj/stm32f10x_sdio.o
SDIO_SendCommand                                  build/obj/stm32f10x_sdio.o
SDIO_SendSDIOSuspendCmd                           build/obj/stm32f10x_sdio.o
SDIO_SetPowerState                                build/obj/stm32f10x_sdio.o
SDIO_SetSDIOOperation                             build/obj/stm32f10x_sdio.o
SDIO_SetSDIOReadWaitMode                          build/obj/stm32f10x_sdio.o
SDIO_StartSDIOReadWait                            build/obj/stm32f10x_sdio.o
SDIO_StopSDIOReadWait                             build/obj/stm32f10x_sdio.o
SDIO_StructInit                                   build/obj/stm32f10x_sdio.o
SDIO_WriteData                                    build/obj/stm32f10x_sdio.o
SPI1_IRQHandler                                   build/obj/startup_stm32f10x_md.o
SPI2_IRQHandler                                   build/obj/startup_stm32f10x_md.o
SPI_BiDirectionalLineConfig                       build/obj/stm32f10x_spi.o
SPI_CalculateCRC                                  build/obj/stm32f10x_spi.o
SPI_Cmd                                           build/obj/stm32f10x_spi.o
SPI_DataSizeConfig                                build/obj/stm32f10x_spi.o
SPI_GetCRC                                        build/obj/stm32f10x_spi.o
SPI_GetCRCPolynomial                              build/obj/stm32f10x_spi.o
SPI_I2S_ClearFlag                                 build/obj/stm32f10x_spi.o
SPI_I2S_ClearITPendingBit                         build/obj/stm32f10x_spi.o
SPI_I2S_DMACmd                                    build/obj/stm32f10x_spi.o
SPI_I2S_DeInit                                    build/obj/stm32f10x_spi.o
SPI_I2S_GetFlagStatus                             build/obj/stm32f10x_spi.o
SPI_I2S_GetITStatus                               build/obj/stm32f10x_spi.o
SPI_I2S_ITConfig                                  build/obj/stm32f10x_spi.o
SPI_I2S_ReceiveData                               build/obj/stm32f10x_spi.o
SPI_I2S_SendData                                  build/obj/stm32f10x_spi.o
SPI_Init                                          build/obj/stm32f10x_spi.o
SPI_NSSInternalSoftwareConfig                     build/obj/stm32f10x_spi.o
SPI_SSOutputCmd                                   build/obj/stm32f10x_spi.o
SPI_StructInit                                    build/obj/stm32f10x_spi.o
SPI_TransmitCRC                                   build/obj/stm32f10x_spi.o
SVC_Handler                                       build/obj/stm32f10x_it.o
SysTick_CLKSourceConfig                           build/obj/misc.o
SysTick_Handler                                   build/obj/stm32f10x_it.o
SystemCoreClock                                   build/obj/system_stm32f10x.o
SystemCoreClockUpdate                             build/obj/system_stm32f10x.o
SystemInit                                        build/obj/system_stm32f10x.o
                                                  build/obj/startup_stm32f10x_md.o
TAMPER_IRQHandler                                 build/obj/startup_stm32f10x_md.o
TIM1_BRK_IRQHandler                               build/obj/startup_stm32f10x_md.o
TIM1_CC_IRQHandler                                build/obj/startup_stm32f10x_md.o
TIM1_TRG_COM_IRQHandler                           build/obj/startup_stm32f10x_md.o
TIM1_UP_IRQHandler                                build/obj/startup_stm32f10x_md.o
TIM2_IRQHandler                                   build/obj/key.o
TIM2_Init                                         build/obj/key.o
TIM3_IRQHandler                                   build/obj/startup_stm32f10x_md.o
TIM4_IRQHandler                                   build/obj/startup_stm32f10x_md.o
TIM_ARRPreloadConfig                              build/obj/stm32f10x_tim.o
TIM_BDTRConfig                                    build/obj/stm32f10x_tim.o
TIM_BDTRStructInit                                build/obj/stm32f10x_tim.o
TIM_CCPreloadControl                              build/obj/stm32f10x_tim.o
TIM_CCxCmd                                        build/obj/stm32f10x_tim.o
TIM_CCxNCmd                                       build/obj/stm32f10x_tim.o
TIM_ClearFlag                                     build/obj/stm32f10x_tim.o
                                                  build/obj/key.o
TIM_ClearITPendingBit                             build/obj/stm32f10x_tim.o
                                                  build/obj/key.o
TIM_ClearOC1Ref                                   build/obj/stm32f10x_tim.o
TIM_ClearOC2Ref                                   build/obj/stm32f10x_tim.o
TIM_ClearOC3Ref                                   build/obj/stm32f10x_tim.o
TIM_ClearOC4Ref                                   build/obj/stm32f10x_tim.o
TIM_Cmd                                           build/obj/stm32f10x_tim.o
                                                  build/obj/key.o
TIM_CounterModeConfig                             build/obj/stm32f10x_tim.o
TIM_CtrlPWMOutputs                                build/obj/stm32f10x_tim.o
TIM_DMACmd                                        build/obj/stm32f10x_tim.o
TIM_DMAConfig                                     build/obj/stm32f10x_tim.o
TIM_DeInit                                        build/obj/stm32f10x_tim.o
TIM_ETRClockMode1Config                           build/obj/stm32f10x_tim.o
TIM_ETRClockMode2Config                           build/obj/stm32f10x_tim.o
TIM_ETRConfig                                     build/obj/stm32f10x_tim.o
TIM_EncoderInterfaceConfig                        build/obj/stm32f10x_tim.o
TIM_ForcedOC1Config                               build/obj/stm32f10x_tim.o
TIM_ForcedOC2Config                               build/obj/stm32f10x_tim.o
TIM_ForcedOC3Config                               build/obj/stm32f10x_tim.o
TIM_ForcedOC4Config                               build/obj/stm32f10x_tim.o
TIM_GenerateEvent                                 build/obj/stm32f10x_tim.o
TIM_GetCapture1                                   build/obj/stm32f10x_tim.o
TIM_GetCapture2                                   build/obj/stm32f10x_tim.o
TIM_GetCapture3                                   build/obj/stm32f10x_tim.o
TIM_GetCapture4                                   build/obj/stm32f10x_tim.o
TIM_GetCounter                                    build/obj/stm32f10x_tim.o
TIM_GetFlagStatus                                 build/obj/stm32f10x_tim.o
TIM_GetITStatus                                   build/obj/stm32f10x_tim.o
                                                  build/obj/key.o
TIM_GetPrescaler                                  build/obj/stm32f10x_tim.o
TIM_ICInit                                        build/obj/stm32f10x_tim.o
TIM_ICStructInit                                  build/obj/stm32f10x_tim.o
TIM_ITConfig                                      build/obj/stm32f10x_tim.o
                                                  build/obj/key.o
TIM_ITRxExternalClockConfig                       build/obj/stm32f10x_tim.o
TIM_InternalClockConfig                           build/obj/stm32f10x_tim.o
TIM_OC1FastConfig                                 build/obj/stm32f10x_tim.o
TIM_OC1Init                                       build/obj/stm32f10x_tim.o
TIM_OC1NPolarityConfig                            build/obj/stm32f10x_tim.o
TIM_OC1PolarityConfig                             build/obj/stm32f10x_tim.o
TIM_OC1PreloadConfig                              build/obj/stm32f10x_tim.o
TIM_OC2FastConfig                                 build/obj/stm32f10x_tim.o
TIM_OC2Init                                       build/obj/stm32f10x_tim.o
TIM_OC2NPolarityConfig                            build/obj/stm32f10x_tim.o
TIM_OC2PolarityConfig                             build/obj/stm32f10x_tim.o
TIM_OC2PreloadConfig                              build/obj/stm32f10x_tim.o
TIM_OC3FastConfig                                 build/obj/stm32f10x_tim.o
TIM_OC3Init                                       build/obj/stm32f10x_tim.o
TIM_OC3NPolarityConfig                            build/obj/stm32f10x_tim.o
TIM_OC3PolarityConfig                             build/obj/stm32f10x_tim.o
TIM_OC3PreloadConfig                              build/obj/stm32f10x_tim.o
TIM_OC4FastConfig                                 build/obj/stm32f10x_tim.o
TIM_OC4Init                                       build/obj/stm32f10x_tim.o
TIM_OC4PolarityConfig                             build/obj/stm32f10x_tim.o
TIM_OC4PreloadConfig                              build/obj/stm32f10x_tim.o
TIM_OCStructInit                                  build/obj/stm32f10x_tim.o
TIM_PWMIConfig                                    build/obj/stm32f10x_tim.o
TIM_PrescalerConfig                               build/obj/stm32f10x_tim.o
TIM_SelectCCDMA                                   build/obj/stm32f10x_tim.o
TIM_SelectCOM                                     build/obj/stm32f10x_tim.o
TIM_SelectHallSensor                              build/obj/stm32f10x_tim.o
TIM_SelectInputTrigger                            build/obj/stm32f10x_tim.o
TIM_SelectMasterSlaveMode                         build/obj/stm32f10x_tim.o
TIM_SelectOCxM                                    build/obj/stm32f10x_tim.o
TIM_SelectOnePulseMode                            build/obj/stm32f10x_tim.o
TIM_SelectOutputTrigger                           build/obj/stm32f10x_tim.o
TIM_SelectSlaveMode                               build/obj/stm32f10x_tim.o
TIM_SetAutoreload                                 build/obj/stm32f10x_tim.o
TIM_SetClockDivision                              build/obj/stm32f10x_tim.o
TIM_SetCompare1                                   build/obj/stm32f10x_tim.o
TIM_SetCompare2                                   build/obj/stm32f10x_tim.o
TIM_SetCompare3                                   build/obj/stm32f10x_tim.o
TIM_SetCompare4                                   build/obj/stm32f10x_tim.o
TIM_SetCounter                                    build/obj/stm32f10x_tim.o
TIM_SetIC1Prescaler                               build/obj/stm32f10x_tim.o
TIM_SetIC2Prescaler                               build/obj/stm32f10x_tim.o
TIM_SetIC3Prescaler                               build/obj/stm32f10x_tim.o
TIM_SetIC4Prescaler                               build/obj/stm32f10x_tim.o
TIM_TIxExternalClockConfig                        build/obj/stm32f10x_tim.o
TIM_TimeBaseInit                                  build/obj/stm32f10x_tim.o
                                                  build/obj/key.o
TIM_TimeBaseStructInit                            build/obj/stm32f10x_tim.o
TIM_UpdateDisableConfig                           build/obj/stm32f10x_tim.o
TIM_UpdateRequestConfig                           build/obj/stm32f10x_tim.o
USART1_IRQHandler                                 build/obj/startup_stm32f10x_md.o
USART2_IRQHandler                                 build/obj/startup_stm32f10x_md.o
USART3_IRQHandler                                 build/obj/startup_stm32f10x_md.o
USART_ClearFlag                                   build/obj/stm32f10x_usart.o
USART_ClearITPendingBit                           build/obj/stm32f10x_usart.o
USART_ClockInit                                   build/obj/stm32f10x_usart.o
USART_ClockStructInit                             build/obj/stm32f10x_usart.o
USART_Cmd                                         build/obj/stm32f10x_usart.o
USART_DMACmd                                      build/obj/stm32f10x_usart.o
USART_DeInit                                      build/obj/stm32f10x_usart.o
USART_GetFlagStatus                               build/obj/stm32f10x_usart.o
USART_GetITStatus                                 build/obj/stm32f10x_usart.o
USART_HalfDuplexCmd                               build/obj/stm32f10x_usart.o
USART_ITConfig                                    build/obj/stm32f10x_usart.o
USART_Init                                        build/obj/stm32f10x_usart.o
USART_IrDACmd                                     build/obj/stm32f10x_usart.o
USART_IrDAConfig                                  build/obj/stm32f10x_usart.o
USART_LINBreakDetectLengthConfig                  build/obj/stm32f10x_usart.o
USART_LINCmd                                      build/obj/stm32f10x_usart.o
USART_OneBitMethodCmd                             build/obj/stm32f10x_usart.o
USART_OverSampling8Cmd                            build/obj/stm32f10x_usart.o
USART_ReceiveData                                 build/obj/stm32f10x_usart.o
USART_ReceiverWakeUpCmd                           build/obj/stm32f10x_usart.o
USART_SendBreak                                   build/obj/stm32f10x_usart.o
USART_SendData                                    build/obj/stm32f10x_usart.o
USART_SetAddress                                  build/obj/stm32f10x_usart.o
USART_SetGuardTime                                build/obj/stm32f10x_usart.o
USART_SetPrescaler                                build/obj/stm32f10x_usart.o
USART_SmartCardCmd                                build/obj/stm32f10x_usart.o
USART_SmartCardNACKCmd                            build/obj/stm32f10x_usart.o
USART_StructInit                                  build/obj/stm32f10x_usart.o
USART_WakeUpConfig                                build/obj/stm32f10x_usart.o
USBWakeUp_IRQHandler                              build/obj/startup_stm32f10x_md.o
USB_HP_CAN1_TX_IRQHandler                         build/obj/startup_stm32f10x_md.o
USB_LP_CAN1_RX0_IRQHandler                        build/obj/startup_stm32f10x_md.o
UsageFault_Handler                                build/obj/stm32f10x_it.o
WWDG_ClearFlag                                    build/obj/stm32f10x_wwdg.o
WWDG_DeInit                                       build/obj/stm32f10x_wwdg.o
WWDG_Enable                                       build/obj/stm32f10x_wwdg.o
WWDG_EnableIT                                     build/obj/stm32f10x_wwdg.o
WWDG_GetFlagStatus                                build/obj/stm32f10x_wwdg.o
WWDG_IRQHandler                                   build/obj/startup_stm32f10x_md.o
WWDG_SetCounter                                   build/obj/stm32f10x_wwdg.o
WWDG_SetPrescaler                                 build/obj/stm32f10x_wwdg.o
WWDG_SetWindowValue                               build/obj/stm32f10x_wwdg.o
_Balloc                                           /usr/lib/gcc/arm-none-eabi/14.2.0/../../../../arm-none-eabi/lib/libc.a(libc_a-mprec.o)
                                                  /usr/lib/gcc/arm-none-eabi/14.2.0/../../../../arm-none-eabi/lib/libc.a(libc_a-dtoa.o)
_Bfree                                            /usr/lib/gcc/arm-none-eabi/14.2.0/../../../../arm-none-eabi/lib/libc.a(libc_a-mprec.o)
                                                  /usr/lib/gcc/arm-none-eabi/14.2.0/../../../../arm-none-eabi/lib/libc.a(libc_a-dtoa.o)
_PathLocale                                       /usr/lib/gcc/arm-none-eabi/14.2.0/../../../../arm-none-eabi/lib/libc.a(libc_a-locale.o)
__adddf3                                          /lib/gcc/arm-none-eabi/14.2.0/libgcc.a(_arm_addsubdf3.o)
__addsf3                                          /lib/gcc/arm-none-eabi/14.2.0/libgcc.a(_arm_addsubsf3.o)
__aeabi_cdcmpeq                                   /lib/gcc/arm-none-eabi/14.2.0/libgcc.a(_arm_cmpdf2.o)
__aeabi_cdcmple                                   /lib/gcc/arm-none-eabi/14.2.0/libgcc.a(_arm_cmpdf2.o)
__aeabi_cdrcmple                                  /lib/gcc/arm-none-eabi/14.2.0/libgcc.a(_arm_cmpdf2.o)
__aeabi_cfcmpeq                                   /lib/gcc/arm-none-eabi/14.2.0/libgcc.a(_arm_cmpsf2.o)
__aeabi_cfcmple                                   /lib/gcc/arm-none-eabi/14.2.0/libgcc.a(_arm_cmpsf2.o)
__aeabi_cfrcmple                                  /lib/gcc/arm-none-eabi/14.2.0/libgcc.a(_arm_cmpsf2.o)
__aeabi_d2f                                       /lib/gcc/arm-none-eabi/14.2.0/libgcc.a(_arm_truncdfsf2.o)
                                                  build/obj/OLED.o
__aeabi_d2iz                                      /lib/gcc/arm-none-eabi/14.2.0/libgcc.a(_arm_fixdfsi.o)
                                                  /usr/lib/gcc/arm-none-eabi/14.2.0/../../../../arm-none-eabi/lib/libc.a(libc_a-dtoa.o)
                                                  /usr/lib/gcc/arm-none-eabi/14.2.0/../../../../arm-none-eabi/lib/libc.a(libc_a-svfprintf.o)
                                                  build/obj/OLED.o
__aeabi_d2uiz                                     /lib/gcc/arm-none-eabi/14.2.0/libgcc.a(_arm_fixunsdfsi.o)
                                                  build/obj/OLED.o
__aeabi_dadd                                      /lib/gcc/arm-none-eabi/14.2.0/libgcc.a(_arm_addsubdf3.o)
                                                  /usr/lib/gcc/arm-none-eabi/14.2.0/../../../../arm-none-eabi/lib/libm.a(libm_a-s_atan.o)
                                                  /usr/lib/gcc/arm-none-eabi/14.2.0/../../../../arm-none-eabi/lib/libm.a(libm_a-e_atan2.o)
                                                  /usr/lib/gcc/arm-none-eabi/14.2.0/../../../../arm-none-eabi/lib/libm.a(libm_a-s_round.o)
                                                  /usr/lib/gcc/arm-none-eabi/14.2.0/../../../../arm-none-eabi/lib/libc.a(libc_a-dtoa.o)
                                                  build/obj/OLED.o
__aeabi_dcmpeq                                    /lib/gcc/arm-none-eabi/14.2.0/libgcc.a(_arm_cmpdf2.o)
                                                  /usr/lib/gcc/arm-none-eabi/14.2.0/../../../../arm-none-eabi/lib/libc.a(libc_a-dtoa.o)
                                                  /usr/lib/gcc/arm-none-eabi/14.2.0/../../../../arm-none-eabi/lib/libc.a(libc_a-svfprintf.o)
__aeabi_dcmpge                                    /lib/gcc/arm-none-eabi/14.2.0/libgcc.a(_arm_cmpdf2.o)
                                                  build/obj/OLED.o
__aeabi_dcmpgt                                    /lib/gcc/arm-none-eabi/14.2.0/libgcc.a(_arm_cmpdf2.o)
                                                  /usr/lib/gcc/arm-none-eabi/14.2.0/../../../../arm-none-eabi/lib/libm.a(libm_a-s_atan.o)
                                                  /usr/lib/gcc/arm-none-eabi/14.2.0/../../../../arm-none-eabi/lib/libc.a(libc_a-dtoa.o)
                                                  /usr/lib/gcc/arm-none-eabi/14.2.0/../../../../arm-none-eabi/lib/libc.a(libc_a-svfprintf.o)
__aeabi_dcmple                                    /lib/gcc/arm-none-eabi/14.2.0/libgcc.a(_arm_cmpdf2.o)
                                                  /usr/lib/gcc/arm-none-eabi/14.2.0/../../../../arm-none-eabi/lib/libc.a(libc_a-dtoa.o)
                                                  /usr/lib/gcc/arm-none-eabi/14.2.0/../../../../arm-none-eabi/lib/libc.a(libc_a-svfprintf.o)
__aeabi_dcmplt                                    /lib/gcc/arm-none-eabi/14.2.0/libgcc.a(_arm_cmpdf2.o)
                                                  /usr/lib/gcc/arm-none-eabi/14.2.0/../../../../arm-none-eabi/lib/libc.a(libc_a-dtoa.o)
                                                  /usr/lib/gcc/arm-none-eabi/14.2.0/../../../../arm-none-eabi/lib/libc.a(libc_a-svfprintf.o)
                                                  build/obj/OLED.o
__aeabi_dcmpun                                    /lib/gcc/arm-none-eabi/14.2.0/libgcc.a(_arm_unorddf2.o)
                                                  /usr/lib/gcc/arm-none-eabi/14.2.0/../../../../arm-none-eabi/lib/libc.a(libc_a-svfprintf.o)
__aeabi_ddiv                                      /lib/gcc/arm-none-eabi/14.2.0/libgcc.a(_arm_muldivdf3.o)
                                                  /usr/lib/gcc/arm-none-eabi/14.2.0/../../../../arm-none-eabi/lib/libm.a(libm_a-s_atan.o)
                                                  /usr/lib/gcc/arm-none-eabi/14.2.0/../../../../arm-none-eabi/lib/libm.a(libm_a-e_atan2.o)
                                                  /usr/lib/gcc/arm-none-eabi/14.2.0/../../../../arm-none-eabi/lib/libc.a(libc_a-mprec.o)
                                                  /usr/lib/gcc/arm-none-eabi/14.2.0/../../../../arm-none-eabi/lib/libc.a(libc_a-dtoa.o)
                                                  build/obj/OLED.o
__aeabi_dmul                                      /lib/gcc/arm-none-eabi/14.2.0/libgcc.a(_arm_muldivdf3.o)
                                                  /lib/gcc/arm-none-eabi/14.2.0/libgcc.a(_arm_muldf3.o)
                                                  /usr/lib/gcc/arm-none-eabi/14.2.0/../../../../arm-none-eabi/lib/libm.a(libm_a-s_atan.o)
                                                  /usr/lib/gcc/arm-none-eabi/14.2.0/../../../../arm-none-eabi/lib/libc.a(libc_a-mprec.o)
                                                  /usr/lib/gcc/arm-none-eabi/14.2.0/../../../../arm-none-eabi/lib/libc.a(libc_a-dtoa.o)
                                                  /usr/lib/gcc/arm-none-eabi/14.2.0/../../../../arm-none-eabi/lib/libc.a(libm_a-s_frexp.o)
                                                  /usr/lib/gcc/arm-none-eabi/14.2.0/../../../../arm-none-eabi/lib/libc.a(libc_a-svfprintf.o)
                                                  build/obj/OLED.o
__aeabi_drsub                                     /lib/gcc/arm-none-eabi/14.2.0/libgcc.a(_arm_addsubdf3.o)
__aeabi_dsub                                      /lib/gcc/arm-none-eabi/14.2.0/libgcc.a(_arm_addsubdf3.o)
                                                  /usr/lib/gcc/arm-none-eabi/14.2.0/../../../../arm-none-eabi/lib/libm.a(libm_a-s_atan.o)
                                                  /usr/lib/gcc/arm-none-eabi/14.2.0/../../../../arm-none-eabi/lib/libm.a(libm_a-e_atan2.o)
                                                  /usr/lib/gcc/arm-none-eabi/14.2.0/../../../../arm-none-eabi/lib/libc.a(libc_a-dtoa.o)
                                                  /usr/lib/gcc/arm-none-eabi/14.2.0/../../../../arm-none-eabi/lib/libc.a(libc_a-svfprintf.o)
                                                  build/obj/OLED.o
__aeabi_f2d                                       /lib/gcc/arm-none-eabi/14.2.0/libgcc.a(_arm_addsubdf3.o)
__aeabi_fadd                                      /lib/gcc/arm-none-eabi/14.2.0/libgcc.a(_arm_addsubsf3.o)
                                                  build/obj/OLED.o
__aeabi_fcmpeq                                    /lib/gcc/arm-none-eabi/14.2.0/libgcc.a(_arm_cmpsf2.o)
__aeabi_fcmpge                                    /lib/gcc/arm-none-eabi/14.2.0/libgcc.a(_arm_cmpsf2.o)
__aeabi_fcmpgt                                    /lib/gcc/arm-none-eabi/14.2.0/libgcc.a(_arm_cmpsf2.o)
__aeabi_fcmple                                    /lib/gcc/arm-none-eabi/14.2.0/libgcc.a(_arm_cmpsf2.o)
                                                  build/obj/OLED.o
__aeabi_fcmplt                                    /lib/gcc/arm-none-eabi/14.2.0/libgcc.a(_arm_cmpsf2.o)
__aeabi_frsub                                     /lib/gcc/arm-none-eabi/14.2.0/libgcc.a(_arm_addsubsf3.o)
__aeabi_fsub                                      /lib/gcc/arm-none-eabi/14.2.0/libgcc.a(_arm_addsubsf3.o)
__aeabi_i2d                                       /lib/gcc/arm-none-eabi/14.2.0/libgcc.a(_arm_addsubdf3.o)
                                                  /usr/lib/gcc/arm-none-eabi/14.2.0/../../../../arm-none-eabi/lib/libc.a(libc_a-dtoa.o)
                                                  /usr/lib/gcc/arm-none-eabi/14.2.0/../../../../arm-none-eabi/lib/libc.a(libc_a-svfprintf.o)
                                                  build/obj/OLED.o
__aeabi_i2f                                       /lib/gcc/arm-none-eabi/14.2.0/libgcc.a(_arm_addsubsf3.o)
                                                  build/obj/OLED.o
__aeabi_idiv                                      /lib/gcc/arm-none-eabi/14.2.0/libgcc.a(_divsi3.o)
__aeabi_idiv0                                     /lib/gcc/arm-none-eabi/14.2.0/libgcc.a(_dvmd_tls.o)
                                                  /lib/gcc/arm-none-eabi/14.2.0/libgcc.a(_divsi3.o)
                                                  /lib/gcc/arm-none-eabi/14.2.0/libgcc.a(_udivsi3.o)
__aeabi_idivmod                                   /lib/gcc/arm-none-eabi/14.2.0/libgcc.a(_divsi3.o)
                                                  /usr/lib/gcc/arm-none-eabi/14.2.0/../../../../arm-none-eabi/lib/libc.a(libc_a-fvwrite.o)
__aeabi_l2d                                       /lib/gcc/arm-none-eabi/14.2.0/libgcc.a(_arm_addsubdf3.o)
__aeabi_l2f                                       /lib/gcc/arm-none-eabi/14.2.0/libgcc.a(_arm_addsubsf3.o)
__aeabi_ldiv0                                     /lib/gcc/arm-none-eabi/14.2.0/libgcc.a(_dvmd_tls.o)
__aeabi_ui2d                                      /lib/gcc/arm-none-eabi/14.2.0/libgcc.a(_arm_addsubdf3.o)
                                                  /usr/lib/gcc/arm-none-eabi/14.2.0/../../../../arm-none-eabi/lib/libc.a(libc_a-dtoa.o)
                                                  build/obj/OLED.o
__aeabi_ui2f                                      /lib/gcc/arm-none-eabi/14.2.0/libgcc.a(_arm_addsubsf3.o)
__aeabi_uidiv                                     /lib/gcc/arm-none-eabi/14.2.0/libgcc.a(_udivsi3.o)
                                                  /usr/lib/gcc/arm-none-eabi/14.2.0/../../../../arm-none-eabi/lib/libc.a(libc_a-dtoa.o)
                                                  /usr/lib/gcc/arm-none-eabi/14.2.0/../../../../arm-none-eabi/lib/libc.a(libc_a-freer.o)
__aeabi_uidivmod                                  /lib/gcc/arm-none-eabi/14.2.0/libgcc.a(_udivsi3.o)
__aeabi_ul2d                                      /lib/gcc/arm-none-eabi/14.2.0/libgcc.a(_arm_addsubdf3.o)
__aeabi_ul2f                                      /lib/gcc/arm-none-eabi/14.2.0/libgcc.a(_arm_addsubsf3.o)
__any_on                                          /usr/lib/gcc/arm-none-eabi/14.2.0/../../../../arm-none-eabi/lib/libc.a(libc_a-mprec.o)
__ascii_mbtowc                                    /usr/lib/gcc/arm-none-eabi/14.2.0/../../../../arm-none-eabi/lib/libc.a(libc_a-mbtowc_r.o)
                                                  /usr/lib/gcc/arm-none-eabi/14.2.0/../../../../arm-none-eabi/lib/libc.a(libc_a-locale.o)
__ascii_wctomb                                    /usr/lib/gcc/arm-none-eabi/14.2.0/../../../../arm-none-eabi/lib/libc.a(libc_a-wctomb_r.o)
                                                  /usr/lib/gcc/arm-none-eabi/14.2.0/../../../../arm-none-eabi/lib/libc.a(libc_a-locale.o)
__assert                                          /usr/lib/gcc/arm-none-eabi/14.2.0/../../../../arm-none-eabi/lib/libc.a(libc_a-assert.o)
__assert_func                                     /usr/lib/gcc/arm-none-eabi/14.2.0/../../../../arm-none-eabi/lib/libc.a(libc_a-assert.o)
                                                  /usr/lib/gcc/arm-none-eabi/14.2.0/../../../../arm-none-eabi/lib/libc.a(libc_a-mprec.o)
                                                  /usr/lib/gcc/arm-none-eabi/14.2.0/../../../../arm-none-eabi/lib/libc.a(libc_a-dtoa.o)
__atexit                                          /usr/lib/gcc/arm-none-eabi/14.2.0/../../../../arm-none-eabi/lib/libc.a(libc_a-__call_atexit.o)
                                                  /usr/lib/gcc/arm-none-eabi/14.2.0/../../../../arm-none-eabi/lib/libc.a(libc_a-__atexit.o)
__atexit0                                         /usr/lib/gcc/arm-none-eabi/14.2.0/../../../../arm-none-eabi/lib/libc.a(libc_a-__atexit.o)
__atexit_recursive_mutex                          /usr/lib/gcc/arm-none-eabi/14.2.0/../../../../arm-none-eabi/lib/libc.a(libc_a-__call_atexit.o)
                                                  /usr/lib/gcc/arm-none-eabi/14.2.0/../../../../arm-none-eabi/lib/libc.a(libc_a-__atexit.o)
__b2d                                             /usr/lib/gcc/arm-none-eabi/14.2.0/../../../../arm-none-eabi/lib/libc.a(libc_a-mprec.o)
__bss_end__                                       /usr/lib/gcc/arm-none-eabi/14.2.0/../../../../arm-none-eabi/lib/crt0.o
__bss_start__                                     /usr/lib/gcc/arm-none-eabi/14.2.0/../../../../arm-none-eabi/lib/crt0.o
__call_exitprocs                                  /usr/lib/gcc/arm-none-eabi/14.2.0/../../../../arm-none-eabi/lib/libc.a(libc_a-__call_atexit.o)
                                                  /usr/lib/gcc/arm-none-eabi/14.2.0/../../../../arm-none-eabi/lib/libc.a(libc_a-exit.o)
__cmpdf2                                          /lib/gcc/arm-none-eabi/14.2.0/libgcc.a(_arm_cmpdf2.o)
__cmpsf2                                          /lib/gcc/arm-none-eabi/14.2.0/libgcc.a(_arm_cmpsf2.o)
__copybits                                        /usr/lib/gcc/arm-none-eabi/14.2.0/../../../../arm-none-eabi/lib/libc.a(libc_a-mprec.o)
__d2b                                             /usr/lib/gcc/arm-none-eabi/14.2.0/../../../../arm-none-eabi/lib/libc.a(libc_a-mprec.o)
                                                  /usr/lib/gcc/arm-none-eabi/14.2.0/../../../../arm-none-eabi/lib/libc.a(libc_a-dtoa.o)
__deregister_frame_info                           /usr/lib/gcc/arm-none-eabi/14.2.0/crtbegin.o
__divdf3                                          /lib/gcc/arm-none-eabi/14.2.0/libgcc.a(_arm_muldivdf3.o)
__divsi3                                          /lib/gcc/arm-none-eabi/14.2.0/libgcc.a(_divsi3.o)
__dso_handle                                      /usr/lib/gcc/arm-none-eabi/14.2.0/crtbegin.o
__eqdf2                                           /lib/gcc/arm-none-eabi/14.2.0/libgcc.a(_arm_cmpdf2.o)
__eqsf2                                           /lib/gcc/arm-none-eabi/14.2.0/libgcc.a(_arm_cmpsf2.o)
__errno                                           /usr/lib/gcc/arm-none-eabi/14.2.0/../../../../arm-none-eabi/lib/libc.a(libc_a-errno.o)
                                                  /usr/lib/gcc/arm-none-eabi/14.2.0/../../../../arm-none-eabi/lib/libc.a(libc_a-callocr.o)
                                                  /usr/lib/gcc/arm-none-eabi/14.2.0/../../../../arm-none-eabi/lib/libc.a(libc_a-sysconf.o)
__extendsfdf2                                     /lib/gcc/arm-none-eabi/14.2.0/libgcc.a(_arm_addsubdf3.o)
__fini_array_end                                  /usr/lib/gcc/arm-none-eabi/14.2.0/../../../../arm-none-eabi/lib/libc.a(libc_a-fini.o)
__fini_array_start                                /usr/lib/gcc/arm-none-eabi/14.2.0/../../../../arm-none-eabi/lib/libc.a(libc_a-fini.o)
__fixdfsi                                         /lib/gcc/arm-none-eabi/14.2.0/libgcc.a(_arm_fixdfsi.o)
__fixunsdfsi                                      /lib/gcc/arm-none-eabi/14.2.0/libgcc.a(_arm_fixunsdfsi.o)
__floatdidf                                       /lib/gcc/arm-none-eabi/14.2.0/libgcc.a(_arm_addsubdf3.o)
__floatdisf                                       /lib/gcc/arm-none-eabi/14.2.0/libgcc.a(_arm_addsubsf3.o)
__floatsidf                                       /lib/gcc/arm-none-eabi/14.2.0/libgcc.a(_arm_addsubdf3.o)
__floatsisf                                       /lib/gcc/arm-none-eabi/14.2.0/libgcc.a(_arm_addsubsf3.o)
__floatundidf                                     /lib/gcc/arm-none-eabi/14.2.0/libgcc.a(_arm_addsubdf3.o)
__floatundisf                                     /lib/gcc/arm-none-eabi/14.2.0/libgcc.a(_arm_addsubsf3.o)
__floatunsidf                                     /lib/gcc/arm-none-eabi/14.2.0/libgcc.a(_arm_addsubdf3.o)
__floatunsisf                                     /lib/gcc/arm-none-eabi/14.2.0/libgcc.a(_arm_addsubsf3.o)
__fp_lock_all                                     /usr/lib/gcc/arm-none-eabi/14.2.0/../../../../arm-none-eabi/lib/libc.a(libc_a-findfp.o)
__fp_unlock_all                                   /usr/lib/gcc/arm-none-eabi/14.2.0/../../../../arm-none-eabi/lib/libc.a(libc_a-findfp.o)
__gedf2                                           /lib/gcc/arm-none-eabi/14.2.0/libgcc.a(_arm_cmpdf2.o)
__gesf2                                           /lib/gcc/arm-none-eabi/14.2.0/libgcc.a(_arm_cmpsf2.o)
__global_locale                                   /usr/lib/gcc/arm-none-eabi/14.2.0/../../../../arm-none-eabi/lib/libc.a(libc_a-locale.o)
                                                  /usr/lib/gcc/arm-none-eabi/14.2.0/../../../../arm-none-eabi/lib/libc.a(libc_a-wctomb_r.o)
                                                  /usr/lib/gcc/arm-none-eabi/14.2.0/../../../../arm-none-eabi/lib/libc.a(libc_a-mbtowc_r.o)
                                                  /usr/lib/gcc/arm-none-eabi/14.2.0/../../../../arm-none-eabi/lib/libc.a(libc_a-localeconv.o)
__gtdf2                                           /lib/gcc/arm-none-eabi/14.2.0/libgcc.a(_arm_cmpdf2.o)
__gtsf2                                           /lib/gcc/arm-none-eabi/14.2.0/libgcc.a(_arm_cmpsf2.o)
__hi0bits                                         /usr/lib/gcc/arm-none-eabi/14.2.0/../../../../arm-none-eabi/lib/libc.a(libc_a-mprec.o)
                                                  /usr/lib/gcc/arm-none-eabi/14.2.0/../../../../arm-none-eabi/lib/libc.a(libc_a-dtoa.o)
__i2b                                             /usr/lib/gcc/arm-none-eabi/14.2.0/../../../../arm-none-eabi/lib/libc.a(libc_a-mprec.o)
                                                  /usr/lib/gcc/arm-none-eabi/14.2.0/../../../../arm-none-eabi/lib/libc.a(libc_a-dtoa.o)
__ieee754_atan2                                   /usr/lib/gcc/arm-none-eabi/14.2.0/../../../../arm-none-eabi/lib/libm.a(libm_a-e_atan2.o)
                                                  /usr/lib/gcc/arm-none-eabi/14.2.0/../../../../arm-none-eabi/lib/libm.a(libm_a-w_atan2.o)
__init_array_end                                  /usr/lib/gcc/arm-none-eabi/14.2.0/../../../../arm-none-eabi/lib/libc.a(libc_a-init.o)
__init_array_start                                /usr/lib/gcc/arm-none-eabi/14.2.0/../../../../arm-none-eabi/lib/libc.a(libc_a-init.o)
__ledf2                                           /lib/gcc/arm-none-eabi/14.2.0/libgcc.a(_arm_cmpdf2.o)
__lesf2                                           /lib/gcc/arm-none-eabi/14.2.0/libgcc.a(_arm_cmpsf2.o)
__libc_fini                                       /usr/lib/gcc/arm-none-eabi/14.2.0/../../../../arm-none-eabi/lib/libc.a(libc_a-__call_atexit.o)
__libc_fini_array                                 /usr/lib/gcc/arm-none-eabi/14.2.0/../../../../arm-none-eabi/lib/libc.a(libc_a-fini.o)
                                                  /usr/lib/gcc/arm-none-eabi/14.2.0/../../../../arm-none-eabi/lib/libc.a(libc_a-__call_atexit.o)
                                                  /usr/lib/gcc/arm-none-eabi/14.2.0/../../../../arm-none-eabi/lib/crt0.o